Component: ARM Compiler 5.06 update 6 (build 750) Tool: armlink [4d35ed]

==============================================================================

Section Cross References

    startup_stm32h743xx.o(RESET) refers to startup_stm32h743xx.o(STACK) for __initial_sp
    startup_stm32h743xx.o(RESET) refers to startup_stm32h743xx.o(.text) for Reset_Handler
    startup_stm32h743xx.o(RESET) refers to stm32h7xx_it.o(i.NMI_Handler) for NMI_Handler
    startup_stm32h743xx.o(RESET) refers to stm32h7xx_it.o(i.HardFault_Handler) for HardFault_Handler
    startup_stm32h743xx.o(RESET) refers to stm32h7xx_it.o(i.MemManage_Handler) for MemManage_Handler
    startup_stm32h743xx.o(RESET) refers to stm32h7xx_it.o(i.BusFault_Handler) for BusFault_Handler
    startup_stm32h743xx.o(RESET) refers to stm32h7xx_it.o(i.UsageFault_Handler) for UsageFault_Handler
    startup_stm32h743xx.o(RESET) refers to stm32h7xx_it.o(i.SVC_Handler) for SVC_Handler
    startup_stm32h743xx.o(RESET) refers to stm32h7xx_it.o(i.DebugMon_Handler) for DebugMon_Handler
    startup_stm32h743xx.o(RESET) refers to stm32h7xx_it.o(i.PendSV_Handler) for PendSV_Handler
    startup_stm32h743xx.o(RESET) refers to stm32h7xx_it.o(i.SysTick_Handler) for SysTick_Handler
    startup_stm32h743xx.o(RESET) refers to stm32h7xx_it.o(i.DMA1_Stream0_IRQHandler) for DMA1_Stream0_IRQHandler
    startup_stm32h743xx.o(RESET) refers to stm32h7xx_it.o(i.DMA1_Stream1_IRQHandler) for DMA1_Stream1_IRQHandler
    startup_stm32h743xx.o(RESET) refers to stm32h7xx_it.o(i.DMA1_Stream2_IRQHandler) for DMA1_Stream2_IRQHandler
    startup_stm32h743xx.o(RESET) refers to stm32h7xx_it.o(i.DMA1_Stream3_IRQHandler) for DMA1_Stream3_IRQHandler
    startup_stm32h743xx.o(RESET) refers to stm32h7xx_it.o(i.USART1_IRQHandler) for USART1_IRQHandler
    startup_stm32h743xx.o(RESET) refers to stm32h7xx_it.o(i.USART2_IRQHandler) for USART2_IRQHandler
    startup_stm32h743xx.o(RESET) refers to stm32h7xx_it.o(i.USART3_IRQHandler) for USART3_IRQHandler
    startup_stm32h743xx.o(RESET) refers to stm32h7xx_it.o(i.TIM6_DAC_IRQHandler) for TIM6_DAC_IRQHandler
    startup_stm32h743xx.o(.text) refers to system_stm32h7xx.o(i.SystemInit) for SystemInit
    startup_stm32h743xx.o(.text) refers to entry.o(.ARM.Collect$$$$00000000) for __main
    main.o(i.MPU_Config) refers to stm32h7xx_hal_cortex.o(i.HAL_MPU_Disable) for HAL_MPU_Disable
    main.o(i.MPU_Config) refers to stm32h7xx_hal_cortex.o(i.HAL_MPU_ConfigRegion) for HAL_MPU_ConfigRegion
    main.o(i.MPU_Config) refers to stm32h7xx_hal_cortex.o(i.HAL_MPU_Enable) for HAL_MPU_Enable
    main.o(i.PeriphCommonClock_Config) refers to memseta.o(.text) for __aeabi_memclr4
    main.o(i.PeriphCommonClock_Config) refers to stm32h7xx_hal_rcc_ex.o(i.HAL_RCCEx_PeriphCLKConfig) for HAL_RCCEx_PeriphCLKConfig
    main.o(i.PeriphCommonClock_Config) refers to main.o(i.Error_Handler) for Error_Handler
    main.o(i.SystemClock_Config) refers to memseta.o(.text) for __aeabi_memclr4
    main.o(i.SystemClock_Config) refers to stm32h7xx_hal_pwr_ex.o(i.HAL_PWREx_ConfigSupply) for HAL_PWREx_ConfigSupply
    main.o(i.SystemClock_Config) refers to stm32h7xx_hal_rcc.o(i.HAL_RCC_OscConfig) for HAL_RCC_OscConfig
    main.o(i.SystemClock_Config) refers to main.o(i.Error_Handler) for Error_Handler
    main.o(i.SystemClock_Config) refers to stm32h7xx_hal_rcc.o(i.HAL_RCC_ClockConfig) for HAL_RCC_ClockConfig
    main.o(i.main) refers to main.o(i.MPU_Config) for MPU_Config
    main.o(i.main) refers to stm32h7xx_hal.o(i.HAL_Init) for HAL_Init
    main.o(i.main) refers to main.o(i.SystemClock_Config) for SystemClock_Config
    main.o(i.main) refers to main.o(i.PeriphCommonClock_Config) for PeriphCommonClock_Config
    main.o(i.main) refers to gpio.o(i.MX_GPIO_Init) for MX_GPIO_Init
    main.o(i.main) refers to tim.o(i.MX_TIM1_Init) for MX_TIM1_Init
    main.o(i.main) refers to tim.o(i.MX_TIM2_Init) for MX_TIM2_Init
    main.o(i.main) refers to tim.o(i.MX_TIM3_Init) for MX_TIM3_Init
    main.o(i.main) refers to tim.o(i.MX_TIM4_Init) for MX_TIM4_Init
    main.o(i.main) refers to tim.o(i.MX_TIM5_Init) for MX_TIM5_Init
    main.o(i.main) refers to tim.o(i.MX_TIM6_Init) for MX_TIM6_Init
    main.o(i.main) refers to tim.o(i.MX_TIM8_Init) for MX_TIM8_Init
    main.o(i.main) refers to tim.o(i.MX_TIM12_Init) for MX_TIM12_Init
    main.o(i.main) refers to tim.o(i.MX_TIM13_Init) for MX_TIM13_Init
    main.o(i.main) refers to tim.o(i.MX_TIM14_Init) for MX_TIM14_Init
    main.o(i.main) refers to tim.o(i.MX_TIM15_Init) for MX_TIM15_Init
    main.o(i.main) refers to dma.o(i.MX_DMA_Init) for MX_DMA_Init
    main.o(i.main) refers to adc.o(i.MX_ADC1_Init) for MX_ADC1_Init
    main.o(i.main) refers to usart.o(i.MX_UART4_Init) for MX_UART4_Init
    main.o(i.main) refers to usart.o(i.MX_UART5_Init) for MX_UART5_Init
    main.o(i.main) refers to usart.o(i.MX_USART1_UART_Init) for MX_USART1_UART_Init
    main.o(i.main) refers to usart.o(i.MX_USART3_UART_Init) for MX_USART3_UART_Init
[...]
    _errno                                   0x24000314   Data           4  errno.o(.data)
    .bss                                     0x24000318   Section      440  adc.o(.bss)
    .bss                                     0x240004d0   Section      120  dma.o(.bss)
    .bss                                     0x24000548   Section      836  tim.o(.bss)
    .bss                                     0x2400088c   Section      992  usart.o(.bss)
    .bss                                     0x24000c6c   Section      528  control.o(.bss)
    .bss                                     0x24000e7c   Section      911  dataex.o(.bss)
    RxBuffer                                 0x240010df   Data          50  dataex.o(.bss)
    ucRxBuffer                               0x24001111   Data         250  dataex.o(.bss)
    .bss                                     0x2400120c   Section      216  motor.o(.bss)
    .bss                                     0x240012e4   Section     2576  fc_pid.o(.bss)
    .bss                                     0x24001cf4   Section    144048  inv_kine.o(.bss)
    STACK                                    0x24024fa8   Section     1024  startup_stm32h743xx.o(STACK)
    .RAM_D3                                  0x38000000   Section      319  main.o(.RAM_D3)

    Global Symbols

    Symbol Name                              Value     Ov Type        Size  Object(Section)

    BuildAttributes$$THM_ISAv4$E$P$D$K$B$S$7EM$VFPv5_D16$PE$PLD8$A:L22UL41UL21$X:L11$S22US41US21$IEEE1$IW$USESV6$~STKCKD$USESV7$~SHL$OTIME$ROPI$IEEEX$EBA8$MICROLIB$REQ8$PRES8$EABIv2 0x00000000   Number         0  anon$$obj.o ABSOLUTE
    __ARM_use_no_argv                        0x00000000   Number         0  main.o ABSOLUTE
    __cpp_initialize__aeabi_                  - Undefined Weak Reference
    __cxa_finalize                            - Undefined Weak Reference
    _clock_init                               - Undefined Weak Reference
    _microlib_exit                            - Undefined Weak Reference
    __Vectors_Size                           0x00000298   Number         0  startup_stm32h743xx.o ABSOLUTE
    __Vectors                                0x08000000   Data           4  startup_stm32h743xx.o(RESET)
    __Vectors_End                            0x08000298   Data           0  startup_stm32h743xx.o(RESET)
    __main                                   0x08000299   Thumb Code     0  entry.o(.ARM.Collect$$$$00000000)
    _main_stk                                0x08000299   Thumb Code     0  entry2.o(.ARM.Collect$$$$00000001)
    _main_scatterload                        0x0800029d   Thumb Code     0  entry5.o(.ARM.Collect$$$$00000004)
    __main_after_scatterload                 0x080002a1   Thumb Code     0  entry5.o(.ARM.Collect$$$$00000004)
    _main_clock                              0x080002a1   Thumb Code     0  entry7b.o(.ARM.Collect$$$$00000008)
    _main_cpp_init                           0x080002a1   Thumb Code     0  entry8b.o(.ARM.Collect$$$$0000000A)
    _main_init                               0x080002a1   Thumb Code     0  entry9a.o(.ARM.Collect$$$$0000000B)
    __rt_final_cpp                           0x080002a9   Thumb Code     0  entry10a.o(.ARM.Collect$$$$0000000D)
    __rt_final_exit                          0x080002a9   Thumb Code     0  entry11a.o(.ARM.Collect$$$$0000000F)
    Reset_Handler                            0x080002ad   Thumb Code     8  startup_stm32h743xx.o(.text)
    ADC3_IRQHandler                          0x080002c7   Thumb Code     0  startup_stm32h743xx.o(.text)
    ADC_IRQHandler                           0x080002c7   Thumb Code     0  startup_stm32h743xx.o(.text)
    BDMA_Channel0_IRQHandler                 0x080002c7   Thumb Code     0  startup_stm32h743xx.o(.text)
    BDMA_Channel1_IRQHandler                 0x080002c7   Thumb Code     0  startup_stm32h743xx.o(.text)
    BDMA_Channel2_IRQHandler                 0x080002c7   Thumb Code     0  startup_stm32h743xx.o(.text)
    BDMA_Channel3_IRQHandler                 0x080002c7   Thumb Code     0  startup_stm32h743xx.o(.text)
    BDMA_Channel4_IRQHandler                 0x080002c7   Thumb Code     0  startup_stm32h743xx.o(.text)
    BDMA_Channel5_IRQHandler                 0x080002c7   Thumb Code     0  startup_stm32h743xx.o(.text)
    BDMA_Channel6_IRQHandler                 0x080002c7   Thumb Code     0  startup_stm32h743xx.o(.text)
    BDMA_Channel7_IRQHandler                 0x080002c7   Thumb Code     0  startup_stm32h743xx.o(.text)
    CEC_IRQHandler                           0x080002c7   Thumb Code     0  startup_stm32h743xx.o(.text)
    COMP1_IRQHandler                         0x080002c7   Thumb Code     0  startup_stm32h743xx.o(.text)
    CRS_IRQHandler                           0x080002c7   Thumb Code     0  startup_stm32h743xx.o(.text)
    DCMI_IRQHandler                          0x080002c7   Thumb Code     0  startup_stm32h743xx.o(.text)
    DFSDM1_FLT0_IRQHandler                   0x080002c7   Thumb Code     0  startup_stm32h743xx.o(.text)
    DFSDM1_FLT1_IRQHandler                   0x080002c7   Thumb Code     0  startup_stm32h743xx.o(.text)
    DFSDM1_FLT2_IRQHandler                   0x080002c7   Thumb Code     0  startup_stm32h743xx.o(.text)
    DFSDM1_FLT3_IRQHandler                   0x080002c7   Thumb Code     0  startup_stm32h743xx.o(.text)
    DMA1_Stream4_IRQHandler                  0x080002c7   Thumb Code     0  startup_stm32h743xx.o(.text)
    DMA1_Stream5_IRQHandler                  0x080002c7   Thumb Code     0  startup_stm32h743xx.o(.text)
    DMA1_Stream6_IRQHandler                  0x080002c7   Thumb Code     0  startup_stm32h743xx.o(.text)
    DMA1_Stream7_IRQHandler                  0x080002c7   Thumb Code     0  startup_stm32h743xx.o(.text)
    DMA2D_IRQHandler                         0x080002c7   Thumb Code     0  startup_stm32h743xx.o(.text)
    DMA2_Stream0_IRQHandler                  0x080002c7   Thumb Code     0  startup_stm32h743xx.o(.text)
    DMA2_Stream1_IRQHandler                  0x080002c7   Thumb Code     0  startup_stm32h743xx.o(.text)
    DMA2_Stream2_IRQHandler                  0x080002c7   Thumb Code     0  startup_stm32h743xx.o(.text)
    DMA2_Stream3_IRQHandler                  0x080002c7   Thumb Code     0  startup_stm32h743xx.o(.text)
    DMA2_Stream4_IRQHandler                  0x080002c7   Thumb Code     0  startup_stm32h743xx.o(.text)
    DMA2_Stream5_IRQHandler                  0x080002c7   Thumb Code     0  startup_stm32h743xx.o(.text)
    DMA2_Stream6_IRQHandler                  0x080002c7   Thumb Code     0  startup_stm32h743xx.o(.text)
    DMA2_Stream7_IRQHandler                  0x080002c7   Thumb Code     0  startup_stm32h743xx.o(.text)
    DMAMUX1_OVR_IRQHandler                   0x080002c7   Thumb Code     0  startup_stm32h743xx.o(.text)
    DMAMUX2_OVR_IRQHandler                   0x080002c7   Thumb Code     0  startup_stm32h743xx.o(.text)
    ECC_IRQHandler                           0x080002c7   Thumb Code     0  startup_stm32h743xx.o(.text)
    ETH_IRQHandler                           0x080002c7   Thumb Code     0  startup_stm32h743xx.o(.text)
    ETH_WKUP_IRQHandler                      0x080002c7   Thumb Code     0  startup_stm32h743xx.o(.text)
    EXTI0_IRQHandler                         0x080002c7   Thumb Code     0  startup_stm32h743xx.o(.text)
    EXTI15_10_IRQHandler                     0x080002c7   Thumb Code     0  startup_stm32h743xx.o(.text)
    EXTI1_IRQHandler                         0x080002c7   Thumb Code     0  startup_stm32h743xx.o(.text)
    EXTI2_IRQHandler                         0x080002c7   Thumb Code     0  startup_stm32h743xx.o(.text)
    EXTI3_IRQHandler                         0x080002c7   Thumb Code     0  startup_stm32h743xx.o(.text)
    EXTI4_IRQHandler                         0x080002c7   Thumb Code     0  startup_stm32h743xx.o(.text)
    EXTI9_5_IRQHandler                       0x080002c7   Thumb Code     0  startup_stm32h743xx.o(.text)
    FDCAN1_IT0_IRQHandler                    0x080002c7   Thumb Code     0  startup_stm32h743xx.o(.text)
    FDCAN1_IT1_IRQHandler                    0x080002c7   Thumb Code     0  startup_stm32h743xx.o(.text)
    FDCAN2_IT0_IRQHandler                    0x080002c7   Thumb Code     0  startup_stm32h743xx.o(.text)
    FDCAN2_IT1_IRQHandler                    0x080002c7   Thumb Code     0  startup_stm32h743xx.o(.text)
    FDCAN_CAL_IRQHandler                     0x080002c7   Thumb Code     0  startup_stm32h743xx.o(.text)
    FLASH_IRQHandler                         0x080002c7   Thumb Code     0  startup_stm32h743xx.o(.text)
    FMC_IRQHandler                           0x080002c7   Thumb Code     0  startup_stm32h743xx.o(.text)
    FPU_IRQHandler                           0x080002c7   Thumb Code     0  startup_stm32h743xx.o(.text)
    HRTIM1_FLT_IRQHandler                    0x080002c7   Thumb Code     0  startup_stm32h743xx.o(.text)
    HRTIM1_Master_IRQHandler                 0x080002c7   Thumb Code     0  startup_stm32h743xx.o(.text)
    HRTIM1_TIMA_IRQHandler                   0x080002c7   Thumb Code     0  startup_stm32h743xx.o(.text)
    HRTIM1_TIMB_IRQHandler                   0x080002c7   Thumb Code     0  startup_stm32h743xx.o(.text)
    HRTIM1_TIMC_IRQHandler                   0x080002c7   Thumb Code     0  startup_stm32h743xx.o(.text)
    HRTIM1_TIMD_IRQHandler                   0x080002c7   Thumb Code     0  startup_stm32h743xx.o(.text)
    HRTIM1_TIME_IRQHandler                   0x080002c7   Thumb Code     0  startup_stm32h743xx.o(.text)
    HSEM1_IRQHandler                         0x080002c7   Thumb Code     0  startup_stm32h743xx.o(.text)
    I2C1_ER_IRQHandler                       0x080002c7   Thumb Code     0  startup_stm32h743xx.o(.text)
    I2C1_EV_IRQHandler                       0x080002c7   Thumb Code     0  startup_stm32h743xx.o(.text)
    I2C2_ER_IRQHandler                       0x080002c7   Thumb Code     0  startup_stm32h743xx.o(.text)
    I2C2_EV_IRQHandler                       0x080002c7   Thumb Code     0  startup_stm32h743xx.o(.text)
    I2C3_ER_IRQHandler                       0x080002c7   Thumb Code     0  startup_stm32h743xx.o(.text)
    I2C3_EV_IRQHandler                       0x080002c7   Thumb Code     0  startup_stm32h743xx.o(.text)
    I2C4_ER_IRQHandler                       0x080002c7   Thumb Code     0  startup_stm32h743xx.o(.text)
    I2C4_EV_IRQHandler                       0x080002c7   Thumb Code     0  startup_stm32h743xx.o(.text)
    JPEG_IRQHandler                          0x080002c7   Thumb Code     0  startup_stm32h743xx.o(.text)
    LPTIM1_IRQHandler                        0x080002c7   Thumb Code     0  startup_stm32h743xx.o(.text)
    LPTIM2_IRQHandler                        0x080002c7   Thumb Code     0  startup_stm32h743xx.o(.text)
    LPTIM3_IRQHandler                        0x080002c7   Thumb Code     0  startup_stm32h743xx.o(.text)
    LPTIM4_IRQHandler                        0x080002c7   Thumb Code     0  startup_stm32h743xx.o(.text)
    LPTIM5_IRQHandler                        0x080002c7   Thumb Code     0  startup_stm32h743xx.o(.text)
    LPUART1_IRQHandler                       0x080002c7   Thumb Code     0  startup_stm32h743xx.o(.text)
    LTDC_ER_IRQHandler                       0x080002c7   Thumb Code     0  startup_stm32h743xx.o(.text)
    LTDC_IRQHandler                          0x080002c7   Thumb Code     0  startup_stm32h743xx.o(.text)
    MDIOS_IRQHandler                         0x080002c7   Thumb Code     0  startup_stm32h743xx.o(.text)
    MDIOS_WKUP_IRQHandler                    0x080002c7   Thumb Code     0  startup_stm32h743xx.o(.text)
    MDMA_IRQHandler                          0x080002c7   Thumb Code     0  startup_stm32h743xx.o(.text)
    OTG_FS_EP1_IN_IRQHandler                 0x080002c7   Thumb Code     0  startup_stm32h743xx.o(.text)
    OTG_FS_EP1_OUT_IRQHandler                0x080002c7   Thumb Code     0  startup_stm32h743xx.o(.text)
    OTG_FS_IRQHandler                        0x080002c7   Thumb Code     0  startup_stm32h743xx.o(.text)
    OTG_FS_WKUP_IRQHandler                   0x080002c7   Thumb Code     0  startup_stm32h743xx.o(.text)
    OTG_HS_EP1_IN_IRQHandler                 0x080002c7   Thumb Code     0  startup_stm32h743xx.o(.text)
    OTG_HS_EP1_OUT_IRQHandler                0x080002c7   Thumb Code     0  startup_stm32h743xx.o(.text)
    OTG_HS_IRQHandler                        0x080002c7   Thumb Code     0  startup_stm32h743xx.o(.text)
    OTG_HS_WKUP_IRQHandler                   0x080002c7   Thumb Code     0  startup_stm32h743xx.o(.text)
    PVD_AVD_IRQHandler                       0x080002c7   Thumb Code     0  startup_stm32h743xx.o(.text)
    QUADSPI_IRQHandler                       0x080002c7   Thumb Code     0  startup_stm32h743xx.o(.text)
    RCC_IRQHandler                           0x080002c7   Thumb Code     0  startup_stm32h743xx.o(.text)
    RNG_IRQHandler                           0x080002c7   Thumb Code     0  startup_stm32h743xx.o(.text)
    RTC_Alarm_IRQHandler                     0x080002c7   Thumb Code     0  startup_stm32h743xx.o(.text)
    RTC_WKUP_IRQHandler                      0x080002c7   Thumb Code     0  startup_stm32h743xx.o(.text)
    SAI1_IRQHandler                          0x080002c7   Thumb Code     0  startup_stm32h743xx.o(.text)
    SAI2_IRQHandler                          0x080002c7   Thumb Code     0  startup_stm32h743xx.o(.text)
    SAI3_IRQHandler                          0x080002c7   Thumb Code     0  startup_stm32h743xx.o(.text)
    SAI4_IRQHandler                          0x080002c7   Thumb Code     0  startup_stm32h743xx.o(.text)
    SDMMC1_IRQHandler                        0x080002c7   Thumb Code     0  startup_stm32h743xx.o(.text)
    SDMMC2_IRQHandler                        0x080002c7   Thumb Code     0  startup_stm32h743xx.o(.text)
    SPDIF_RX_IRQHandler                      0x080002c7   Thumb Code     0  startup_stm32h743xx.o(.text)
    SPI1_IRQHandler                          0x080002c7   Thumb Code     0  startup_stm32h743xx.o(.text)
    SPI2_IRQHandler                          0x080002c7   Thumb Code     0  startup_stm32h743xx.o(.text)
    SPI3_IRQHandler                          0x080002c7   Thumb Code     0  startup_stm32h743xx.o(.text)
    SPI4_IRQHandler                          0x080002c7   Thumb Code     0  startup_stm32h743xx.o(.text)
    SPI5_IRQHandler                          0x080002c7   Thumb Code     0  startup_stm32h743xx.o(.text)
    SPI6_IRQHandler                          0x080002c7   Thumb Code     0  startup_stm32h743xx.o(.text)
    SWPMI1_IRQHandler                        0x080002c7   Thumb Code     0  startup_stm32h743xx.o(.text)
    TAMP_STAMP_IRQHandler                    0x080002c7   Thumb Code     0  startup_stm32h743xx.o(.text)
    TIM15_IRQHandler                         0x080002c7   Thumb Code     0  startup_stm32h743xx.o(.text)
    TIM16_IRQHandler                         0x080002c7   Thumb Code     0  startup_stm32h743xx.o(.text)
    TIM17_IRQHandler                         0x080002c7   Thumb Code     0  startup_stm32h743xx.o(.text)
    TIM1_BRK_IRQHandler                      0x080002c7   Thumb Code     0  startup_stm32h743xx.o(.text)
    TIM1_CC_IRQHandler                       0x080002c7   Thumb Code     0  startup_stm32h743xx.o(.text)
    TIM1_TRG_COM_IRQHandler                  0x080002c7   Thumb Code     0  startup_stm32h743xx.o(.text)
    TIM1_UP_IRQHandler                       0x080002c7   Thumb Code     0  startup_stm32h743xx.o(.text)
    TIM2_IRQHandler                          0x080002c7   Thumb Code     0  startup_stm32h743xx.o(.text)
    TIM3_IRQHandler                          0x080002c7   Thumb Code     0  startup_stm32h743xx.o(.text)
    TIM4_IRQHandler                          0x080002c7   Thumb Code     0  startup_stm32h743xx.o(.text)
    TIM5_IRQHandler                          0x080002c7   Thumb Code     0  startup_stm32h743xx.o(.text)
    TIM7_IRQHandler                          0x080002c7   Thumb Code     0  startup_stm32h743xx.o(.text)
    TIM8_BRK_TIM12_IRQHandler                0x080002c7   Thumb Code     0  startup_stm32h743xx.o(.text)
    TIM8_CC_IRQHandler                       0x080002c7   Thumb Code     0  startup_stm32h743xx.o(.text)
    TIM8_TRG_COM_TIM14_IRQHandler            0x080002c7   Thumb Code     0  startup_stm32h743xx.o(.text)
    TIM8_UP_TIM13_IRQHandler                 0x080002c7   Thumb Code     0  startup_stm32h743xx.o(.text)
    UART4_IRQHandler                         0x080002c7   Thumb Code     0  startup_stm32h743xx.o(.text)
    UART5_IRQHandler                         0x080002c7   Thumb Code     0  startup_stm32h743xx.o(.text)
    UART7_IRQHandler                         0x080002c7   Thumb Code     0  startup_stm32h743xx.o(.text)
    UART8_IRQHandler                         0x080002c7   Thumb Code     0  startup_stm32h743xx.o(.text)
    USART6_IRQHandler                        0x080002c7   Thumb Code     0  startup_stm32h743xx.o(.text)
    WAKEUP_PIN_IRQHandler                    0x080002c7   Thumb Code     0  startup_stm32h743xx.o(.text)
    WWDG_IRQHandler                          0x080002c7   Thumb Code     0  startup_stm32h743xx.o(.text)
    __aeabi_uldivmod                         0x080002d1   Thumb Code    98  uldiv.o(.text)
    __aeabi_memcpy                           0x08000333   Thumb Code    36  memcpya.o(.text)
    __aeabi_memcpy4                          0x08000333   Thumb Code     0  memcpya.o(.text)
    __aeabi_memcpy8                          0x08000333   Thumb Code     0  memcpya.o(.text)
    __aeabi_memset                           0x08000357   Thumb Code    14  memseta.o(.text)
    __aeabi_memset4                          0x08000357   Thumb Code     0  memseta.o(.text)
    __aeabi_memset8                          0x08000357   Thumb Code     0  memseta.o(.text)
    __aeabi_memclr                           0x08000365   Thumb Code     4  memseta.o(.text)
    __aeabi_memclr4                          0x08000365   Thumb Code     0  memseta.o(.text)
    __aeabi_memclr8                          0x08000365   Thumb Code     0  memseta.o(.text)
    _memset$wrapper                          0x08000369   Thumb Code    18  memseta.o(.text)
    __aeabi_llsl                             0x0800037b   Thumb Code    30  llshl.o(.text)
    _ll_shift_l                              0x0800037b   Thumb Code     0  llshl.o(.text)
    __aeabi_llsr                             0x08000399   Thumb Code    32  llushr.o(.text)
    _ll_ushift_r                             0x08000399   Thumb Code     0  llushr.o(.text)
    __I$use$fp                               0x080003b9   Thumb Code     0  iusefp.o(.text)
    __scatterload                            0x080003b9   Thumb Code    28  init.o(.text)
    __scatterload_rt2                        0x080003b9   Thumb Code     0  init.o(.text)
    __decompress                             0x080003dd   Thumb Code     0  __dczerorl2.o(.text)
    __decompress1                            0x080003dd   Thumb Code    86  __dczerorl2.o(.text)
    ADC_ConfigureBoostMode                   0x08000435   Thumb Code   320  stm32h7xx_hal_adc.o(i.ADC_ConfigureBoostMode)
    ADC_DMAConvCplt                          0x08000595   Thumb Code   146  stm32h7xx_hal_adc.o(i.ADC_DMAConvCplt)
    ADC_DMAError                             0x08000627   Thumb Code    30  stm32h7xx_hal_adc.o(i.ADC_DMAError)
    ADC_DMAHalfConvCplt                      0x08000645   Thumb Code    14  stm32h7xx_hal_adc.o(i.ADC_DMAHalfConvCplt)
    ADC_Disable                              0x08000655   Thumb Code   142  stm32h7xx_hal_adc.o(i.ADC_Disable)
    ADC_Enable                               0x080006e9   Thumb Code   182  stm32h7xx_hal_adc.o(i.ADC_Enable)
    Angle_and_Speed_caculate                 0x080007b5   Thumb Code   150  motor.o(i.Angle_and_Speed_caculate)
    BusFault_Handler                         0x08000861   Thumb Code     4  stm32h7xx_it.o(i.BusFault_Handler)
    Check_Back                               0x08000865   Thumb Code   384  dataex.o(i.Check_Back)
    Control_FC_update                        0x08000a15   Thumb Code  1968  fc_pid.o(i.Control_FC_update)
    Control_Init                             0x08001229   Thumb Code    40  control.o(i.Control_Init)
    Current_updata                           0x08001269   Thumb Code  1284  dataex.o(i.Current_updata)
    DMA1_Stream0_IRQHandler                  0x08001779   Thumb Code    10  stm32h7xx_it.o(i.DMA1_Stream0_IRQHandler)
    DMA1_Stream1_IRQHandler                  0x08001789   Thumb Code    10  stm32h7xx_it.o(i.DMA1_Stream1_IRQHandler)
    DMA1_Stream2_IRQHandler                  0x08001799   Thumb Code    10  stm32h7xx_it.o(i.DMA1_Stream2_IRQHandler)
    DMA1_Stream3_IRQHandler                  0x080017a9   Thumb Code    10  stm32h7xx_it.o(i.DMA1_Stream3_IRQHandler)
    Data_Exchange                            0x08001d25   Thumb Code   510  dataex.o(i.Data_Exchange)
    DebugMon_Handler                         0x08001f6d   Thumb Code     2  stm32h7xx_it.o(i.DebugMon_Handler)
    Delay_10ms                               0x08001f6f   Thumb Code    18  key.o(i.Delay_10ms)
    Encoder_value_updata                     0x08001f81   Thumb Code    54  dataex.o(i.Encoder_value_updata)
    Error_Handler                            0x08001fe5   Thumb Code     6  main.o(i.Error_Handler)
    FC_PD_Target_update                      0x08001fed   Thumb Code   598  fc_pid.o(i.FC_PD_Target_update)
    FC_qiankui_Caculate                      0x0800227d   Thumb Code   172  fc_pid.o(i.FC_qiankui_Caculate)
    Fuzzy_controller_realize                 0x08002359   Thumb Code   430  fc_pid.o(i.Fuzzy_controller_realize)
    Fuzzy_controller_setMf                   0x08002515   Thumb Code   104  fc_pid.o(i.Fuzzy_controller_setMf)
    Fuzzy_controller_setRule                 0x0800257d   Thumb Code    52  fc_pid.o(i.Fuzzy_controller_setRule)
    Fuzzy_controller_trimf                   0x080025b1   Thumb Code    94  fc_pid.o(i.Fuzzy_controller_trimf)
    HAL_ADCEx_Calibration_Start              0x08002615   Thumb Code   174  stm32h7xx_hal_adc_ex.o(i.HAL_ADCEx_Calibration_Start)
    HAL_ADCEx_MultiModeConfigChannel         0x080026cd   Thumb Code   336  stm32h7xx_hal_adc_ex.o(i.HAL_ADCEx_MultiModeConfigChannel)
    HAL_ADC_ConfigChannel                    0x08002831   Thumb Code  1306  stm32h7xx_hal_adc.o(i.HAL_ADC_ConfigChannel)
    HAL_ADC_ConvCpltCallback                 0x08002d75   Thumb Code     2  stm32h7xx_hal_adc.o(i.HAL_ADC_ConvCpltCallback)
    HAL_ADC_ConvHalfCpltCallback             0x08002d77   Thumb Code     2  stm32h7xx_hal_adc.o(i.HAL_ADC_ConvHalfCpltCallback)
    HAL_ADC_ErrorCallback                    0x08002d79   Thumb Code     2  stm32h7xx_hal_adc.o(i.HAL_ADC_ErrorCallback)
    HAL_ADC_Init                             0x08002d7d   Thumb Code   608  stm32h7xx_hal_adc.o(i.HAL_ADC_Init)
    HAL_ADC_MspInit                          0x08003009   Thumb Code   404  adc.o(i.HAL_ADC_MspInit)
    HAL_ADC_Start_DMA                        0x080031c1   Thumb Code   278  stm32h7xx_hal_adc.o(i.HAL_ADC_Start_DMA)
    HAL_DMA_Abort                            0x080032f5   Thumb Code  1236  stm32h7xx_hal_dma.o(i.HAL_DMA_Abort)
    HAL_DMA_Abort_IT                         0x080037d1   Thumb Code   906  stm32h7xx_hal_dma.o(i.HAL_DMA_Abort_IT)
    HAL_DMA_IRQHandler                       0x08003b69   Thumb Code  2798  stm32h7xx_hal_dma.o(i.HAL_DMA_IRQHandler)
    HAL_DMA_Init                             0x08004661   Thumb Code  1304  stm32h7xx_hal_dma.o(i.HAL_DMA_Init)
    HAL_DMA_Start_IT                         0x08004b81   Thumb Code   980  stm32h7xx_hal_dma.o(i.HAL_DMA_Start_IT)
    HAL_Delay                                0x08004f61   Thumb Code    36  stm32h7xx_hal.o(i.HAL_Delay)
    HAL_GPIO_Init                            0x08004f89   Thumb Code   456  stm32h7xx_hal_gpio.o(i.HAL_GPIO_Init)
    HAL_GPIO_ReadPin                         0x08005185   Thumb Code    16  stm32h7xx_hal_gpio.o(i.HAL_GPIO_ReadPin)
    HAL_GPIO_TogglePin                       0x08005195   Thumb Code    20  stm32h7xx_hal_gpio.o(i.HAL_GPIO_TogglePin)
    HAL_GPIO_WritePin                        0x080051a9   Thumb Code    12  stm32h7xx_hal_gpio.o(i.HAL_GPIO_WritePin)
    HAL_GetREVID                             0x080051b5   Thumb Code     8  stm32h7xx_hal.o(i.HAL_GetREVID)
    HAL_GetTick                              0x080051c1   Thumb Code     6  stm32h7xx_hal.o(i.HAL_GetTick)
    HAL_IncTick                              0x080051cd   Thumb Code    16  stm32h7xx_hal.o(i.HAL_IncTick)
    HAL_Init                                 0x080051e5   Thumb Code    80  stm32h7xx_hal.o(i.HAL_Init)
    HAL_InitTick                             0x08005245   Thumb Code    74  stm32h7xx_hal.o(i.HAL_InitTick)
    HAL_MPU_ConfigRegion                     0x0800529d   Thumb Code    88  stm32h7xx_hal_cortex.o(i.HAL_MPU_ConfigRegion)
    HAL_MPU_Disable                          0x080052f9   Thumb Code    38  stm32h7xx_hal_cortex.o(i.HAL_MPU_Disable)
    HAL_MPU_Enable                           0x08005325   Thumb Code    58  stm32h7xx_hal_cortex.o(i.HAL_MPU_Enable)
    HAL_MspInit                              0x08005365   Thumb Code    32  stm32h7xx_hal_msp.o(i.HAL_MspInit)
    HAL_NVIC_EnableIRQ                       0x08005389   Thumb Code    40  stm32h7xx_hal_cortex.o(i.HAL_NVIC_EnableIRQ)
    HAL_NVIC_SetPriority                     0x080053b1   Thumb Code   122  stm32h7xx_hal_cortex.o(i.HAL_NVIC_SetPriority)
    HAL_NVIC_SetPriorityGrouping             0x0800542d   Thumb Code    32  stm32h7xx_hal_cortex.o(i.HAL_NVIC_SetPriorityGrouping)
    HAL_PWREx_ConfigSupply                   0x08005455   Thumb Code    90  stm32h7xx_hal_pwr_ex.o(i.HAL_PWREx_ConfigSupply)
    HAL_RCCEx_GetD3PCLK1Freq                 0x080054b5   Thumb Code    26  stm32h7xx_hal_rcc_ex.o(i.HAL_RCCEx_GetD3PCLK1Freq)
    HAL_RCCEx_GetPLL1ClockFreq               0x080054d9   Thumb Code   536  stm32h7xx_hal_rcc_ex.o(i.HAL_RCCEx_GetPLL1ClockFreq)
    HAL_RCCEx_GetPLL2ClockFreq               0x08005709   Thumb Code   536  stm32h7xx_hal_rcc_ex.o(i.HAL_RCCEx_GetPLL2ClockFreq)
    HAL_RCCEx_GetPLL3ClockFreq               0x08005939   Thumb Code   536  stm32h7xx_hal_rcc_ex.o(i.HAL_RCCEx_GetPLL3ClockFreq)
    HAL_RCCEx_GetPeriphCLKFreq               0x08005b69   Thumb Code  1856  stm32h7xx_hal_rcc_ex.o(i.HAL_RCCEx_GetPeriphCLKFreq)
    HAL_RCCEx_PeriphCLKConfig                0x080062bd   Thumb Code  2910  stm32h7xx_hal_rcc_ex.o(i.HAL_RCCEx_PeriphCLKConfig)
    HAL_RCC_ClockConfig                      0x08006e21   Thumb Code   774  stm32h7xx_hal_rcc.o(i.HAL_RCC_ClockConfig)
    HAL_RCC_GetHCLKFreq                      0x08007141   Thumb Code    60  stm32h7xx_hal_rcc.o(i.HAL_RCC_GetHCLKFreq)
    HAL_RCC_GetPCLK1Freq                     0x0800718d   Thumb Code    26  stm32h7xx_hal_rcc.o(i.HAL_RCC_GetPCLK1Freq)
    HAL_RCC_GetPCLK2Freq                     0x080071b1   Thumb Code    26  stm32h7xx_hal_rcc.o(i.HAL_RCC_GetPCLK2Freq)
    HAL_RCC_GetSysClockFreq                  0x080071d5   Thumb Code   524  stm32h7xx_hal_rcc.o(i.HAL_RCC_GetSysClockFreq)
    HAL_RCC_OscConfig                        0x08007401   Thumb Code  2048  stm32h7xx_hal_rcc.o(i.HAL_RCC_OscConfig)
    HAL_SYSCFG_AnalogSwitchConfig            0x08007c01   Thumb Code    14  stm32h7xx_hal.o(i.HAL_SYSCFG_AnalogSwitchConfig)
    HAL_SYSTICK_Config                       0x08007c15   Thumb Code    52  stm32h7xx_hal_cortex.o(i.HAL_SYSTICK_Config)
    HAL_TIMEx_Break2Callback                 0x08007c49   Thumb Code     2  stm32h7xx_hal_tim_ex.o(i.HAL_TIMEx_Break2Callback)
    HAL_TIMEx_BreakCallback                  0x08007c4b   Thumb Code     2  stm32h7xx_hal_tim_ex.o(i.HAL_TIMEx_BreakCallback)
    HAL_TIMEx_CommutCallback                 0x08007c4d   Thumb Code     2  stm32h7xx_hal_tim_ex.o(i.HAL_TIMEx_CommutCallback)
    HAL_TIMEx_ConfigBreakDeadTime            0x08007c51   Thumb Code   172  stm32h7xx_hal_tim_ex.o(i.HAL_TIMEx_ConfigBreakDeadTime)
    HAL_TIMEx_MasterConfigSynchronization    0x08007d05   Thumb Code   174  stm32h7xx_hal_tim_ex.o(i.HAL_TIMEx_MasterConfigSynchronization)
    HAL_TIM_Base_Init                        0x08007dd1   Thumb Code   110  stm32h7xx_hal_tim.o(i.HAL_TIM_Base_Init)
    HAL_TIM_Base_MspInit                     0x08007e41   Thumb Code   208  tim.o(i.HAL_TIM_Base_MspInit)
    HAL_TIM_Base_Start_IT                    0x08007f29   Thumb Code   146  stm32h7xx_hal_tim.o(i.HAL_TIM_Base_Start_IT)
    HAL_TIM_ConfigClockSource                0x08007fdd   Thumb Code   304  stm32h7xx_hal_tim.o(i.HAL_TIM_ConfigClockSource)
    HAL_TIM_Encoder_Init                     0x08008111   Thumb Code   198  stm32h7xx_hal_tim.o(i.HAL_TIM_Encoder_Init)
    HAL_TIM_Encoder_MspInit                  0x080081dd   Thumb Code   666  tim.o(i.HAL_TIM_Encoder_MspInit)
    HAL_TIM_Encoder_Start                    0x080084a5   Thumb Code   204  stm32h7xx_hal_tim.o(i.HAL_TIM_Encoder_Start)
    HAL_TIM_IC_CaptureCallback               0x08008571   Thumb Code     2  stm32h7xx_hal_tim.o(i.HAL_TIM_IC_CaptureCallback)
    HAL_TIM_IRQHandler                       0x08008573   Thumb Code   440  stm32h7xx_hal_tim.o(i.HAL_TIM_IRQHandler)
    HAL_TIM_MspPostInit                      0x0800872d   Thumb Code   274  tim.o(i.HAL_TIM_MspPostInit)
    HAL_TIM_OC_DelayElapsedCallback          0x08008861   Thumb Code     2  stm32h7xx_hal_tim.o(i.HAL_TIM_OC_DelayElapsedCallback)
    HAL_TIM_PWM_ConfigChannel                0x08008863   Thumb Code   368  stm32h7xx_hal_tim.o(i.HAL_TIM_PWM_ConfigChannel)
    HAL_TIM_PWM_Init                         0x080089d3   Thumb Code   110  stm32h7xx_hal_tim.o(i.HAL_TIM_PWM_Init)
    HAL_TIM_PWM_MspInit                      0x08008a41   Thumb Code     2  stm32h7xx_hal_tim.o(i.HAL_TIM_PWM_MspInit)
    HAL_TIM_PWM_PulseFinishedCallback        0x08008a43   Thumb Code     2  stm32h7xx_hal_tim.o(i.HAL_TIM_PWM_PulseFinishedCallback)
    HAL_TIM_PWM_Start                        0x08008a45   Thumb Code   314  stm32h7xx_hal_tim.o(i.HAL_TIM_PWM_Start)
    HAL_TIM_PeriodElapsedCallback            0x08008ba9   Thumb Code    24  tim.o(i.HAL_TIM_PeriodElapsedCallback)
    HAL_TIM_TriggerCallback                  0x08008bc9   Thumb Code     2  stm32h7xx_hal_tim.o(i.HAL_TIM_TriggerCallback)
    HAL_UARTEx_DisableFifoMode               0x08008bcb   Thumb Code    78  stm32h7xx_hal_uart_ex.o(i.HAL_UARTEx_DisableFifoMode)
    HAL_UARTEx_RxEventCallback               0x08008c19   Thumb Code     2  stm32h7xx_hal_uart.o(i.HAL_UARTEx_RxEventCallback)
    HAL_UARTEx_RxFifoFullCallback            0x08008c1b   Thumb Code     2  stm32h7xx_hal_uart_ex.o(i.HAL_UARTEx_RxFifoFullCallback)
    HAL_UARTEx_SetRxFifoThreshold            0x08008c1d   Thumb Code    94  stm32h7xx_hal_uart_ex.o(i.HAL_UARTEx_SetRxFifoThreshold)
    HAL_UARTEx_SetTxFifoThreshold            0x08008c7b   Thumb Code    94  stm32h7xx_hal_uart_ex.o(i.HAL_UARTEx_SetTxFifoThreshold)
    HAL_UARTEx_TxFifoEmptyCallback           0x08008cd9   Thumb Code     2  stm32h7xx_hal_uart_ex.o(i.HAL_UARTEx_TxFifoEmptyCallback)
    HAL_UARTEx_WakeupCallback                0x08008cdb   Thumb Code     2  stm32h7xx_hal_uart_ex.o(i.HAL_UARTEx_WakeupCallback)
    HAL_UART_ErrorCallback                   0x08008cdd   Thumb Code     2  stm32h7xx_hal_uart.o(i.HAL_UART_ErrorCallback)
    HAL_UART_IRQHandler                      0x08008ce1   Thumb Code  1112  stm32h7xx_hal_uart.o(i.HAL_UART_IRQHandler)
    HAL_UART_Init                            0x08009139   Thumb Code   120  stm32h7xx_hal_uart.o(i.HAL_UART_Init)
    HAL_UART_MspInit                         0x080091b1   Thumb Code   784  usart.o(i.HAL_UART_MspInit)
    HAL_UART_Receive_IT                      0x080094ed   Thumb Code   110  stm32h7xx_hal_uart.o(i.HAL_UART_Receive_IT)
    HAL_UART_RxCpltCallback                  0x08009561   Thumb Code    32  usart.o(i.HAL_UART_RxCpltCallback)
    HAL_UART_Transmit                        0x0800958d   Thumb Code   214  stm32h7xx_hal_uart.o(i.HAL_UART_Transmit)
    HAL_UART_Transmit_DMA                    0x08009665   Thumb Code   190  stm32h7xx_hal_uart.o(i.HAL_UART_Transmit_DMA)
    HAL_UART_TxCpltCallback                  0x08009731   Thumb Code     2  stm32h7xx_hal_uart.o(i.HAL_UART_TxCpltCallback)
    HAL_UART_TxHalfCpltCallback              0x08009733   Thumb Code     2  stm32h7xx_hal_uart.o(i.HAL_UART_TxHalfCpltCallback)
    HardFault_Handler                        0x08009735   Thumb Code     4  stm32h7xx_it.o(i.HardFault_Handler)
    Inv_Kine_Caculator                       0x08009739   Thumb Code   686  inv_kine.o(i.Inv_Kine_Caculator)
    Key_switch                               0x08009a09   Thumb Code   132  key.o(i.Key_switch)
    MX_ADC1_Init                             0x08009bb5   Thumb Code   314  adc.o(i.MX_ADC1_Init)
    MX_ADC3_Init                             0x08009d11   Thumb Code   194  adc.o(i.MX_ADC3_Init)
    MX_DMA_Init                              0x08009de5   Thumb Code   154  dma.o(i.MX_DMA_Init)
    MX_GPIO_Init                             0x08009e8d   Thumb Code   296  gpio.o(i.MX_GPIO_Init)
    MX_TIM12_Init                            0x08009fc5   Thumb Code   148  tim.o(i.MX_TIM12_Init)
    MX_TIM13_Init                            0x0800a061   Thumb Code   102  tim.o(i.MX_TIM13_Init)
    MX_TIM14_Init                            0x0800a0d1   Thumb Code   102  tim.o(i.MX_TIM14_Init)
    MX_TIM15_Init                            0x0800a141   Thumb Code   234  tim.o(i.MX_TIM15_Init)
    MX_TIM1_Init                             0x0800a235   Thumb Code   136  tim.o(i.MX_TIM1_Init)
    MX_TIM2_Init                             0x0800a2c5   Thumb Code   136  tim.o(i.MX_TIM2_Init)
    MX_TIM3_Init                             0x0800a351   Thumb Code   134  tim.o(i.MX_TIM3_Init)
    MX_TIM4_Init                             0x0800a3e1   Thumb Code   134  tim.o(i.MX_TIM4_Init)
    MX_TIM5_Init                             0x0800a471   Thumb Code   134  tim.o(i.MX_TIM5_Init)
    MX_TIM6_Init                             0x0800a501   Thumb Code    68  tim.o(i.MX_TIM6_Init)
    MX_TIM8_Init                             0x0800a54d   Thumb Code   138  tim.o(i.MX_TIM8_Init)
    MX_UART4_Init                            0x0800a5e1   Thumb Code    98  usart.o(i.MX_UART4_Init)
    MX_UART5_Init                            0x0800a64d   Thumb Code    98  usart.o(i.MX_UART5_Init)
    MX_USART1_UART_Init                      0x0800a6b9   Thumb Code   108  usart.o(i.MX_USART1_UART_Init)
    MX_USART2_UART_Init                      0x0800a731   Thumb Code    98  usart.o(i.MX_USART2_UART_Init)
    MX_USART3_UART_Init                      0x0800a79d   Thumb Code   112  usart.o(i.MX_USART3_UART_Init)
    MemManage_Handler                        0x0800a819   Thumb Code     4  stm32h7xx_it.o(i.MemManage_Handler)
    Motor1_driver_ctrl                       0x0800a81d   Thumb Code   144  motor.o(i.Motor1_driver_ctrl)
    Motor2_driver_ctrl                       0x0800a8b9   Thumb Code   144  motor.o(i.Motor2_driver_ctrl)
    Motor3_driver_ctrl                       0x0800a955   Thumb Code   144  motor.o(i.Motor3_driver_ctrl)
    Motor4_driver_ctrl                       0x0800a9f1   Thumb Code   144  motor.o(i.Motor4_driver_ctrl)
    Motor5_driver_ctrl                       0x0800aa8d   Thumb Code   148  motor.o(i.Motor5_driver_ctrl)
    Motor6_driver_ctrl                       0x0800ab2d   Thumb Code   148  motor.o(i.Motor6_driver_ctrl)
    Motor_AdustedFlag_from_PC                0x0800abcd   Thumb Code   108  key.o(i.Motor_AdustedFlag_from_PC)
    Motor_Adusted_from_PC                    0x0800ac51   Thumb Code   332  key.o(i.Motor_Adusted_from_PC)
    Motor_Enable                             0x0800adbd   Thumb Code   240  dataex.o(i.Motor_Enable)
    Motor_Init                               0x0800aecd   Thumb Code   116  motor.o(i.Motor_Init)
    Motor_x_control_pid_Init                 0x0800af5d   Thumb Code    66  control.o(i.Motor_x_control_pid_Init)
    Motor_x_control_pid_PWM                  0x0800afa5   Thumb Code   364  control.o(i.Motor_x_control_pid_PWM)
    Motorx_Ctrl                              0x0800b121   Thumb Code   258  motor.o(i.Motorx_Ctrl)
    NMI_Handler                              0x0800b23d   Thumb Code     4  stm32h7xx_it.o(i.NMI_Handler)
    PendSV_Handler                           0x0800b241   Thumb Code     2  stm32h7xx_it.o(i.PendSV_Handler)
    PeriphCommonClock_Config                 0x0800b243   Thumb Code    68  main.o(i.PeriphCommonClock_Config)
    Pid_Set                                  0x0800b287   Thumb Code    14  control.o(i.Pid_Set)
    Qiankui_Caculate                         0x0800b295   Thumb Code   106  qiankui.o(i.Qiankui_Caculate)
    Qiankui_ParaUpdate                       0x0800b321   Thumb Code    42  qiankui.o(i.Qiankui_ParaUpdate)
    Received_data_check                      0x0800b615   Thumb Code   252  dataex.o(i.Received_data_check)
    Received_data_progress                   0x0800b72d   Thumb Code   646  dataex.o(i.Received_data_progress)
    SVC_Handler                              0x0800ba05   Thumb Code     2  stm32h7xx_it.o(i.SVC_Handler)
    Send_Data2New_NiMing                     0x0800ba09   Thumb Code  1576  dataex.o(i.Send_Data2New_NiMing)
    Send_Data2PC                             0x0800c051   Thumb Code   954  dataex.o(i.Send_Data2PC)
    Send_PID1_to_PC                          0x0800c42d   Thumb Code   490  dataex.o(i.Send_PID1_to_PC)
    Send_PID2_to_PC                          0x0800c62d   Thumb Code   490  dataex.o(i.Send_PID2_to_PC)
    ShouDongNeiWaiXuan_Function              0x0800c82d   Thumb Code   422  key.o(i.ShouDongNeiWaiXuan_Function)
    ShouDongQuShenZhanShou_Function          0x0800c9f5   Thumb Code   468  key.o(i.ShouDongQuShenZhanShou_Function)
    SysTick_Handler                          0x0800cbed   Thumb Code     8  stm32h7xx_it.o(i.SysTick_Handler)
    SystemClock_Config                       0x0800cbf5   Thumb Code   210  main.o(i.SystemClock_Config)
    SystemInit                               0x0800ccd5   Thumb Code   212  system_stm32h7xx.o(i.SystemInit)
    TIM6_DAC_IRQHandler                      0x0800cdd1   Thumb Code    10  stm32h7xx_it.o(i.TIM6_DAC_IRQHandler)
    TIM_Base_SetConfig                       0x0800cde1   Thumb Code   170  stm32h7xx_hal_tim.o(i.TIM_Base_SetConfig)
    TIM_CCxChannelCmd                        0x0800cead   Thumb Code    34  stm32h7xx_hal_tim.o(i.TIM_CCxChannelCmd)
    TIM_ETR_SetConfig                        0x0800cecf   Thumb Code    22  stm32h7xx_hal_tim.o(i.TIM_ETR_SetConfig)
    TIM_OC2_SetConfig                        0x0800cfa9   Thumb Code   156  stm32h7xx_hal_tim.o(i.TIM_OC2_SetConfig)
    UART_AdvFeatureConfig                    0x0800d30d   Thumb Code   248  stm32h7xx_hal_uart.o(i.UART_AdvFeatureConfig)
    UART_CheckIdleState                      0x0800d405   Thumb Code   118  stm32h7xx_hal_uart.o(i.UART_CheckIdleState)
    UART_SetConfig                           0x0800db65   Thumb Code  1402  stm32h7xx_hal_uart.o(i.UART_SetConfig)
    UART_Start_Receive_IT                    0x0800e0f1   Thumb Code   352  stm32h7xx_hal_uart.o(i.UART_Start_Receive_IT)
    UART_WaitOnFlagUntilTimeout              0x0800e261   Thumb Code   254  stm32h7xx_hal_uart.o(i.UART_WaitOnFlagUntilTimeout)
    USART1_IRQHandler                        0x0800e361   Thumb Code    10  stm32h7xx_it.o(i.USART1_IRQHandler)
    USART2_IRQHandler                        0x0800e371   Thumb Code    10  stm32h7xx_it.o(i.USART2_IRQHandler)
    USART3_IRQHandler                        0x0800e381   Thumb Code    10  stm32h7xx_it.o(i.USART3_IRQHandler)
    UsageFault_Handler                       0x0800e391   Thumb Code     4  stm32h7xx_it.o(i.UsageFault_Handler)
    __0printf$bare                           0x0800e395   Thumb Code     8  printfb.o(i.__0printf$bare)
    __1printf$bare                           0x0800e395   Thumb Code     0  printfb.o(i.__0printf$bare)
    __2printf                                0x0800e395   Thumb Code     0  printfb.o(i.__0printf$bare)
    __ARM_fpclassify                         0x0800e3a5   Thumb Code    48  fpclassify.o(i.__ARM_fpclassify)
    __hardfp_atan                            0x0800e411   Thumb Code   402  atan.o(i.__hardfp_atan)
    __hardfp_cos                             0x0800e611   Thumb Code   158  cos.o(i.__hardfp_cos)
    __hardfp_sin                             0x0800e6c1   Thumb Code   158  sin.o(i.__hardfp_sin)
    __ieee754_rem_pio2                       0x0800e771   Thumb Code   646  rred.o(i.__ieee754_rem_pio2)
    __kernel_cos                             0x0800ea81   Thumb Code   182  cos_i.o(i.__kernel_cos)
    __kernel_poly                            0x0800eb61   Thumb Code   112  poly.o(i.__kernel_poly)
    __kernel_sin                             0x0800ebd1   Thumb Code   144  sin_i.o(i.__kernel_sin)
    __mathlib_dbl_infnan                     0x0800ec79   Thumb Code     6  dunder.o(i.__mathlib_dbl_infnan)
    __mathlib_dbl_invalid                    0x0800ec81   Thumb Code    10  dunder.o(i.__mathlib_dbl_invalid)
    __mathlib_dbl_underflow                  0x0800ec99   Thumb Code    10  dunder.o(i.__mathlib_dbl_underflow)
    __scatterload_copy                       0x0800ecb1   Thumb Code    14  handlers.o(i.__scatterload_copy)
    __scatterload_null                       0x0800ecbf   Thumb Code     2  handlers.o(i.__scatterload_null)
    __scatterload_zeroinit                   0x0800ecc1   Thumb Code    14  handlers.o(i.__scatterload_zeroinit)
    __set_errno                              0x0800ecd1   Thumb Code     6  errno.o(i.__set_errno)
    angle_Clear                              0x0800ed01   Thumb Code   826  ctrl_schedule.o(i.angle_Clear)
    curve_Sin                                0x0800f07d   Thumb Code    76  target.o(i.curve_Sin)
    fabs                                     0x0800f0d5   Thumb Code    24  fabs.o(i.fabs)
    forward_Value                            0x0800f0ed   Thumb Code    92  control.o(i.forward_Value)
    fputc                                    0x0800f155   Thumb Code    24  usart.o(i.fputc)
    fuzzy_controler_Init                     0x0800f175   Thumb Code    82  fc_pid.o(i.fuzzy_controler_Init)
    getTIMx_DetaCnt                          0x0800f1d5   Thumb Code    22  tim.o(i.getTIMx_DetaCnt)
    limit_Float                              0x0800f1ed   Thumb Code    54  fc_pid.o(i.limit_Float)
    main                                     0x0800f229   Thumb Code  1256  main.o(i.main)
    motor_Angle_d_Caculate                   0x0800f711   Thumb Code   908  target.o(i.motor_Angle_d_Caculate)
    target_Progress                          0x0800fab1   Thumb Code   464  target.o(i.target_Progress)
    UARTPrescTable                           0x0800fcf4   Data          24  stm32h7xx_hal_uart.o(.constdata)
    D1CorePrescTable                         0x0800fd1c   Data          16  system_stm32h7xx.o(.constdata)
    Region$$Table$$Base                      0x0800fee8   Number         0  anon$$obj.o(Region$$Table)
    Region$$Table$$Limit                     0x0800ff18   Number         0  anon$$obj.o(Region$$Table)
    Temp                                     0x24000000   Data           4  main.o(.data)
    Vrefint                                  0x24000004   Data           4  main.o(.data)
    adc3In1                                  0x24000008   Data           4  main.o(.data)
    Curent1                                  0x2400000c   Data           4  main.o(.data)
    Curent2                                  0x24000010   Data           4  main.o(.data)
    Curent3                                  0x24000014   Data           4  main.o(.data)
    Curent4                                  0x24000018   Data           4  main.o(.data)
    Curent5                                  0x2400001c   Data           4  main.o(.data)
    Curent6                                  0x24000020   Data           4  main.o(.data)
    Position_zeroed_Flag                     0x24000024   Data           1  main.o(.data)
    Key_contrl_flag                          0x24000025   Data           1  main.o(.data)
    target_followed_flag                     0x24000026   Data           1  main.o(.data)
    receive_buff                             0x24000027   Data           1  main.o(.data)
    receive_buff_JY901                       0x24000028   Data           1  main.o(.data)
    ch                                       0x24000029   Data           1  usart.o(.data)
    ch_r                                     0x2400002a   Data           1  usart.o(.data)
    uwTick                                   0x2400002c   Data           4  stm32h7xx_hal.o(.data)
    uwTickPrio                               0x24000030   Data           4  stm32h7xx_hal.o(.data)
    uwTickFreq                               0x24000034   Data           1  stm32h7xx_hal.o(.data)
    SystemCoreClock                          0x24000038   Data           4  system_stm32h7xx.o(.data)
    SystemD2Clock                            0x2400003c   Data           4  system_stm32h7xx.o(.data)
    angle_Clear_Flag                         0x24000040   Data           1  dataex.o(.data)
    angle_Clear_Finished_Flag                0x24000041   Data           1  dataex.o(.data)
    Send_Data_mode                           0x24000042   Data           1  dataex.o(.data)
    ShouDongKangFu_mode                      0x24000043   Data           1  dataex.o(.data)
    AutoKangFu_mode                          0x24000044   Data           1  dataex.o(.data)
    LeftLeg_NeiWaiXuan                       0x24000045   Data           1  dataex.o(.data)
    RightLeg_NeiWaiXuan                      0x24000046   Data           1  dataex.o(.data)
    ShouDong_Speed                           0x24000048   Data           4  dataex.o(.data)
    AutoKangFu_CiShu                         0x2400004c   Data           4  dataex.o(.data)
    Key_PWM_val                              0x2400006c   Data           2  key.o(.data)
    e_mf_paras                               0x2400007c   Data          84  fc_pid.o(.data)
    de_mf_paras                              0x240000d0   Data          84  fc_pid.o(.data)
    KP_mf_paras                              0x24000124   Data          84  fc_pid.o(.data)
    ruleMatrix_KP                            0x24000178   Data         196  fc_pid.o(.data)
    ruleMatrix_KD                            0x2400023c   Data         196  fc_pid.o(.data)
    __stdout                                 0x24000310   Data           4  stdout.o(.data)
    hadc1                                    0x24000318   Data         100  adc.o(.bss)
    hadc3                                    0x2400037c   Data         100  adc.o(.bss)
    hdma_adc1                                0x240003e0   Data         120  adc.o(.bss)
    hdma_adc3                                0x24000458   Data         120  adc.o(.bss)
    hdma_memtomem_dma1_stream4               0x240004d0   Data         120  dma.o(.bss)
    htim1                                    0x24000548   Data          76  tim.o(.bss)
    htim2                                    0x24000594   Data          76  tim.o(.bss)
    htim3                                    0x240005e0   Data          76  tim.o(.bss)
    htim4                                    0x2400062c   Data          76  tim.o(.bss)
    htim5                                    0x24000678   Data          76  tim.o(.bss)
    htim6                                    0x240006c4   Data          76  tim.o(.bss)
    htim8                                    0x24000710   Data          76  tim.o(.bss)
    htim12                                   0x2400075c   Data          76  tim.o(.bss)
    htim13                                   0x240007a8   Data          76  tim.o(.bss)
    htim14                                   0x240007f4   Data          76  tim.o(.bss)
    htim15                                   0x24000840   Data          76  tim.o(.bss)
    u_Receive_Buff                           0x2400088c   Data          30  usart.o(.bss)
    huart4                                   0x240008ac   Data         144  usart.o(.bss)
    huart5                                   0x2400093c   Data         144  usart.o(.bss)
    huart1                                   0x240009cc   Data         144  usart.o(.bss)
    huart2                                   0x24000a5c   Data         144  usart.o(.bss)
    huart3                                   0x24000aec   Data         144  usart.o(.bss)
    hdma_uart4_rx                            0x24000b7c   Data         120  usart.o(.bss)
    hdma_usart1_tx                           0x24000bf4   Data         120  usart.o(.bss)
    Motor1pid                                0x24000c6c   Data          44  control.o(.bss)
    Motor2pid                                0x24000c98   Data          44  control.o(.bss)
    Motor3pid                                0x24000cc4   Data          44  control.o(.bss)
    Motor4pid                                0x24000cf0   Data          44  control.o(.bss)
    Motor5pid                                0x24000d1c   Data          44  control.o(.bss)
    Motor6pid                                0x24000d48   Data          44  control.o(.bss)
    Motor1pid_sita                           0x24000d74   Data          44  control.o(.bss)
    Motor2pid_sita                           0x24000da0   Data          44  control.o(.bss)
    Motor3pid_sita                           0x24000dcc   Data          44  control.o(.bss)
    Motor4pid_sita                           0x24000df8   Data          44  control.o(.bss)
    Motor5pid_sita                           0x24000e24   Data          44  control.o(.bss)
    Motor6pid_sita                           0x24000e50   Data          44  control.o(.bss)
    Left_Leg                                 0x24000e7c   Data          12  dataex.o(.bss)
    Right_Leg                                0x24000e88   Data          12  dataex.o(.bss)
    f                                        0x24000e94   Data          10  dataex.o(.bss)
    UI                                       0x24000e9e   Data          10  dataex.o(.bss)
    QK_M1                                    0x24000ea8   Data          32  dataex.o(.bss)
    QK_M2                                    0x24000ec8   Data          32  dataex.o(.bss)
    QK_M3                                    0x24000ee8   Data          32  dataex.o(.bss)
    QK_M4                                    0x24000f08   Data          32  dataex.o(.bss)
    QK_M5                                    0x24000f28   Data          32  dataex.o(.bss)
    QK_M6                                    0x24000f48   Data          32  dataex.o(.bss)
    data_to_send_s                           0x24000f68   Data         100  dataex.o(.bss)
    data_Received                            0x24000fcc   Data         255  dataex.o(.bss)
    receive_buff_tiaoshi                     0x240010cb   Data          20  dataex.o(.bss)
    Motor1                                   0x2400120c   Data          36  motor.o(.bss)
    Motor2                                   0x24001230   Data          36  motor.o(.bss)
    Motor3                                   0x24001254   Data          36  motor.o(.bss)
    Motor4                                   0x24001278   Data          36  motor.o(.bss)
    Motor5                                   0x2400129c   Data          36  motor.o(.bss)
    Motor6                                   0x240012c0   Data          36  motor.o(.bss)
    FC_M1                                    0x240012e4   Data         644  fc_pid.o(.bss)
    FC_M3                                    0x24001568   Data         644  fc_pid.o(.bss)
    FC_M4                                    0x240017ec   Data         644  fc_pid.o(.bss)
    FC_M6                                    0x24001a70   Data         644  fc_pid.o(.bss)
    Left_InvKine                             0x24001cf4   Data       72024  inv_kine.o(.bss)
    Right_InvKine                            0x2401364c   Data       72024  inv_kine.o(.bss)
    __initial_sp                             0x240253a8   Data           0  startup_stm32h743xx.o(STACK)
    ADC3_Data                                0x38000000   Data           8  main.o(.RAM_D3)
    ADC1_Data                                0x38000020   Data          24  main.o(.RAM_D3)
    data_to_send                             0x38000040   Data         255  main.o(.RAM_D3)



==============================================================================

Memory Map of the image

  Image Entry point : 0x08000299

  Load Region LR_IROM1 (Base: 0x08000000, Size: 0x00010370, Max: 0x00200000, ABSOLUTE, COMPRESSED[0x0000ffb0])

    Execution Region ER_IROM1 (Exec base: 0x08000000, Load base: 0x08000000, Size: 0x0000ff18, Max: 0x00200000, ABSOLUTE)

    Exec Addr    Load Addr    Size         Type   Attr      Idx    E Section Name        Object

    0x08000000   0x08000000   0x00000298   Data   RO            3    RESET               startup_stm32h743xx.o
    0x08000298   0x08000298   0x00000000   Code   RO         6292  * .ARM.Collect$$$$00000000  mc_w.l(entry.o)
    0x08000298   0x08000298   0x00000004   Code   RO         6601    .ARM.Collect$$$$00000001  mc_w.l(entry2.o)
    0x0800029c   0x0800029c   0x00000004   Code   RO         6604    .ARM.Collect$$$$00000004  mc_w.l(entry5.o)
    0x080002a0   0x080002a0   0x00000000   Code   RO         6606    .ARM.Collect$$$$00000008  mc_w.l(entry7b.o)
    0x080002a0   0x080002a0   0x00000000   Code   RO         6608    .ARM.Collect$$$$0000000A  mc_w.l(entry8b.o)
    0x080002a0   0x080002a0   0x00000008   Code   RO         6609    .ARM.Collect$$$$0000000B  mc_w.l(entry9a.o)
    0x080002a8   0x080002a8   0x00000000   Code   RO         6611    .ARM.Collect$$$$0000000D  mc_w.l(entry10a.o)
    0x080002a8   0x080002a8   0x00000000   Code   RO         6613    .ARM.Collect$$$$0000000F  mc_w.l(entry11a.o)
    0x080002a8   0x080002a8   0x00000004   Code   RO         6602    .ARM.Collect$$$$00002712  mc_w.l(entry2.o)
    0x080002ac   0x080002ac   0x00000024   Code   RO            4    .text               startup_stm32h743xx.o
    0x080002d0   0x080002d0   0x00000062   Code   RO         6295    .text               mc_w.l(uldiv.o)
    0x08000332   0x08000332   0x00000024   Code   RO         6297    .text               mc_w.l(memcpya.o)
    0x08000356   0x08000356   0x00000024   Code   RO         6299    .text               mc_w.l(memseta.o)
    0x0800037a   0x0800037a   0x0000001e   Code   RO         6618    .text               mc_w.l(llshl.o)
    0x08000398   0x08000398   0x00000020   Code   RO         6620    .text               mc_w.l(llushr.o)
    0x080003b8   0x080003b8   0x00000000   Code   RO         6629    .text               mc_w.l(iusefp.o)
    0x080003b8   0x080003b8   0x00000024   Code   RO         6640    .text               mc_w.l(init.o)
    0x080003dc   0x080003dc   0x00000056   Code   RO         6654    .text               mc_w.l(__dczerorl2.o)
    0x08000432   0x08000432   0x00000002   PAD
    0x08000434   0x08000434   0x00000160   Code   RO          987    i.ADC_ConfigureBoostMode  stm32h7xx_hal_adc.o
    0x08000594   0x08000594   0x00000092   Code   RO          989    i.ADC_DMAConvCplt   stm32h7xx_hal_adc.o
    0x08000626   0x08000626   0x0000001e   Code   RO          990    i.ADC_DMAError      stm32h7xx_hal_adc.o
    0x08000644   0x08000644   0x0000000e   Code   RO          991    i.ADC_DMAHalfConvCplt  stm32h7xx_hal_adc.o
    0x08000652   0x08000652   0x00000002   PAD
    0x08000654   0x08000654   0x00000094   Code   RO          992    i.ADC_Disable       stm32h7xx_hal_adc.o
    0x080006e8   0x080006e8   0x000000cc   Code   RO          993    i.ADC_Enable        stm32h7xx_hal_adc.o
    0x080007b4   0x080007b4   0x000000ac   Code   RO         5938    i.Angle_and_Speed_caculate  motor.o
    0x08000860   0x08000860   0x00000004   Code   RO          839    i.BusFault_Handler  stm32h7xx_it.o
    0x08000864   0x08000864   0x000001b0   Code   RO         5691    i.Check_Back        dataex.o
    0x08000a14   0x08000a14   0x00000814   Code   RO         6065    i.Control_FC_update  fc_pid.o
    0x08001228   0x08001228   0x00000040   Code   RO         5575    i.Control_Init      control.o
    0x08001268   0x08001268   0x00000510   Code   RO         5692    i.Current_updata    dataex.o
    0x08001778   0x08001778   0x00000010   Code   RO          840    i.DMA1_Stream0_IRQHandler  stm32h7xx_it.o
    0x08001788   0x08001788   0x00000010   Code   RO          841    i.DMA1_Stream1_IRQHandler  stm32h7xx_it.o
    0x08001798   0x08001798   0x00000010   Code   RO          842    i.DMA1_Stream2_IRQHandler  stm32h7xx_it.o
    0x080017a8   0x080017a8   0x00000010   Code   RO          843    i.DMA1_Stream3_IRQHandler  stm32h7xx_it.o
    0x080017b8   0x080017b8   0x000000ec   Code   RO         2225    i.DMA_CalcBaseAndBitshift  stm32h7xx_hal_dma.o
    0x080018a4   0x080018a4   0x000000c4   Code   RO         2226    i.DMA_CalcDMAMUXChannelBaseAndMask  stm32h7xx_hal_dma.o
    0x08001968   0x08001968   0x00000098   Code   RO         2227    i.DMA_CalcDMAMUXRequestGenBaseAndMask  stm32h7xx_hal_dma.o
    0x08001a00   0x08001a00   0x000000ae   Code   RO         2228    i.DMA_CheckFifoParam  stm32h7xx_hal_dma.o
    0x08001aae   0x08001aae   0x00000002   PAD
    0x08001ab0   0x08001ab0   0x00000274   Code   RO         2229    i.DMA_SetConfig     stm32h7xx_hal_dma.o
    0x08001d24   0x08001d24   0x00000248   Code   RO         5693    i.Data_Exchange     dataex.o
    0x08001f6c   0x08001f6c   0x00000002   Code   RO          844    i.DebugMon_Handler  stm32h7xx_it.o
    0x08001f6e   0x08001f6e   0x00000012   Code   RO         5832    i.Delay_10ms        key.o
    0x08001f80   0x08001f80   0x00000064   Code   RO         5694    i.Encoder_value_updata  dataex.o
    0x08001fe4   0x08001fe4   0x00000006   Code   RO           13    i.Error_Handler     main.o
    0x08001fea   0x08001fea   0x00000002   PAD
    0x08001fec   0x08001fec   0x00000290   Code   RO         6066    i.FC_PD_Target_update  fc_pid.o
    0x0800227c   0x0800227c   0x000000dc   Code   RO         6067    i.FC_qiankui_Caculate  fc_pid.o
    0x08002358   0x08002358   0x000001bc   Code   RO         6068    i.Fuzzy_controller_realize  fc_pid.o
    0x08002514   0x08002514   0x00000068   Code   RO         6069    i.Fuzzy_controller_setMf  fc_pid.o
    0x0800257c   0x0800257c   0x00000034   Code   RO         6070    i.Fuzzy_controller_setRule  fc_pid.o
    0x080025b0   0x080025b0   0x00000064   Code   RO         6071    i.Fuzzy_controller_trimf  fc_pid.o
    0x08002614   0x08002614   0x000000b8   Code   RO         1249    i.HAL_ADCEx_Calibration_Start  stm32h7xx_hal_adc_ex.o
    0x080026cc   0x080026cc   0x00000164   Code   RO         1269    i.HAL_ADCEx_MultiModeConfigChannel  stm32h7xx_hal_adc_ex.o
    0x08002830   0x08002830   0x00000544   Code   RO          995    i.HAL_ADC_ConfigChannel  stm32h7xx_hal_adc.o
    0x08002d74   0x08002d74   0x00000002   Code   RO          996    i.HAL_ADC_ConvCpltCallback  stm32h7xx_hal_adc.o
    0x08002d76   0x08002d76   0x00000002   Code   RO          997    i.HAL_ADC_ConvHalfCpltCallback  stm32h7xx_hal_adc.o
    0x08002d78   0x08002d78   0x00000002   Code   RO          999    i.HAL_ADC_ErrorCallback  stm32h7xx_hal_adc.o
    0x08002d7a   0x08002d7a   0x00000002   PAD
    0x08002d7c   0x08002d7c   0x0000028c   Code   RO         1004    i.HAL_ADC_Init      stm32h7xx_hal_adc.o
    0x08003008   0x08003008   0x000001b8   Code   RO          399    i.HAL_ADC_MspInit   adc.o
    0x080031c0   0x080031c0   0x00000134   Code   RO         1011    i.HAL_ADC_Start_DMA  stm32h7xx_hal_adc.o
    0x080032f4   0x080032f4   0x000004dc   Code   RO         2230    i.HAL_DMA_Abort     stm32h7xx_hal_dma.o
    0x080037d0   0x080037d0   0x00000398   Code   RO         2231    i.HAL_DMA_Abort_IT  stm32h7xx_hal_dma.o
    0x08003b68   0x08003b68   0x00000af8   Code   RO         2235    i.HAL_DMA_IRQHandler  stm32h7xx_hal_dma.o
    0x08004660   0x08004660   0x00000520   Code   RO         2236    i.HAL_DMA_Init      stm32h7xx_hal_dma.o
    0x08004b80   0x08004b80   0x000003e0   Code   RO         2240    i.HAL_DMA_Start_IT  stm32h7xx_hal_dma.o
    0x08004f60   0x08004f60   0x00000028   Code   RO         3085    i.HAL_Delay         stm32h7xx_hal.o
    0x08004f88   0x08004f88   0x000001fc   Code   RO         2078    i.HAL_GPIO_Init     stm32h7xx_hal_gpio.o
    0x08005184   0x08005184   0x00000010   Code   RO         2080    i.HAL_GPIO_ReadPin  stm32h7xx_hal_gpio.o
    0x08005194   0x08005194   0x00000014   Code   RO         2081    i.HAL_GPIO_TogglePin  stm32h7xx_hal_gpio.o
    0x080051a8   0x080051a8   0x0000000c   Code   RO         2082    i.HAL_GPIO_WritePin  stm32h7xx_hal_gpio.o
    0x080051b4   0x080051b4   0x0000000c   Code   RO         3096    i.HAL_GetREVID      stm32h7xx_hal.o
    0x080051c0   0x080051c0   0x0000000c   Code   RO         3097    i.HAL_GetTick       stm32h7xx_hal.o
    0x080051cc   0x080051cc   0x00000018   Code   RO         3103    i.HAL_IncTick       stm32h7xx_hal.o
    0x080051e4   0x080051e4   0x00000060   Code   RO         3104    i.HAL_Init          stm32h7xx_hal.o
    0x08005244   0x08005244   0x00000058   Code   RO         3105    i.HAL_InitTick      stm32h7xx_hal.o
    0x0800529c   0x0800529c   0x0000005c   Code   RO         2933    i.HAL_MPU_ConfigRegion  stm32h7xx_hal_cortex.o
    0x080052f8   0x080052f8   0x0000002c   Code   RO         2934    i.HAL_MPU_Disable   stm32h7xx_hal_cortex.o
    0x08005324   0x08005324   0x00000040   Code   RO         2935    i.HAL_MPU_Enable    stm32h7xx_hal_cortex.o
    0x08005364   0x08005364   0x00000024   Code   RO          963    i.HAL_MspInit       stm32h7xx_hal_msp.o
    0x08005388   0x08005388   0x00000028   Code   RO         2938    i.HAL_NVIC_EnableIRQ  stm32h7xx_hal_cortex.o
    0x080053b0   0x080053b0   0x0000007a   Code   RO         2944    i.HAL_NVIC_SetPriority  stm32h7xx_hal_cortex.o
    0x0800542a   0x0800542a   0x00000002   PAD
    0x0800542c   0x0800542c   0x00000028   Code   RO         2945    i.HAL_NVIC_SetPriorityGrouping  stm32h7xx_hal_cortex.o
    0x08005454   0x08005454   0x00000060   Code   RO         2679    i.HAL_PWREx_ConfigSupply  stm32h7xx_hal_pwr_ex.o
    0x080054b4   0x080054b4   0x00000024   Code   RO         1629    i.HAL_RCCEx_GetD3PCLK1Freq  stm32h7xx_hal_rcc_ex.o
    0x080054d8   0x080054d8   0x00000230   Code   RO         1630    i.HAL_RCCEx_GetPLL1ClockFreq  stm32h7xx_hal_rcc_ex.o
    0x08005708   0x08005708   0x00000230   Code   RO         1631    i.HAL_RCCEx_GetPLL2ClockFreq  stm32h7xx_hal_rcc_ex.o
    0x08005938   0x08005938   0x00000230   Code   RO         1632    i.HAL_RCCEx_GetPLL3ClockFreq  stm32h7xx_hal_rcc_ex.o
    0x08005b68   0x08005b68   0x00000754   Code   RO         1634    i.HAL_RCCEx_GetPeriphCLKFreq  stm32h7xx_hal_rcc_ex.o
    0x080062bc   0x080062bc   0x00000b64   Code   RO         1638    i.HAL_RCCEx_PeriphCLKConfig  stm32h7xx_hal_rcc_ex.o
    0x08006e20   0x08006e20   0x00000320   Code   RO         1514    i.HAL_RCC_ClockConfig  stm32h7xx_hal_rcc.o
    0x08007140   0x08007140   0x0000004c   Code   RO         1519    i.HAL_RCC_GetHCLKFreq  stm32h7xx_hal_rcc.o
    0x0800718c   0x0800718c   0x00000024   Code   RO         1521    i.HAL_RCC_GetPCLK1Freq  stm32h7xx_hal_rcc.o
    0x080071b0   0x080071b0   0x00000024   Code   RO         1522    i.HAL_RCC_GetPCLK2Freq  stm32h7xx_hal_rcc.o
    0x080071d4   0x080071d4   0x0000022c   Code   RO         1523    i.HAL_RCC_GetSysClockFreq  stm32h7xx_hal_rcc.o
    0x08007400   0x08007400   0x00000800   Code   RO         1526    i.HAL_RCC_OscConfig  stm32h7xx_hal_rcc.o
    0x08007c00   0x08007c00   0x00000014   Code   RO         3109    i.HAL_SYSCFG_AnalogSwitchConfig  stm32h7xx_hal.o
    0x08007c14   0x08007c14   0x00000034   Code   RO         2949    i.HAL_SYSTICK_Config  stm32h7xx_hal_cortex.o
    0x08007c48   0x08007c48   0x00000002   Code   RO         4705    i.HAL_TIMEx_Break2Callback  stm32h7xx_hal_tim_ex.o
    0x08007c4a   0x08007c4a   0x00000002   Code   RO         4706    i.HAL_TIMEx_BreakCallback  stm32h7xx_hal_tim_ex.o
    0x08007c4c   0x08007c4c   0x00000002   Code   RO         4707    i.HAL_TIMEx_CommutCallback  stm32h7xx_hal_tim_ex.o
    0x08007c4e   0x08007c4e   0x00000002   PAD
    0x08007c50   0x08007c50   0x000000b4   Code   RO         4709    i.HAL_TIMEx_ConfigBreakDeadTime  stm32h7xx_hal_tim_ex.o
    0x08007d04   0x08007d04   0x000000cc   Code   RO         4727    i.HAL_TIMEx_MasterConfigSynchronization  stm32h7xx_hal_tim_ex.o
    0x08007dd0   0x08007dd0   0x0000006e   Code   RO         3980    i.HAL_TIM_Base_Init  stm32h7xx_hal_tim.o
    0x08007e3e   0x08007e3e   0x00000002   PAD
    0x08007e40   0x08007e40   0x000000e8   Code   RO          477    i.HAL_TIM_Base_MspInit  tim.o
    0x08007f28   0x08007f28   0x000000b4   Code   RO         3985    i.HAL_TIM_Base_Start_IT  stm32h7xx_hal_tim.o
    0x08007fdc   0x08007fdc   0x00000134   Code   RO         3989    i.HAL_TIM_ConfigClockSource  stm32h7xx_hal_tim.o
    0x08008110   0x08008110   0x000000cc   Code   RO         4001    i.HAL_TIM_Encoder_Init  stm32h7xx_hal_tim.o
    0x080081dc   0x080081dc   0x000002c8   Code   RO          479    i.HAL_TIM_Encoder_MspInit  tim.o
    0x080084a4   0x080084a4   0x000000cc   Code   RO         4004    i.HAL_TIM_Encoder_Start  stm32h7xx_hal_tim.o
    0x08008570   0x08008570   0x00000002   Code   RO         4014    i.HAL_TIM_IC_CaptureCallback  stm32h7xx_hal_tim.o
    0x08008572   0x08008572   0x000001b8   Code   RO         4028    i.HAL_TIM_IRQHandler  stm32h7xx_hal_tim.o
    0x0800872a   0x0800872a   0x00000002   PAD
    0x0800872c   0x0800872c   0x00000134   Code   RO          480    i.HAL_TIM_MspPostInit  tim.o
    0x08008860   0x08008860   0x00000002   Code   RO         4031    i.HAL_TIM_OC_DelayElapsedCallback  stm32h7xx_hal_tim.o
    0x08008862   0x08008862   0x00000170   Code   RO         4052    i.HAL_TIM_PWM_ConfigChannel  stm32h7xx_hal_tim.o
    0x080089d2   0x080089d2   0x0000006e   Code   RO         4055    i.HAL_TIM_PWM_Init  stm32h7xx_hal_tim.o
    0x08008a40   0x08008a40   0x00000002   Code   RO         4057    i.HAL_TIM_PWM_MspInit  stm32h7xx_hal_tim.o
    0x08008a42   0x08008a42   0x00000002   Code   RO         4058    i.HAL_TIM_PWM_PulseFinishedCallback  stm32h7xx_hal_tim.o
    0x08008a44   0x08008a44   0x00000164   Code   RO         4060    i.HAL_TIM_PWM_Start  stm32h7xx_hal_tim.o
    0x08008ba8   0x08008ba8   0x00000020   Code   RO          481    i.HAL_TIM_PeriodElapsedCallback  tim.o
    0x08008bc8   0x08008bc8   0x00000002   Code   RO         4071    i.HAL_TIM_TriggerCallback  stm32h7xx_hal_tim.o
    0x08008bca   0x08008bca   0x0000004e   Code   RO         5421    i.HAL_UARTEx_DisableFifoMode  stm32h7xx_hal_uart_ex.o
    0x08008c18   0x08008c18   0x00000002   Code   RO         5005    i.HAL_UARTEx_RxEventCallback  stm32h7xx_hal_uart.o
    0x08008c1a   0x08008c1a   0x00000002   Code   RO         5428    i.HAL_UARTEx_RxFifoFullCallback  stm32h7xx_hal_uart_ex.o
    0x08008c1c   0x08008c1c   0x0000005e   Code   RO         5429    i.HAL_UARTEx_SetRxFifoThreshold  stm32h7xx_hal_uart_ex.o
    0x08008c7a   0x08008c7a   0x0000005e   Code   RO         5430    i.HAL_UARTEx_SetTxFifoThreshold  stm32h7xx_hal_uart_ex.o
    0x08008cd8   0x08008cd8   0x00000002   Code   RO         5432    i.HAL_UARTEx_TxFifoEmptyCallback  stm32h7xx_hal_uart_ex.o
    0x08008cda   0x08008cda   0x00000002   Code   RO         5433    i.HAL_UARTEx_WakeupCallback  stm32h7xx_hal_uart_ex.o
    0x08008cdc   0x08008cdc   0x00000002   Code   RO         5021    i.HAL_UART_ErrorCallback  stm32h7xx_hal_uart.o
    0x08008cde   0x08008cde   0x00000002   PAD
    0x08008ce0   0x08008ce0   0x00000458   Code   RO         5024    i.HAL_UART_IRQHandler  stm32h7xx_hal_uart.o
    0x08009138   0x08009138   0x00000078   Code   RO         5025    i.HAL_UART_Init     stm32h7xx_hal_uart.o
    0x080091b0   0x080091b0   0x0000033c   Code   RO          756    i.HAL_UART_MspInit  usart.o
    0x080094ec   0x080094ec   0x00000074   Code   RO         5030    i.HAL_UART_Receive_IT  stm32h7xx_hal_uart.o
    0x08009560   0x08009560   0x0000002c   Code   RO          757    i.HAL_UART_RxCpltCallback  usart.o
    0x0800958c   0x0800958c   0x000000d6   Code   RO         5034    i.HAL_UART_Transmit  stm32h7xx_hal_uart.o
    0x08009662   0x08009662   0x00000002   PAD
    0x08009664   0x08009664   0x000000cc   Code   RO         5035    i.HAL_UART_Transmit_DMA  stm32h7xx_hal_uart.o
    0x08009730   0x08009730   0x00000002   Code   RO         5037    i.HAL_UART_TxCpltCallback  stm32h7xx_hal_uart.o
    0x08009732   0x08009732   0x00000002   Code   RO         5038    i.HAL_UART_TxHalfCpltCallback  stm32h7xx_hal_uart.o
    0x08009734   0x08009734   0x00000004   Code   RO          845    i.HardFault_Handler  stm32h7xx_it.o
    0x08009738   0x08009738   0x000002d0   Code   RO         6169    i.Inv_Kine_Caculator  inv_kine.o
    0x08009a08   0x08009a08   0x00000098   Code   RO         5834    i.Key_switch        key.o
    0x08009aa0   0x08009aa0   0x00000010   Code   RO         1016    i.LL_ADC_Enable     stm32h7xx_hal_adc.o
    0x08009ab0   0x08009ab0   0x0000000a   Code   RO         1018    i.LL_ADC_GetMultimode  stm32h7xx_hal_adc.o
    0x08009aba   0x08009aba   0x0000000a   Code   RO         1019    i.LL_ADC_INJ_IsConversionOngoing  stm32h7xx_hal_adc.o
    0x08009ac4   0x08009ac4   0x0000000a   Code   RO         1020    i.LL_ADC_IsDisableOngoing  stm32h7xx_hal_adc.o
    0x08009ace   0x08009ace   0x0000000a   Code   RO         1021    i.LL_ADC_IsEnabled  stm32h7xx_hal_adc.o
    0x08009ad8   0x08009ad8   0x0000000a   Code   RO         1282    i.LL_ADC_IsEnabled  stm32h7xx_hal_adc_ex.o
    0x08009ae2   0x08009ae2   0x0000000a   Code   RO         1022    i.LL_ADC_IsInternalRegulatorEnabled  stm32h7xx_hal_adc.o
    0x08009aec   0x08009aec   0x0000000a   Code   RO         1023    i.LL_ADC_REG_IsConversionOngoing  stm32h7xx_hal_adc.o
    0x08009af6   0x08009af6   0x0000000a   Code   RO         1283    i.LL_ADC_REG_IsConversionOngoing  stm32h7xx_hal_adc_ex.o
    0x08009b00   0x08009b00   0x00000012   Code   RO         1024    i.LL_ADC_REG_IsTriggerSourceSWStart  stm32h7xx_hal_adc.o
    0x08009b12   0x08009b12   0x00000002   PAD
    0x08009b14   0x08009b14   0x00000010   Code   RO         1025    i.LL_ADC_REG_StartConversion  stm32h7xx_hal_adc.o
    0x08009b24   0x08009b24   0x00000028   Code   RO         1027    i.LL_ADC_SetChannelSamplingTime  stm32h7xx_hal_adc.o
    0x08009b4c   0x08009b4c   0x0000000c   Code   RO         1028    i.LL_ADC_SetCommonPathInternalCh  stm32h7xx_hal_adc.o
    0x08009b58   0x08009b58   0x0000005c   Code   RO           14    i.MPU_Config        main.o
    0x08009bb4   0x08009bb4   0x0000015c   Code   RO          400    i.MX_ADC1_Init      adc.o
    0x08009d10   0x08009d10   0x000000d4   Code   RO          401    i.MX_ADC3_Init      adc.o
    0x08009de4   0x08009de4   0x000000a8   Code   RO          446    i.MX_DMA_Init       dma.o
    0x08009e8c   0x08009e8c   0x00000138   Code   RO          257    i.MX_GPIO_Init      gpio.o
    0x08009fc4   0x08009fc4   0x0000009c   Code   RO          482    i.MX_TIM12_Init     tim.o
    0x0800a060   0x0800a060   0x00000070   Code   RO          483    i.MX_TIM13_Init     tim.o
    0x0800a0d0   0x0800a0d0   0x00000070   Code   RO          484    i.MX_TIM14_Init     tim.o
    0x0800a140   0x0800a140   0x000000f4   Code   RO          485    i.MX_TIM15_Init     tim.o
    0x0800a234   0x0800a234   0x00000090   Code   RO          486    i.MX_TIM1_Init      tim.o
    0x0800a2c4   0x0800a2c4   0x0000008c   Code   RO          487    i.MX_TIM2_Init      tim.o
    0x0800a350   0x0800a350   0x00000090   Code   RO          488    i.MX_TIM3_Init      tim.o
    0x0800a3e0   0x0800a3e0   0x00000090   Code   RO          489    i.MX_TIM4_Init      tim.o
    0x0800a470   0x0800a470   0x00000090   Code   RO          490    i.MX_TIM5_Init      tim.o
    0x0800a500   0x0800a500   0x0000004c   Code   RO          491    i.MX_TIM6_Init      tim.o
    0x0800a54c   0x0800a54c   0x00000094   Code   RO          492    i.MX_TIM8_Init      tim.o
    0x0800a5e0   0x0800a5e0   0x0000006c   Code   RO          758    i.MX_UART4_Init     usart.o
    0x0800a64c   0x0800a64c   0x0000006c   Code   RO          759    i.MX_UART5_Init     usart.o
    0x0800a6b8   0x0800a6b8   0x00000078   Code   RO          760    i.MX_USART1_UART_Init  usart.o
    0x0800a730   0x0800a730   0x0000006c   Code   RO          761    i.MX_USART2_UART_Init  usart.o
    0x0800a79c   0x0800a79c   0x0000007c   Code   RO          762    i.MX_USART3_UART_Init  usart.o
    0x0800a818   0x0800a818   0x00000004   Code   RO          846    i.MemManage_Handler  stm32h7xx_it.o
    0x0800a81c   0x0800a81c   0x0000009c   Code   RO         5939    i.Motor1_driver_ctrl  motor.o
    0x0800a8b8   0x0800a8b8   0x0000009c   Code   RO         5940    i.Motor2_driver_ctrl  motor.o
    0x0800a954   0x0800a954   0x0000009c   Code   RO         5941    i.Motor3_driver_ctrl  motor.o
    0x0800a9f0   0x0800a9f0   0x0000009c   Code   RO         5942    i.Motor4_driver_ctrl  motor.o
    0x0800aa8c   0x0800aa8c   0x000000a0   Code   RO         5943    i.Motor5_driver_ctrl  motor.o
    0x0800ab2c   0x0800ab2c   0x000000a0   Code   RO         5944    i.Motor6_driver_ctrl  motor.o
    0x0800abcc   0x0800abcc   0x00000084   Code   RO         5841    i.Motor_AdustedFlag_from_PC  key.o
    0x0800ac50   0x0800ac50   0x0000016c   Code   RO         5842    i.Motor_Adusted_from_PC  key.o
    0x0800adbc   0x0800adbc   0x00000110   Code   RO         5695    i.Motor_Enable      dataex.o
    0x0800aecc   0x0800aecc   0x00000090   Code   RO         5945    i.Motor_Init        motor.o
    0x0800af5c   0x0800af5c   0x00000048   Code   RO         5576    i.Motor_x_control_pid_Init  control.o
    0x0800afa4   0x0800afa4   0x0000017c   Code   RO         5577    i.Motor_x_control_pid_PWM  control.o
    0x0800b120   0x0800b120   0x0000011c   Code   RO         5946    i.Motorx_Ctrl       motor.o
    0x0800b23c   0x0800b23c   0x00000004   Code   RO          847    i.NMI_Handler       stm32h7xx_it.o
    0x0800b240   0x0800b240   0x00000002   Code   RO          848    i.PendSV_Handler    stm32h7xx_it.o
    0x0800b242   0x0800b242   0x00000044   Code   RO           15    i.PeriphCommonClock_Config  main.o
    0x0800b286   0x0800b286   0x0000000e   Code   RO         5578    i.Pid_Set           control.o
    0x0800b294   0x0800b294   0x0000008c   Code   RO         6199    i.Qiankui_Caculate  qiankui.o
    0x0800b320   0x0800b320   0x0000002a   Code   RO         6200    i.Qiankui_ParaUpdate  qiankui.o
    0x0800b34a   0x0800b34a   0x00000002   PAD
    0x0800b34c   0x0800b34c   0x00000164   Code   RO         1641    i.RCCEx_PLL2_Config  stm32h7xx_hal_rcc_ex.o
    0x0800b4b0   0x0800b4b0   0x00000164   Code   RO         1642    i.RCCEx_PLL3_Config  stm32h7xx_hal_rcc_ex.o
    0x0800b614   0x0800b614   0x00000118   Code   RO         5697    i.Received_data_check  dataex.o
    0x0800b72c   0x0800b72c   0x000002d8   Code   RO         5698    i.Received_data_progress  dataex.o
    0x0800ba04   0x0800ba04   0x00000002   Code   RO          849    i.SVC_Handler       stm32h7xx_it.o
    0x0800ba06   0x0800ba06   0x00000002   PAD
    0x0800ba08   0x0800ba08   0x00000648   Code   RO         5699    i.Send_Data2New_NiMing  dataex.o
    0x0800c050   0x0800c050   0x000003dc   Code   RO         5701    i.Send_Data2PC      dataex.o
    0x0800c42c   0x0800c42c   0x00000200   Code   RO         5702    i.Send_PID1_to_PC   dataex.o
    0x0800c62c   0x0800c62c   0x00000200   Code   RO         5703    i.Send_PID2_to_PC   dataex.o
    0x0800c82c   0x0800c82c   0x000001c8   Code   RO         5843    i.ShouDongNeiWaiXuan_Function  key.o
    0x0800c9f4   0x0800c9f4   0x000001f8   Code   RO         5844    i.ShouDongQuShenZhanShou_Function  key.o
    0x0800cbec   0x0800cbec   0x00000008   Code   RO          850    i.SysTick_Handler   stm32h7xx_it.o
    0x0800cbf4   0x0800cbf4   0x000000e0   Code   RO           16    i.SystemClock_Config  main.o
    0x0800ccd4   0x0800ccd4   0x000000fc   Code   RO         5539    i.SystemInit        system_stm32h7xx.o
    0x0800cdd0   0x0800cdd0   0x00000010   Code   RO          851    i.TIM6_DAC_IRQHandler  stm32h7xx_it.o
    0x0800cde0   0x0800cde0   0x000000cc   Code   RO         4073    i.TIM_Base_SetConfig  stm32h7xx_hal_tim.o
    0x0800ceac   0x0800ceac   0x00000022   Code   RO         4074    i.TIM_CCxChannelCmd  stm32h7xx_hal_tim.o
    0x0800cece   0x0800cece   0x00000016   Code   RO         4084    i.TIM_ETR_SetConfig  stm32h7xx_hal_tim.o
    0x0800cee4   0x0800cee4   0x00000018   Code   RO         4085    i.TIM_ITRx_SetConfig  stm32h7xx_hal_tim.o
    0x0800cefc   0x0800cefc   0x000000ac   Code   RO         4086    i.TIM_OC1_SetConfig  stm32h7xx_hal_tim.o
    0x0800cfa8   0x0800cfa8   0x000000b4   Code   RO         4087    i.TIM_OC2_SetConfig  stm32h7xx_hal_tim.o
    0x0800d05c   0x0800d05c   0x000000b4   Code   RO         4088    i.TIM_OC3_SetConfig  stm32h7xx_hal_tim.o
    0x0800d110   0x0800d110   0x00000074   Code   RO         4089    i.TIM_OC4_SetConfig  stm32h7xx_hal_tim.o
    0x0800d184   0x0800d184   0x00000070   Code   RO         4090    i.TIM_OC5_SetConfig  stm32h7xx_hal_tim.o
    0x0800d1f4   0x0800d1f4   0x00000070   Code   RO         4091    i.TIM_OC6_SetConfig  stm32h7xx_hal_tim.o
    0x0800d264   0x0800d264   0x00000026   Code   RO         4093    i.TIM_TI1_ConfigInputStage  stm32h7xx_hal_tim.o
    0x0800d28a   0x0800d28a   0x00000028   Code   RO         4095    i.TIM_TI2_ConfigInputStage  stm32h7xx_hal_tim.o
    0x0800d2b2   0x0800d2b2   0x00000002   PAD
    0x0800d2b4   0x0800d2b4   0x00000058   Code   RO         5434    i.UARTEx_SetNbDataToProcess  stm32h7xx_hal_uart_ex.o
    0x0800d30c   0x0800d30c   0x000000f8   Code   RO         5039    i.UART_AdvFeatureConfig  stm32h7xx_hal_uart.o
    0x0800d404   0x0800d404   0x00000076   Code   RO         5040    i.UART_CheckIdleState  stm32h7xx_hal_uart.o
    0x0800d47a   0x0800d47a   0x00000018   Code   RO         5041    i.UART_DMAAbortOnError  stm32h7xx_hal_uart.o
    0x0800d492   0x0800d492   0x0000005e   Code   RO         5042    i.UART_DMAError     stm32h7xx_hal_uart.o
    0x0800d4f0   0x0800d4f0   0x00000054   Code   RO         5047    i.UART_DMATransmitCplt  stm32h7xx_hal_uart.o
    0x0800d544   0x0800d544   0x0000000e   Code   RO         5049    i.UART_DMATxHalfCplt  stm32h7xx_hal_uart.o
    0x0800d552   0x0800d552   0x00000002   PAD
    0x0800d554   0x0800d554   0x0000006c   Code   RO         5051    i.UART_EndRxTransfer  stm32h7xx_hal_uart.o
    0x0800d5c0   0x0800d5c0   0x00000030   Code   RO         5052    i.UART_EndTransmit_IT  stm32h7xx_hal_uart.o
    0x0800d5f0   0x0800d5f0   0x00000040   Code   RO         5053    i.UART_EndTxTransfer  stm32h7xx_hal_uart.o
    0x0800d630   0x0800d630   0x000000d2   Code   RO         5054    i.UART_RxISR_16BIT  stm32h7xx_hal_uart.o
    0x0800d702   0x0800d702   0x00000002   PAD
    0x0800d704   0x0800d704   0x000001c8   Code   RO         5055    i.UART_RxISR_16BIT_FIFOEN  stm32h7xx_hal_uart.o
    0x0800d8cc   0x0800d8cc   0x000000ce   Code   RO         5056    i.UART_RxISR_8BIT   stm32h7xx_hal_uart.o
    0x0800d99a   0x0800d99a   0x00000002   PAD
    0x0800d99c   0x0800d99c   0x000001c8   Code   RO         5057    i.UART_RxISR_8BIT_FIFOEN  stm32h7xx_hal_uart.o
    0x0800db64   0x0800db64   0x0000058c   Code   RO         5058    i.UART_SetConfig    stm32h7xx_hal_uart.o
    0x0800e0f0   0x0800e0f0   0x00000170   Code   RO         5060    i.UART_Start_Receive_IT  stm32h7xx_hal_uart.o
    0x0800e260   0x0800e260   0x000000fe   Code   RO         5065    i.UART_WaitOnFlagUntilTimeout  stm32h7xx_hal_uart.o
    0x0800e35e   0x0800e35e   0x00000002   PAD
    0x0800e360   0x0800e360   0x00000010   Code   RO          852    i.USART1_IRQHandler  stm32h7xx_it.o
    0x0800e370   0x0800e370   0x00000010   Code   RO          853    i.USART2_IRQHandler  stm32h7xx_it.o
    0x0800e380   0x0800e380   0x00000010   Code   RO          854    i.USART3_IRQHandler  stm32h7xx_it.o
    0x0800e390   0x0800e390   0x00000004   Code   RO          855    i.UsageFault_Handler  stm32h7xx_it.o
    0x0800e394   0x0800e394   0x00000010   Code   RO         6304    i.__0printf$bare    mc_w.l(printfb.o)
    0x0800e3a4   0x0800e3a4   0x00000030   Code   RO         6586    i.__ARM_fpclassify  m_wv.l(fpclassify.o)
    0x0800e3d4   0x0800e3d4   0x00000010   Code   RO         2951    i.__NVIC_GetPriorityGrouping  stm32h7xx_hal_cortex.o
    0x0800e3e4   0x0800e3e4   0x00000028   Code   RO         2952    i.__NVIC_SetPriority  stm32h7xx_hal_cortex.o
    0x0800e40c   0x0800e40c   0x00000004   PAD
    0x0800e410   0x0800e410   0x00000200   Code   RO         6254    i.__hardfp_atan     m_wv.l(atan.o)
    0x0800e610   0x0800e610   0x000000b0   Code   RO         6268    i.__hardfp_cos      m_wv.l(cos.o)
    0x0800e6c0   0x0800e6c0   0x000000b0   Code   RO         6280    i.__hardfp_sin      m_wv.l(sin.o)
    0x0800e770   0x0800e770   0x00000310   Code   RO         6590    i.__ieee754_rem_pio2  m_wv.l(rred.o)
    0x0800ea80   0x0800ea80   0x000000e0   Code   RO         6563    i.__kernel_cos      m_wv.l(cos_i.o)
    0x0800eb60   0x0800eb60   0x00000070   Code   RO         6588    i.__kernel_poly     m_wv.l(poly.o)
    0x0800ebd0   0x0800ebd0   0x000000a8   Code   RO         6595    i.__kernel_sin      m_wv.l(sin_i.o)
    0x0800ec78   0x0800ec78   0x00000006   Code   RO         6567    i.__mathlib_dbl_infnan  m_wv.l(dunder.o)
    0x0800ec7e   0x0800ec7e   0x00000002   PAD
    0x0800ec80   0x0800ec80   0x00000018   Code   RO         6569    i.__mathlib_dbl_invalid  m_wv.l(dunder.o)
    0x0800ec98   0x0800ec98   0x00000018   Code   RO         6572    i.__mathlib_dbl_underflow  m_wv.l(dunder.o)
    0x0800ecb0   0x0800ecb0   0x0000000e   Code   RO         6648    i.__scatterload_copy  mc_w.l(handlers.o)
    0x0800ecbe   0x0800ecbe   0x00000002   Code   RO         6649    i.__scatterload_null  mc_w.l(handlers.o)
    0x0800ecc0   0x0800ecc0   0x0000000e   Code   RO         6650    i.__scatterload_zeroinit  mc_w.l(handlers.o)
    0x0800ecce   0x0800ecce   0x00000002   PAD
    0x0800ecd0   0x0800ecd0   0x0000000c   Code   RO         6624    i.__set_errno       mc_w.l(errno.o)
    0x0800ecdc   0x0800ecdc   0x00000022   Code   RO         6311    i._printf_core      mc_w.l(printfb.o)
    0x0800ecfe   0x0800ecfe   0x00000002   PAD
    0x0800ed00   0x0800ed00   0x0000037c   Code   RO         5632    i.angle_Clear       ctrl_schedule.o
    0x0800f07c   0x0800f07c   0x00000058   Code   RO         6021    i.curve_Sin         target.o
    0x0800f0d4   0x0800f0d4   0x00000018   Code   RO         6582    i.fabs              m_wv.l(fabs.o)
    0x0800f0ec   0x0800f0ec   0x00000068   Code   RO         5579    i.forward_Value     control.o
    0x0800f154   0x0800f154   0x00000020   Code   RO          763    i.fputc             usart.o
    0x0800f174   0x0800f174   0x00000060   Code   RO         6072    i.fuzzy_controler_Init  fc_pid.o
    0x0800f1d4   0x0800f1d4   0x00000016   Code   RO          493    i.getTIMx_DetaCnt   tim.o
    0x0800f1ea   0x0800f1ea   0x00000002   PAD
    0x0800f1ec   0x0800f1ec   0x0000003c   Code   RO         6073    i.limit_Float       fc_pid.o
    0x0800f228   0x0800f228   0x000004e8   Code   RO           17    i.main              main.o
    0x0800f710   0x0800f710   0x000003a0   Code   RO         6023    i.motor_Angle_d_Caculate  target.o
    0x0800fab0   0x0800fab0   0x00000220   Code   RO         6024    i.target_Progress   target.o
    0x0800fcd0   0x0800fcd0   0x0000001c   Data   RO           21    .constdata          main.o
    0x0800fcec   0x0800fcec   0x00000008   Data   RO         2242    .constdata          stm32h7xx_hal_dma.o
    0x0800fcf4   0x0800fcf4   0x00000018   Data   RO         5066    .constdata          stm32h7xx_hal_uart.o
    0x0800fd0c   0x0800fd0c   0x00000010   Data   RO         5436    .constdata          stm32h7xx_hal_uart_ex.o
    0x0800fd1c   0x0800fd1c   0x00000010   Data   RO         5540    .constdata          system_stm32h7xx.o
    0x0800fd2c   0x0800fd2c   0x00000004   PAD
    0x0800fd30   0x0800fd30   0x00000098   Data   RO         6257    .constdata          m_wv.l(atan.o)
    0x0800fdc8   0x0800fdc8   0x00000030   Data   RO         6564    .constdata          m_wv.l(cos_i.o)
    0x0800fdf8   0x0800fdf8   0x000000c8   Data   RO         6592    .constdata          m_wv.l(rred.o)
    0x0800fec0   0x0800fec0   0x00000028   Data   RO         6596    .constdata          m_wv.l(sin_i.o)
    0x0800fee8   0x0800fee8   0x00000030   Data   RO         6646    Region$$Table       anon$$obj.o


    Execution Region RW_IRAM1 (Exec base: 0x20000000, Load base: 0x0800ff18, Size: 0x00000000, Max: 0x00020000, ABSOLUTE)

    **** No section assigned to this execution region ****


    Execution Region RW_IRAM2 (Exec base: 0x24000000, Load base: 0x0800ff18, Size: 0x000253a8, Max: 0x00080000, ABSOLUTE, COMPRESSED[0x00000094])

    Exec Addr    Load Addr    Size         Type   Attr      Idx    E Section Name        Object

    0x24000000   COMPRESSED   0x00000029   Data   RW           22    .data               main.o
    0x24000029   COMPRESSED   0x00000002   Data   RW          765    .data               usart.o
    0x2400002b   COMPRESSED   0x00000001   PAD
    0x2400002c   COMPRESSED   0x00000009   Data   RW         3126    .data               stm32h7xx_hal.o
    0x24000035   COMPRESSED   0x00000003   PAD
    0x24000038   COMPRESSED   0x00000008   Data   RW         5541    .data               system_stm32h7xx.o
    0x24000040   COMPRESSED   0x0000002c   Data   RW         5705    .data               dataex.o
    0x2400006c   COMPRESSED   0x0000000e   Data   RW         5845    .data               key.o
    0x2400007a   COMPRESSED   0x00000002   Data   RW         5948    .data               motor.o
    0x2400007c   COMPRESSED   0x00000294   Data   RW         6076    .data               fc_pid.o
    0x24000310   COMPRESSED   0x00000004   Data   RW         6615    .data               mc_w.l(stdout.o)
    0x24000314   COMPRESSED   0x00000004   Data   RW         6625    .data               mc_w.l(errno.o)
    0x24000318        -       0x000001b8   Zero   RW          402    .bss                adc.o
    0x240004d0        -       0x00000078   Zero   RW          447    .bss                dma.o
    0x24000548        -       0x00000344   Zero   RW          494    .bss                tim.o
    0x2400088c        -       0x000003e0   Zero   RW          764    .bss                usart.o
    0x24000c6c        -       0x00000210   Zero   RW         5580    .bss                control.o
    0x24000e7c        -       0x0000038f   Zero   RW         5704    .bss                dataex.o
    0x2400120b   COMPRESSED   0x00000001   PAD
    0x2400120c        -       0x000000d8   Zero   RW         5947    .bss                motor.o
    0x240012e4        -       0x00000a10   Zero   RW         6075    .bss                fc_pid.o
    0x24001cf4        -       0x000232b0   Zero   RW         6170    .bss                inv_kine.o
    0x24024fa4   COMPRESSED   0x00000004   PAD
    0x24024fa8        -       0x00000400   Zero   RW            1    STACK               startup_stm32h743xx.o


    Execution Region RW_IRAM4 (Exec base: 0x38000000, Load base: 0x0800ffac, Size: 0x00000140, Max: 0x00010000, ABSOLUTE, COMPRESSED[0x00000004])

    Exec Addr    Load Addr    Size         Type   Attr      Idx    E Section Name        Object

    0x38000000   COMPRESSED   0x0000013f   Data   RW           20    .RAM_D3             main.o


==============================================================================

Image component sizes


      Code (inc. data)   RO Data    RW Data    ZI Data      Debug   Object Name

      1000         88          0          0        440       3178   adc.o
       634         58          0          0        528       5046   control.o
       892         66          0          0          0       2231   ctrl_schedule.o
      7312        630          0         44        911      50552   dataex.o
       168         14          0          0        120       1223   dma.o
      3800        350          0        660       2576       9174   fc_pid.o
       312         16          0          0          0    1307112   gpio.o
       720         34          0          0     144048       2598   inv_kine.o
      1626        146          0         14          0       9363   key.o
      1646        236         28        360          0    1217595   main.o
      1544        156          0          2        216       8500   motor.o
       182         34          0          0          0       2266   qiankui.o
        36          8        664          0       1024        844   startup_stm32h743xx.o
       292         58          0          9          0      24124   stm32h7xx_hal.o
      3370        230          0          0          0      78748   stm32h7xx_hal_adc.o
       560         30          0          0          0      64005   stm32h7xx_hal_adc_ex.o
       510         38          0          0          0      42381   stm32h7xx_hal_cortex.o
      8662        168          8          0          0      13402   stm32h7xx_hal_dma.o
       556         52          0          0          0       3584   stm32h7xx_hal_gpio.o
        36          4          0          0          0        946   stm32h7xx_hal_msp.o
        96          6          0          0          0        781   stm32h7xx_hal_pwr_ex.o
      3552        108          0          0          0       7044   stm32h7xx_hal_rcc.o
      7220        180          0          0          0      10747   stm32h7xx_hal_rcc_ex.o
      3524        284          0          0          0      20359   stm32h7xx_hal_tim.o
       390         38          0          0          0       4128   stm32h7xx_hal_tim_ex.o
      5946        200         24          0          0      42344   stm32h7xx_hal_uart.o
       360         10         16          0          0       5606   stm32h7xx_hal_uart_ex.o
       162         48          0          0          0       8348   stm32h7xx_it.o
       252         40         16          8          0       1426   system_stm32h7xx.o
      1560        120          0          0          0       3486   target.o
      2870        210          0          0        836    1141782   tim.o
      1472        118          0          2        992       8190   usart.o

    ----------------------------------------------------------------------
     61304       3782        808       1104     151696    4101113   Object Totals
         0          0         48          0          0          0   (incl. Generated)
        42          4          4          5          5          0   (incl. Padding)

    ----------------------------------------------------------------------

      Code (inc. data)   RO Data    RW Data    ZI Data      Debug   Library Member Name

       512        110        152          0          0        224   atan.o
       176         18          0          0          0        156   cos.o
       224         42         48          0          0        184   cos_i.o
        54         28          0          0          0        348   dunder.o
        24          0          0          0          0        124   fabs.o
        48          0          0          0          0        124   fpclassify.o
       112          0          0          0          0        116   poly.o
       784        138        200          0          0        172   rred.o
       176         18          0          0          0        160   sin.o
       168         24         40          0          0        196   sin_i.o
        86          0          0          0          0          0   __dczerorl2.o
         0          0          0          0          0          0   entry.o
         0          0          0          0          0          0   entry10a.o
         0          0          0          0          0          0   entry11a.o
         8          4          0          0          0          0   entry2.o
         4          0          0          0          0          0   entry5.o
         0          0          0          0          0          0   entry7b.o
         0          0          0          0          0          0   entry8b.o
         8          4          0          0          0          0   entry9a.o
        12          6          0          4          0         68   errno.o
        30          0          0          0          0          0   handlers.o
        36          8          0          0          0         68   init.o
         0          0          0          0          0          0   iusefp.o
        30          0          0          0          0         68   llshl.o
        32          0          0          0          0         68   llushr.o
        36          0          0          0          0         68   memcpya.o
        36          0          0          0          0        108   memseta.o
        50          8          0          0          0        152   printfb.o
         0          0          0          4          0          0   stdout.o
        98          0          0          0          0         92   uldiv.o

    ----------------------------------------------------------------------
      2752        408        440          8          0       2496   Library Totals
         8          0          0          0          0          0   (incl. Padding)

    ----------------------------------------------------------------------

      Code (inc. data)   RO Data    RW Data    ZI Data      Debug   Library Name

      2278        378        440          0          0       1804   m_wv.l
       466         30          0          8          0        692   mc_w.l

    ----------------------------------------------------------------------
      2752        408        440          8          0       2496   Library Totals

    ----------------------------------------------------------------------

==============================================================================


      Code (inc. data)   RO Data    RW Data    ZI Data      Debug   

     64056       4190       1248       1112     151696    4080833   Grand Totals
     64056       4190       1248        152     151696    4080833   ELF Image Totals (compressed)
     64056       4190       1248        152          0          0   ROM Totals

==============================================================================

    Total RO  Size (Code + RO Data)                65304 (  63.77kB)
    Total RW  Size (RW Data + ZI Data)            152808 ( 149.23kB)
    Total ROM Size (Code + RO Data + RW Data)      65456 (  63.92kB)

==============================================================================

