Component: ARM Compiler 5.06 update 6 (build 750) Tool: armlink [4d35ed]

==============================================================================

Section Cross References

    startup_stm32h743xx.o(RESET) refers to startup_stm32h743xx.o(STACK) for __initial_sp
    startup_stm32h743xx.o(RESET) refers to startup_stm32h743xx.o(.text) for Reset_Handler
    startup_stm32h743xx.o(RESET) refers to stm32h7xx_it.o(i.NMI_Handler) for NMI_Handler
    startup_stm32h743xx.o(RESET) refers to stm32h7xx_it.o(i.HardFault_Handler) for HardFault_Handler
    startup_stm32h743xx.o(RESET) refers to stm32h7xx_it.o(i.MemManage_Handler) for MemManage_Handler
    startup_stm32h743xx.o(RESET) refers to stm32h7xx_it.o(i.BusFault_Handler) for BusFault_Handler
    startup_stm32h743xx.o(RESET) refers to stm32h7xx_it.o(i.UsageFault_Handler) for UsageFault_Handler
    startup_stm32h743xx.o(RESET) refers to stm32h7xx_it.o(i.SVC_Handler) for SVC_Handler
    startup_stm32h743xx.o(RESET) refers to stm32h7xx_it.o(i.DebugMon_Handler) for DebugMon_Handler
    startup_stm32h743xx.o(RESET) refers to stm32h7xx_it.o(i.PendSV_Handler) for PendSV_Handler
    startup_stm32h743xx.o(RESET) refers to stm32h7xx_it.o(i.SysTick_Handler) for SysTick_Handler
    startup_stm32h743xx.o(RESET) refers to stm32h7xx_it.o(i.DMA1_Stream0_IRQHandler) for DMA1_Stream0_IRQHandler
    startup_stm32h743xx.o(RESET) refers to stm32h7xx_it.o(i.DMA1_Stream1_IRQHandler) for DMA1_Stream1_IRQHandler
    startup_stm32h743xx.o(RESET) refers to stm32h7xx_it.o(i.USART1_IRQHandler) for USART1_IRQHandler
    startup_stm32h743xx.o(RESET) refers to stm32h7xx_it.o(i.USART2_IRQHandler) for USART2_IRQHandler
    startup_stm32h743xx.o(RESET) refers to stm32h7xx_it.o(i.USART3_IRQHandler) for USART3_IRQHandler
    startup_stm32h743xx.o(RESET) refers to stm32h7xx_it.o(i.TIM6_DAC_IRQHandler) for TIM6_DAC_IRQHandler
    startup_stm32h743xx.o(.text) refers to system_stm32h7xx.o(i.SystemInit) for SystemInit
    startup_stm32h743xx.o(.text) refers to entry.o(.ARM.Collect$$$$00000000) for __main
    main.o(i.MPU_Config) refers to stm32h7xx_hal_cortex.o(i.HAL_MPU_Disable) for HAL_MPU_Disable
    main.o(i.MPU_Config) refers to stm32h7xx_hal_cortex.o(i.HAL_MPU_ConfigRegion) for HAL_MPU_ConfigRegion
    main.o(i.MPU_Config) refers to stm32h7xx_hal_cortex.o(i.HAL_MPU_Enable) for HAL_MPU_Enable
    main.o(i.PeriphCommonClock_Config) refers to memseta.o(.text) for __aeabi_memclr4
    main.o(i.PeriphCommonClock_Config) refers to stm32h7xx_hal_rcc_ex.o(i.HAL_RCCEx_PeriphCLKConfig) for HAL_RCCEx_PeriphCLKConfig
    main.o(i.PeriphCommonClock_Config) refers to main.o(i.Error_Handler) for Error_Handler
    main.o(i.SystemClock_Config) refers to memseta.o(.text) for __aeabi_memclr4
    main.o(i.SystemClock_Config) refers to stm32h7xx_hal_pwr_ex.o(i.HAL_PWREx_ConfigSupply) for HAL_PWREx_ConfigSupply
    main.o(i.SystemClock_Config) refers to stm32h7xx_hal_rcc.o(i.HAL_RCC_OscConfig) for HAL_RCC_OscConfig
    main.o(i.SystemClock_Config) refers to main.o(i.Error_Handler) for Error_Handler
    main.o(i.SystemClock_Config) refers to stm32h7xx_hal_rcc.o(i.HAL_RCC_ClockConfig) for HAL_RCC_ClockConfig
    main.o(i.main) refers to main.o(i.MPU_Config) for MPU_Config
    main.o(i.main) refers to stm32h7xx_hal.o(i.HAL_Init) for HAL_Init
    main.o(i.main) refers to main.o(i.SystemClock_Config) for SystemClock_Config
    main.o(i.main) refers to main.o(i.PeriphCommonClock_Config) for PeriphCommonClock_Config
    main.o(i.main) refers to gpio.o(i.MX_GPIO_Init) for MX_GPIO_Init
    main.o(i.main) refers to tim.o(i.MX_TIM1_Init) for MX_TIM1_Init
    main.o(i.main) refers to tim.o(i.MX_TIM2_Init) for MX_TIM2_Init
    main.o(i.main) refers to tim.o(i.MX_TIM3_Init) for MX_TIM3_Init
    main.o(i.main) refers to tim.o(i.MX_TIM4_Init) for MX_TIM4_Init
    main.o(i.main) refers to tim.o(i.MX_TIM5_Init) for MX_TIM5_Init
    main.o(i.main) refers to tim.o(i.MX_TIM6_Init) for MX_TIM6_Init
    main.o(i.main) refers to tim.o(i.MX_TIM8_Init) for MX_TIM8_Init
    main.o(i.main) refers to tim.o(i.MX_TIM12_Init) for MX_TIM12_Init
    main.o(i.main) refers to tim.o(i.MX_TIM13_Init) for MX_TIM13_Init
    main.o(i.main) refers to tim.o(i.MX_TIM14_Init) for MX_TIM14_Init
    main.o(i.main) refers to tim.o(i.MX_TIM15_Init) for MX_TIM15_Init
    main.o(i.main) refers to usart.o(i.MX_UART4_Init) for MX_UART4_Init
    main.o(i.main) refers to usart.o(i.MX_UART5_Init) for MX_UART5_Init
    main.o(i.main) refers to usart.o(i.MX_USART1_UART_Init) for MX_USART1_UART_Init
    main.o(i.main) refers to dma.o(i.MX_DMA_Init) for MX_DMA_Init
    main.o(i.main) refers to usart.o(i.MX_USART3_UART_Init) for MX_USART3_UART_Init
    main.o(i.main) refers to adc.o(i.MX_ADC3_Init) for MX_ADC3_Init
    main.o(i.main) refers to usart.o(i.MX_USART2_UART_Init) for MX_USART2_UART_Init
    main.o(i.main) refers to adc.o(i.MX_ADC1_Init) for MX_ADC1_Init
    main.o(i.main) refers to stm32h7xx_hal_tim.o(i.HAL_TIM_Base_Start_IT) for HAL_TIM_Base_Start_IT
[...]
    .bss                                     0x24000d10   Section      874  dataex.o(.bss)
    RxBuffer                                 0x24000f4e   Data          50  dataex.o(.bss)
    ucRxBuffer                               0x24000f80   Data         250  dataex.o(.bss)
    .bss                                     0x2400107c   Section      216  motor.o(.bss)
    .bss                                     0x24001154   Section     2576  fc_pid.o(.bss)
    .bss                                     0x24001b64   Section    144048  inv_kine.o(.bss)
    STACK                                    0x24024e18   Section     1024  startup_stm32h743xx.o(STACK)
    .RAM_D3                                  0x38000000   Section       56  main.o(.RAM_D3)

    Global Symbols

    Symbol Name                              Value     Ov Type        Size  Object(Section)

    BuildAttributes$$THM_ISAv4$E$P$D$K$B$S$7EM$VFPv5_D16$PE$PLD8$A:L22UL41UL21$X:L11$S22US41US21$IEEE1$IW$USESV6$~STKCKD$USESV7$~SHL$OTIME$ROPI$IEEEX$EBA8$MICROLIB$REQ8$PRES8$EABIv2 0x00000000   Number         0  anon$$obj.o ABSOLUTE
    __ARM_use_no_argv                        0x00000000   Number         0  main.o ABSOLUTE
    _printf_a                                0x00000000   Number         0  stubs.o ABSOLUTE
    _printf_c                                0x00000000   Number         0  stubs.o ABSOLUTE
    _printf_charcount                        0x00000000   Number         0  stubs.o ABSOLUTE
    _printf_d                                0x00000000   Number         0  stubs.o ABSOLUTE
    _printf_e                                0x00000000   Number         0  stubs.o ABSOLUTE
    _printf_f                                0x00000000   Number         0  stubs.o ABSOLUTE
    _printf_flags                            0x00000000   Number         0  stubs.o ABSOLUTE
    _printf_fp_dec                           0x00000000   Number         0  stubs.o ABSOLUTE
    _printf_fp_hex                           0x00000000   Number         0  stubs.o ABSOLUTE
    _printf_g                                0x00000000   Number         0  stubs.o ABSOLUTE
    _printf_i                                0x00000000   Number         0  stubs.o ABSOLUTE
    _printf_int_dec                          0x00000000   Number         0  stubs.o ABSOLUTE
    _printf_l                                0x00000000   Number         0  stubs.o ABSOLUTE
    _printf_lc                               0x00000000   Number         0  stubs.o ABSOLUTE
    _printf_ll                               0x00000000   Number         0  stubs.o ABSOLUTE
    _printf_lld                              0x00000000   Number         0  stubs.o ABSOLUTE
    _printf_lli                              0x00000000   Number         0  stubs.o ABSOLUTE
    _printf_llo                              0x00000000   Number         0  stubs.o ABSOLUTE
    _printf_llu                              0x00000000   Number         0  stubs.o ABSOLUTE
    _printf_llx                              0x00000000   Number         0  stubs.o ABSOLUTE
    _printf_longlong_dec                     0x00000000   Number         0  stubs.o ABSOLUTE
    _printf_longlong_hex                     0x00000000   Number         0  stubs.o ABSOLUTE
    _printf_longlong_oct                     0x00000000   Number         0  stubs.o ABSOLUTE
    _printf_ls                               0x00000000   Number         0  stubs.o ABSOLUTE
    _printf_mbtowc                           0x00000000   Number         0  stubs.o ABSOLUTE
    _printf_n                                0x00000000   Number         0  stubs.o ABSOLUTE
    _printf_o                                0x00000000   Number         0  stubs.o ABSOLUTE
    _printf_p                                0x00000000   Number         0  stubs.o ABSOLUTE
    _printf_percent                          0x00000000   Number         0  stubs.o ABSOLUTE
    _printf_pre_padding                      0x00000000   Number         0  stubs.o ABSOLUTE
    _printf_return_value                     0x00000000   Number         0  stubs.o ABSOLUTE
    _printf_s                                0x00000000   Number         0  stubs.o ABSOLUTE
    _printf_sizespec                         0x00000000   Number         0  stubs.o ABSOLUTE
    _printf_str                              0x00000000   Number         0  stubs.o ABSOLUTE
    _printf_truncate_signed                  0x00000000   Number         0  stubs.o ABSOLUTE
    _printf_truncate_unsigned                0x00000000   Number         0  stubs.o ABSOLUTE
    _printf_u                                0x00000000   Number         0  stubs.o ABSOLUTE
    _printf_wc                               0x00000000   Number         0  stubs.o ABSOLUTE
    _printf_wctomb                           0x00000000   Number         0  stubs.o ABSOLUTE
    _printf_widthprec                        0x00000000   Number         0  stubs.o ABSOLUTE
    _printf_x                                0x00000000   Number         0  stubs.o ABSOLUTE
    __cpp_initialize__aeabi_                  - Undefined Weak Reference
    __cxa_finalize                            - Undefined Weak Reference
    _clock_init                               - Undefined Weak Reference
    _microlib_exit                            - Undefined Weak Reference
    __Vectors_Size                           0x00000298   Number         0  startup_stm32h743xx.o ABSOLUTE
    __Vectors                                0x08000000   Data           4  startup_stm32h743xx.o(RESET)
    __Vectors_End                            0x08000298   Data           0  startup_stm32h743xx.o(RESET)
    __main                                   0x08000299   Thumb Code     0  entry.o(.ARM.Collect$$$$00000000)
    _main_stk                                0x08000299   Thumb Code     0  entry2.o(.ARM.Collect$$$$00000001)
    _main_scatterload                        0x0800029d   Thumb Code     0  entry5.o(.ARM.Collect$$$$00000004)
    __main_after_scatterload                 0x080002a1   Thumb Code     0  entry5.o(.ARM.Collect$$$$00000004)
    _main_clock                              0x080002a1   Thumb Code     0  entry7b.o(.ARM.Collect$$$$00000008)
    _main_cpp_init                           0x080002a1   Thumb Code     0  entry8b.o(.ARM.Collect$$$$0000000A)
    _main_init                               0x080002a1   Thumb Code     0  entry9a.o(.ARM.Collect$$$$0000000B)
    __rt_final_cpp                           0x080002a9   Thumb Code     0  entry10a.o(.ARM.Collect$$$$0000000D)
    __rt_final_exit                          0x080002a9   Thumb Code     0  entry11a.o(.ARM.Collect$$$$0000000F)
    Reset_Handler                            0x080002ad   Thumb Code     8  startup_stm32h743xx.o(.text)
    ADC3_IRQHandler                          0x080002c7   Thumb Code     0  startup_stm32h743xx.o(.text)
    ADC_IRQHandler                           0x080002c7   Thumb Code     0  startup_stm32h743xx.o(.text)
    BDMA_Channel0_IRQHandler                 0x080002c7   Thumb Code     0  startup_stm32h743xx.o(.text)
    BDMA_Channel1_IRQHandler                 0x080002c7   Thumb Code     0  startup_stm32h743xx.o(.text)
    BDMA_Channel2_IRQHandler                 0x080002c7   Thumb Code     0  startup_stm32h743xx.o(.text)
    BDMA_Channel3_IRQHandler                 0x080002c7   Thumb Code     0  startup_stm32h743xx.o(.text)
    BDMA_Channel4_IRQHandler                 0x080002c7   Thumb Code     0  startup_stm32h743xx.o(.text)
    BDMA_Channel5_IRQHandler                 0x080002c7   Thumb Code     0  startup_stm32h743xx.o(.text)
    BDMA_Channel6_IRQHandler                 0x080002c7   Thumb Code     0  startup_stm32h743xx.o(.text)
    BDMA_Channel7_IRQHandler                 0x080002c7   Thumb Code     0  startup_stm32h743xx.o(.text)
    CEC_IRQHandler                           0x080002c7   Thumb Code     0  startup_stm32h743xx.o(.text)
    COMP1_IRQHandler                         0x080002c7   Thumb Code     0  startup_stm32h743xx.o(.text)
    CRS_IRQHandler                           0x080002c7   Thumb Code     0  startup_stm32h743xx.o(.text)
    DCMI_IRQHandler                          0x080002c7   Thumb Code     0  startup_stm32h743xx.o(.text)
    DFSDM1_FLT0_IRQHandler                   0x080002c7   Thumb Code     0  startup_stm32h743xx.o(.text)
    DFSDM1_FLT1_IRQHandler                   0x080002c7   Thumb Code     0  startup_stm32h743xx.o(.text)
    DFSDM1_FLT2_IRQHandler                   0x080002c7   Thumb Code     0  startup_stm32h743xx.o(.text)
    DFSDM1_FLT3_IRQHandler                   0x080002c7   Thumb Code     0  startup_stm32h743xx.o(.text)
    DMA1_Stream2_IRQHandler                  0x080002c7   Thumb Code     0  startup_stm32h743xx.o(.text)
    DMA1_Stream3_IRQHandler                  0x080002c7   Thumb Code     0  startup_stm32h743xx.o(.text)
    DMA1_Stream4_IRQHandler                  0x080002c7   Thumb Code     0  startup_stm32h743xx.o(.text)
    DMA1_Stream5_IRQHandler                  0x080002c7   Thumb Code     0  startup_stm32h743xx.o(.text)
    DMA1_Stream6_IRQHandler                  0x080002c7   Thumb Code     0  startup_stm32h743xx.o(.text)
    DMA1_Stream7_IRQHandler                  0x080002c7   Thumb Code     0  startup_stm32h743xx.o(.text)
    DMA2D_IRQHandler                         0x080002c7   Thumb Code     0  startup_stm32h743xx.o(.text)
    DMA2_Stream0_IRQHandler                  0x080002c7   Thumb Code     0  startup_stm32h743xx.o(.text)
    DMA2_Stream1_IRQHandler                  0x080002c7   Thumb Code     0  startup_stm32h743xx.o(.text)
    DMA2_Stream2_IRQHandler                  0x080002c7   Thumb Code     0  startup_stm32h743xx.o(.text)
    DMA2_Stream3_IRQHandler                  0x080002c7   Thumb Code     0  startup_stm32h743xx.o(.text)
    DMA2_Stream4_IRQHandler                  0x080002c7   Thumb Code     0  startup_stm32h743xx.o(.text)
    DMA2_Stream5_IRQHandler                  0x080002c7   Thumb Code     0  startup_stm32h743xx.o(.text)
    DMA2_Stream6_IRQHandler                  0x080002c7   Thumb Code     0  startup_stm32h743xx.o(.text)
    DMA2_Stream7_IRQHandler                  0x080002c7   Thumb Code     0  startup_stm32h743xx.o(.text)
    DMAMUX1_OVR_IRQHandler                   0x080002c7   Thumb Code     0  startup_stm32h743xx.o(.text)
    DMAMUX2_OVR_IRQHandler                   0x080002c7   Thumb Code     0  startup_stm32h743xx.o(.text)
    ECC_IRQHandler                           0x080002c7   Thumb Code     0  startup_stm32h743xx.o(.text)
    ETH_IRQHandler                           0x080002c7   Thumb Code     0  startup_stm32h743xx.o(.text)
    ETH_WKUP_IRQHandler                      0x080002c7   Thumb Code     0  startup_stm32h743xx.o(.text)
    EXTI0_IRQHandler                         0x080002c7   Thumb Code     0  startup_stm32h743xx.o(.text)
    EXTI15_10_IRQHandler                     0x080002c7   Thumb Code     0  startup_stm32h743xx.o(.text)
    EXTI1_IRQHandler                         0x080002c7   Thumb Code     0  startup_stm32h743xx.o(.text)
    EXTI2_IRQHandler                         0x080002c7   Thumb Code     0  startup_stm32h743xx.o(.text)
    EXTI3_IRQHandler                         0x080002c7   Thumb Code     0  startup_stm32h743xx.o(.text)
    EXTI4_IRQHandler                         0x080002c7   Thumb Code     0  startup_stm32h743xx.o(.text)
    EXTI9_5_IRQHandler                       0x080002c7   Thumb Code     0  startup_stm32h743xx.o(.text)
    FDCAN1_IT0_IRQHandler                    0x080002c7   Thumb Code     0  startup_stm32h743xx.o(.text)
    FDCAN1_IT1_IRQHandler                    0x080002c7   Thumb Code     0  startup_stm32h743xx.o(.text)
    FDCAN2_IT0_IRQHandler                    0x080002c7   Thumb Code     0  startup_stm32h743xx.o(.text)
    FDCAN2_IT1_IRQHandler                    0x080002c7   Thumb Code     0  startup_stm32h743xx.o(.text)
    FDCAN_CAL_IRQHandler                     0x080002c7   Thumb Code     0  startup_stm32h743xx.o(.text)
    FLASH_IRQHandler                         0x080002c7   Thumb Code     0  startup_stm32h743xx.o(.text)
    FMC_IRQHandler                           0x080002c7   Thumb Code     0  startup_stm32h743xx.o(.text)
    FPU_IRQHandler                           0x080002c7   Thumb Code     0  startup_stm32h743xx.o(.text)
    HRTIM1_FLT_IRQHandler                    0x080002c7   Thumb Code     0  startup_stm32h743xx.o(.text)
    HRTIM1_Master_IRQHandler                 0x080002c7   Thumb Code     0  startup_stm32h743xx.o(.text)
    HRTIM1_TIMA_IRQHandler                   0x080002c7   Thumb Code     0  startup_stm32h743xx.o(.text)
    HRTIM1_TIMB_IRQHandler                   0x080002c7   Thumb Code     0  startup_stm32h743xx.o(.text)
    HRTIM1_TIMC_IRQHandler                   0x080002c7   Thumb Code     0  startup_stm32h743xx.o(.text)
    HRTIM1_TIMD_IRQHandler                   0x080002c7   Thumb Code     0  startup_stm32h743xx.o(.text)
    HRTIM1_TIME_IRQHandler                   0x080002c7   Thumb Code     0  startup_stm32h743xx.o(.text)
    HSEM1_IRQHandler                         0x080002c7   Thumb Code     0  startup_stm32h743xx.o(.text)
    I2C1_ER_IRQHandler                       0x080002c7   Thumb Code     0  startup_stm32h743xx.o(.text)
    I2C1_EV_IRQHandler                       0x080002c7   Thumb Code     0  startup_stm32h743xx.o(.text)
    I2C2_ER_IRQHandler                       0x080002c7   Thumb Code     0  startup_stm32h743xx.o(.text)
    I2C2_EV_IRQHandler                       0x080002c7   Thumb Code     0  startup_stm32h743xx.o(.text)
    I2C3_ER_IRQHandler                       0x080002c7   Thumb Code     0  startup_stm32h743xx.o(.text)
    I2C3_EV_IRQHandler                       0x080002c7   Thumb Code     0  startup_stm32h743xx.o(.text)
    I2C4_ER_IRQHandler                       0x080002c7   Thumb Code     0  startup_stm32h743xx.o(.text)
    I2C4_EV_IRQHandler                       0x080002c7   Thumb Code     0  startup_stm32h743xx.o(.text)
    JPEG_IRQHandler                          0x080002c7   Thumb Code     0  startup_stm32h743xx.o(.text)
    LPTIM1_IRQHandler                        0x080002c7   Thumb Code     0  startup_stm32h743xx.o(.text)
    LPTIM2_IRQHandler                        0x080002c7   Thumb Code     0  startup_stm32h743xx.o(.text)
    LPTIM3_IRQHandler                        0x080002c7   Thumb Code     0  startup_stm32h743xx.o(.text)
    LPTIM4_IRQHandler                        0x080002c7   Thumb Code     0  startup_stm32h743xx.o(.text)
    LPTIM5_IRQHandler                        0x080002c7   Thumb Code     0  startup_stm32h743xx.o(.text)
    LPUART1_IRQHandler                       0x080002c7   Thumb Code     0  startup_stm32h743xx.o(.text)
    LTDC_ER_IRQHandler                       0x080002c7   Thumb Code     0  startup_stm32h743xx.o(.text)
    LTDC_IRQHandler                          0x080002c7   Thumb Code     0  startup_stm32h743xx.o(.text)
    MDIOS_IRQHandler                         0x080002c7   Thumb Code     0  startup_stm32h743xx.o(.text)
    MDIOS_WKUP_IRQHandler                    0x080002c7   Thumb Code     0  startup_stm32h743xx.o(.text)
    MDMA_IRQHandler                          0x080002c7   Thumb Code     0  startup_stm32h743xx.o(.text)
    OTG_FS_EP1_IN_IRQHandler                 0x080002c7   Thumb Code     0  startup_stm32h743xx.o(.text)
    OTG_FS_EP1_OUT_IRQHandler                0x080002c7   Thumb Code     0  startup_stm32h743xx.o(.text)
    OTG_FS_IRQHandler                        0x080002c7   Thumb Code     0  startup_stm32h743xx.o(.text)
    OTG_FS_WKUP_IRQHandler                   0x080002c7   Thumb Code     0  startup_stm32h743xx.o(.text)
    OTG_HS_EP1_IN_IRQHandler                 0x080002c7   Thumb Code     0  startup_stm32h743xx.o(.text)
    OTG_HS_EP1_OUT_IRQHandler                0x080002c7   Thumb Code     0  startup_stm32h743xx.o(.text)
    OTG_HS_IRQHandler                        0x080002c7   Thumb Code     0  startup_stm32h743xx.o(.text)
    OTG_HS_WKUP_IRQHandler                   0x080002c7   Thumb Code     0  startup_stm32h743xx.o(.text)
    PVD_AVD_IRQHandler                       0x080002c7   Thumb Code     0  startup_stm32h743xx.o(.text)
    QUADSPI_IRQHandler                       0x080002c7   Thumb Code     0  startup_stm32h743xx.o(.text)
    RCC_IRQHandler                           0x080002c7   Thumb Code     0  startup_stm32h743xx.o(.text)
    RNG_IRQHandler                           0x080002c7   Thumb Code     0  startup_stm32h743xx.o(.text)
    RTC_Alarm_IRQHandler                     0x080002c7   Thumb Code     0  startup_stm32h743xx.o(.text)
    RTC_WKUP_IRQHandler                      0x080002c7   Thumb Code     0  startup_stm32h743xx.o(.text)
    SAI1_IRQHandler                          0x080002c7   Thumb Code     0  startup_stm32h743xx.o(.text)
    SAI2_IRQHandler                          0x080002c7   Thumb Code     0  startup_stm32h743xx.o(.text)
    SAI3_IRQHandler                          0x080002c7   Thumb Code     0  startup_stm32h743xx.o(.text)
    SAI4_IRQHandler                          0x080002c7   Thumb Code     0  startup_stm32h743xx.o(.text)
    SDMMC1_IRQHandler                        0x080002c7   Thumb Code     0  startup_stm32h743xx.o(.text)
    SDMMC2_IRQHandler                        0x080002c7   Thumb Code     0  startup_stm32h743xx.o(.text)
    SPDIF_RX_IRQHandler                      0x080002c7   Thumb Code     0  startup_stm32h743xx.o(.text)
    SPI1_IRQHandler                          0x080002c7   Thumb Code     0  startup_stm32h743xx.o(.text)
    SPI2_IRQHandler                          0x080002c7   Thumb Code     0  startup_stm32h743xx.o(.text)
    SPI3_IRQHandler                          0x080002c7   Thumb Code     0  startup_stm32h743xx.o(.text)
    SPI4_IRQHandler                          0x080002c7   Thumb Code     0  startup_stm32h743xx.o(.text)
    SPI5_IRQHandler                          0x080002c7   Thumb Code     0  startup_stm32h743xx.o(.text)
    SPI6_IRQHandler                          0x080002c7   Thumb Code     0  startup_stm32h743xx.o(.text)
    SWPMI1_IRQHandler                        0x080002c7   Thumb Code     0  startup_stm32h743xx.o(.text)
    TAMP_STAMP_IRQHandler                    0x080002c7   Thumb Code     0  startup_stm32h743xx.o(.text)
    TIM15_IRQHandler                         0x080002c7   Thumb Code     0  startup_stm32h743xx.o(.text)
    TIM16_IRQHandler                         0x080002c7   Thumb Code     0  startup_stm32h743xx.o(.text)
    TIM17_IRQHandler                         0x080002c7   Thumb Code     0  startup_stm32h743xx.o(.text)
    TIM1_BRK_IRQHandler                      0x080002c7   Thumb Code     0  startup_stm32h743xx.o(.text)
    TIM1_CC_IRQHandler                       0x080002c7   Thumb Code     0  startup_stm32h743xx.o(.text)
    TIM1_TRG_COM_IRQHandler                  0x080002c7   Thumb Code     0  startup_stm32h743xx.o(.text)
    TIM1_UP_IRQHandler                       0x080002c7   Thumb Code     0  startup_stm32h743xx.o(.text)
    TIM2_IRQHandler                          0x080002c7   Thumb Code     0  startup_stm32h743xx.o(.text)
    TIM3_IRQHandler                          0x080002c7   Thumb Code     0  startup_stm32h743xx.o(.text)
    TIM4_IRQHandler                          0x080002c7   Thumb Code     0  startup_stm32h743xx.o(.text)
    TIM5_IRQHandler                          0x080002c7   Thumb Code     0  startup_stm32h743xx.o(.text)
    TIM7_IRQHandler                          0x080002c7   Thumb Code     0  startup_stm32h743xx.o(.text)
    TIM8_BRK_TIM12_IRQHandler                0x080002c7   Thumb Code     0  startup_stm32h743xx.o(.text)
    TIM8_CC_IRQHandler                       0x080002c7   Thumb Code     0  startup_stm32h743xx.o(.text)
    TIM8_TRG_COM_TIM14_IRQHandler            0x080002c7   Thumb Code     0  startup_stm32h743xx.o(.text)
    TIM8_UP_TIM13_IRQHandler                 0x080002c7   Thumb Code     0  startup_stm32h743xx.o(.text)
    UART4_IRQHandler                         0x080002c7   Thumb Code     0  startup_stm32h743xx.o(.text)
    UART5_IRQHandler                         0x080002c7   Thumb Code     0  startup_stm32h743xx.o(.text)
    UART7_IRQHandler                         0x080002c7   Thumb Code     0  startup_stm32h743xx.o(.text)
    UART8_IRQHandler                         0x080002c7   Thumb Code     0  startup_stm32h743xx.o(.text)
    USART6_IRQHandler                        0x080002c7   Thumb Code     0  startup_stm32h743xx.o(.text)
    WAKEUP_PIN_IRQHandler                    0x080002c7   Thumb Code     0  startup_stm32h743xx.o(.text)
    WWDG_IRQHandler                          0x080002c7   Thumb Code     0  startup_stm32h743xx.o(.text)
    __aeabi_uldivmod                         0x080002d1   Thumb Code    98  uldiv.o(.text)
    __aeabi_memset                           0x08000333   Thumb Code    14  memseta.o(.text)
    __aeabi_memset4                          0x08000333   Thumb Code     0  memseta.o(.text)
    __aeabi_memset8                          0x08000333   Thumb Code     0  memseta.o(.text)
    __aeabi_memclr                           0x08000341   Thumb Code     4  memseta.o(.text)
    __aeabi_memclr4                          0x08000341   Thumb Code     0  memseta.o(.text)
    __aeabi_memclr8                          0x08000341   Thumb Code     0  memseta.o(.text)
    _memset$wrapper                          0x08000345   Thumb Code    18  memseta.o(.text)
    __aeabi_uidiv                            0x08000357   Thumb Code     0  uidiv.o(.text)
    __aeabi_uidivmod                         0x08000357   Thumb Code    44  uidiv.o(.text)
    __aeabi_llsl                             0x08000383   Thumb Code    30  llshl.o(.text)
    _ll_shift_l                              0x08000383   Thumb Code     0  llshl.o(.text)
    __aeabi_llsr                             0x080003a1   Thumb Code    32  llushr.o(.text)
    _ll_ushift_r                             0x080003a1   Thumb Code     0  llushr.o(.text)
    __I$use$fp                               0x080003c1   Thumb Code     0  iusefp.o(.text)
    __scatterload                            0x080003c1   Thumb Code    28  init.o(.text)
    __scatterload_rt2                        0x080003c1   Thumb Code     0  init.o(.text)
    __decompress                             0x080003e5   Thumb Code     0  __dczerorl2.o(.text)
    __decompress1                            0x080003e5   Thumb Code    86  __dczerorl2.o(.text)
    ADC_ConfigureBoostMode                   0x0800043d   Thumb Code   320  stm32h7xx_hal_adc.o(i.ADC_ConfigureBoostMode)
    ADC_DMAConvCplt                          0x0800059d   Thumb Code   146  stm32h7xx_hal_adc.o(i.ADC_DMAConvCplt)
    ADC_DMAError                             0x0800062f   Thumb Code    30  stm32h7xx_hal_adc.o(i.ADC_DMAError)
    ADC_DMAHalfConvCplt                      0x0800064d   Thumb Code    14  stm32h7xx_hal_adc.o(i.ADC_DMAHalfConvCplt)
    ADC_Disable                              0x0800065d   Thumb Code   142  stm32h7xx_hal_adc.o(i.ADC_Disable)
    ADC_Enable                               0x080006f1   Thumb Code   182  stm32h7xx_hal_adc.o(i.ADC_Enable)
    Angle_and_Speed_caculate                 0x08000809   Thumb Code   150  motor.o(i.Angle_and_Speed_caculate)
    BusFault_Handler                         0x080008b5   Thumb Code     4  stm32h7xx_it.o(i.BusFault_Handler)
    Check_Back                               0x080008b9   Thumb Code   384  dataex.o(i.Check_Back)
    Control_FC_update                        0x08000a69   Thumb Code  1890  fc_pid.o(i.Control_FC_update)
    Control_Init                             0x08001225   Thumb Code    40  control.o(i.Control_Init)
    Current_updata                           0x08001265   Thumb Code  1252  dataex.o(i.Current_updata)
    DMA1_Stream0_IRQHandler                  0x08001755   Thumb Code    10  stm32h7xx_it.o(i.DMA1_Stream0_IRQHandler)
    DMA1_Stream1_IRQHandler                  0x08001765   Thumb Code    10  stm32h7xx_it.o(i.DMA1_Stream1_IRQHandler)
    Data_Exchange                            0x08001ce1   Thumb Code   508  dataex.o(i.Data_Exchange)
    DebugMon_Handler                         0x08001f25   Thumb Code     2  stm32h7xx_it.o(i.DebugMon_Handler)
    Delay_10ms                               0x08001f27   Thumb Code    18  key.o(i.Delay_10ms)
    Encoder_value_updata                     0x08001f39   Thumb Code    54  dataex.o(i.Encoder_value_updata)
    Error_Handler                            0x08001f9d   Thumb Code     6  main.o(i.Error_Handler)
    Fuzzy_controller_realize                 0x08001fa5   Thumb Code   430  fc_pid.o(i.Fuzzy_controller_realize)
    Fuzzy_controller_setMf                   0x08002161   Thumb Code   104  fc_pid.o(i.Fuzzy_controller_setMf)
    Fuzzy_controller_setRule                 0x080021c9   Thumb Code    52  fc_pid.o(i.Fuzzy_controller_setRule)
    Fuzzy_controller_trimf                   0x080021fd   Thumb Code    94  fc_pid.o(i.Fuzzy_controller_trimf)
    HAL_ADCEx_Calibration_Start              0x08002261   Thumb Code   174  stm32h7xx_hal_adc_ex.o(i.HAL_ADCEx_Calibration_Start)
    HAL_ADCEx_MultiModeConfigChannel         0x08002319   Thumb Code   336  stm32h7xx_hal_adc_ex.o(i.HAL_ADCEx_MultiModeConfigChannel)
    HAL_ADC_ConfigChannel                    0x0800247d   Thumb Code  1306  stm32h7xx_hal_adc.o(i.HAL_ADC_ConfigChannel)
    HAL_ADC_ConvCpltCallback                 0x080029c1   Thumb Code     2  stm32h7xx_hal_adc.o(i.HAL_ADC_ConvCpltCallback)
    HAL_ADC_ConvHalfCpltCallback             0x080029c3   Thumb Code     2  stm32h7xx_hal_adc.o(i.HAL_ADC_ConvHalfCpltCallback)
    HAL_ADC_ErrorCallback                    0x080029c5   Thumb Code     2  stm32h7xx_hal_adc.o(i.HAL_ADC_ErrorCallback)
    HAL_ADC_Init                             0x080029c9   Thumb Code   608  stm32h7xx_hal_adc.o(i.HAL_ADC_Init)
    HAL_ADC_MspInit                          0x08002c55   Thumb Code   404  adc.o(i.HAL_ADC_MspInit)
    HAL_ADC_Start_DMA                        0x08002e0d   Thumb Code   278  stm32h7xx_hal_adc.o(i.HAL_ADC_Start_DMA)
    HAL_DMA_Abort                            0x08002f41   Thumb Code  1236  stm32h7xx_hal_dma.o(i.HAL_DMA_Abort)
    HAL_DMA_Abort_IT                         0x0800341d   Thumb Code   906  stm32h7xx_hal_dma.o(i.HAL_DMA_Abort_IT)
    HAL_DMA_IRQHandler                       0x080037b5   Thumb Code  2798  stm32h7xx_hal_dma.o(i.HAL_DMA_IRQHandler)
    HAL_DMA_Init                             0x080042ad   Thumb Code  1304  stm32h7xx_hal_dma.o(i.HAL_DMA_Init)
    HAL_DMA_Start_IT                         0x080047cd   Thumb Code   980  stm32h7xx_hal_dma.o(i.HAL_DMA_Start_IT)
    HAL_Delay                                0x08004bad   Thumb Code    36  stm32h7xx_hal.o(i.HAL_Delay)
    HAL_GPIO_Init                            0x08004bd5   Thumb Code   456  stm32h7xx_hal_gpio.o(i.HAL_GPIO_Init)
    HAL_GPIO_ReadPin                         0x08004dd1   Thumb Code    16  stm32h7xx_hal_gpio.o(i.HAL_GPIO_ReadPin)
    HAL_GPIO_TogglePin                       0x08004de1   Thumb Code    20  stm32h7xx_hal_gpio.o(i.HAL_GPIO_TogglePin)
    HAL_GPIO_WritePin                        0x08004df5   Thumb Code    12  stm32h7xx_hal_gpio.o(i.HAL_GPIO_WritePin)
    HAL_GetREVID                             0x08004e01   Thumb Code     8  stm32h7xx_hal.o(i.HAL_GetREVID)
    HAL_GetTick                              0x08004e0d   Thumb Code     6  stm32h7xx_hal.o(i.HAL_GetTick)
    HAL_IncTick                              0x08004e19   Thumb Code    16  stm32h7xx_hal.o(i.HAL_IncTick)
    HAL_Init                                 0x08004e31   Thumb Code    80  stm32h7xx_hal.o(i.HAL_Init)
    HAL_InitTick                             0x08004e91   Thumb Code    74  stm32h7xx_hal.o(i.HAL_InitTick)
    HAL_MPU_ConfigRegion                     0x08004ee9   Thumb Code    88  stm32h7xx_hal_cortex.o(i.HAL_MPU_ConfigRegion)
    HAL_MPU_Disable                          0x08004f45   Thumb Code    38  stm32h7xx_hal_cortex.o(i.HAL_MPU_Disable)
    HAL_MPU_Enable                           0x08004f71   Thumb Code    58  stm32h7xx_hal_cortex.o(i.HAL_MPU_Enable)
    HAL_MspInit                              0x08004fb1   Thumb Code    32  stm32h7xx_hal_msp.o(i.HAL_MspInit)
    HAL_NVIC_EnableIRQ                       0x08004fd5   Thumb Code    40  stm32h7xx_hal_cortex.o(i.HAL_NVIC_EnableIRQ)
    HAL_NVIC_SetPriority                     0x08004ffd   Thumb Code   122  stm32h7xx_hal_cortex.o(i.HAL_NVIC_SetPriority)
    HAL_NVIC_SetPriorityGrouping             0x08005079   Thumb Code    32  stm32h7xx_hal_cortex.o(i.HAL_NVIC_SetPriorityGrouping)
    HAL_PWREx_ConfigSupply                   0x080050a1   Thumb Code    90  stm32h7xx_hal_pwr_ex.o(i.HAL_PWREx_ConfigSupply)
    HAL_RCCEx_GetD3PCLK1Freq                 0x08005101   Thumb Code    26  stm32h7xx_hal_rcc_ex.o(i.HAL_RCCEx_GetD3PCLK1Freq)
    HAL_RCCEx_GetPLL1ClockFreq               0x08005125   Thumb Code   536  stm32h7xx_hal_rcc_ex.o(i.HAL_RCCEx_GetPLL1ClockFreq)
    HAL_RCCEx_GetPLL2ClockFreq               0x08005355   Thumb Code   536  stm32h7xx_hal_rcc_ex.o(i.HAL_RCCEx_GetPLL2ClockFreq)
    HAL_RCCEx_GetPLL3ClockFreq               0x08005585   Thumb Code   536  stm32h7xx_hal_rcc_ex.o(i.HAL_RCCEx_GetPLL3ClockFreq)
    HAL_RCCEx_GetPeriphCLKFreq               0x080057b5   Thumb Code  1856  stm32h7xx_hal_rcc_ex.o(i.HAL_RCCEx_GetPeriphCLKFreq)
    HAL_RCCEx_PeriphCLKConfig                0x08005f09   Thumb Code  2910  stm32h7xx_hal_rcc_ex.o(i.HAL_RCCEx_PeriphCLKConfig)
    HAL_RCC_ClockConfig                      0x08006a6d   Thumb Code   774  stm32h7xx_hal_rcc.o(i.HAL_RCC_ClockConfig)
    HAL_RCC_GetHCLKFreq                      0x08006d8d   Thumb Code    60  stm32h7xx_hal_rcc.o(i.HAL_RCC_GetHCLKFreq)
    HAL_RCC_GetPCLK1Freq                     0x08006dd9   Thumb Code    26  stm32h7xx_hal_rcc.o(i.HAL_RCC_GetPCLK1Freq)
    HAL_RCC_GetPCLK2Freq                     0x08006dfd   Thumb Code    26  stm32h7xx_hal_rcc.o(i.HAL_RCC_GetPCLK2Freq)
    HAL_RCC_GetSysClockFreq                  0x08006e21   Thumb Code   524  stm32h7xx_hal_rcc.o(i.HAL_RCC_GetSysClockFreq)
    HAL_RCC_OscConfig                        0x0800704d   Thumb Code  2048  stm32h7xx_hal_rcc.o(i.HAL_RCC_OscConfig)
    HAL_SYSCFG_AnalogSwitchConfig            0x0800784d   Thumb Code    14  stm32h7xx_hal.o(i.HAL_SYSCFG_AnalogSwitchConfig)
    HAL_SYSTICK_Config                       0x08007861   Thumb Code    52  stm32h7xx_hal_cortex.o(i.HAL_SYSTICK_Config)
    HAL_TIMEx_Break2Callback                 0x08007895   Thumb Code     2  stm32h7xx_hal_tim_ex.o(i.HAL_TIMEx_Break2Callback)
    HAL_TIMEx_BreakCallback                  0x08007897   Thumb Code     2  stm32h7xx_hal_tim_ex.o(i.HAL_TIMEx_BreakCallback)
    HAL_TIMEx_CommutCallback                 0x08007899   Thumb Code     2  stm32h7xx_hal_tim_ex.o(i.HAL_TIMEx_CommutCallback)
    HAL_TIMEx_ConfigBreakDeadTime            0x0800789d   Thumb Code   172  stm32h7xx_hal_tim_ex.o(i.HAL_TIMEx_ConfigBreakDeadTime)
    HAL_TIMEx_MasterConfigSynchronization    0x08007951   Thumb Code   174  stm32h7xx_hal_tim_ex.o(i.HAL_TIMEx_MasterConfigSynchronization)
    HAL_TIM_Base_Init                        0x08007a1d   Thumb Code   110  stm32h7xx_hal_tim.o(i.HAL_TIM_Base_Init)
    HAL_TIM_Base_MspInit                     0x08007a8d   Thumb Code   208  tim.o(i.HAL_TIM_Base_MspInit)
    HAL_TIM_Base_Start_IT                    0x08007b75   Thumb Code   146  stm32h7xx_hal_tim.o(i.HAL_TIM_Base_Start_IT)
    HAL_TIM_ConfigClockSource                0x08007c29   Thumb Code   304  stm32h7xx_hal_tim.o(i.HAL_TIM_ConfigClockSource)
    HAL_TIM_Encoder_Init                     0x08007d5d   Thumb Code   198  stm32h7xx_hal_tim.o(i.HAL_TIM_Encoder_Init)
    HAL_TIM_Encoder_MspInit                  0x08007e29   Thumb Code   666  tim.o(i.HAL_TIM_Encoder_MspInit)
    HAL_TIM_Encoder_Start                    0x080080f1   Thumb Code   204  stm32h7xx_hal_tim.o(i.HAL_TIM_Encoder_Start)
    HAL_TIM_IC_CaptureCallback               0x080081bd   Thumb Code     2  stm32h7xx_hal_tim.o(i.HAL_TIM_IC_CaptureCallback)
    HAL_TIM_IRQHandler                       0x080081bf   Thumb Code   440  stm32h7xx_hal_tim.o(i.HAL_TIM_IRQHandler)
    HAL_TIM_MspPostInit                      0x08008379   Thumb Code   274  tim.o(i.HAL_TIM_MspPostInit)
    HAL_TIM_OC_DelayElapsedCallback          0x080084ad   Thumb Code     2  stm32h7xx_hal_tim.o(i.HAL_TIM_OC_DelayElapsedCallback)
    HAL_TIM_PWM_ConfigChannel                0x080084af   Thumb Code   368  stm32h7xx_hal_tim.o(i.HAL_TIM_PWM_ConfigChannel)
    HAL_TIM_PWM_Init                         0x0800861f   Thumb Code   110  stm32h7xx_hal_tim.o(i.HAL_TIM_PWM_Init)
    HAL_TIM_PWM_MspInit                      0x0800868d   Thumb Code     2  stm32h7xx_hal_tim.o(i.HAL_TIM_PWM_MspInit)
    HAL_TIM_PWM_PulseFinishedCallback        0x0800868f   Thumb Code     2  stm32h7xx_hal_tim.o(i.HAL_TIM_PWM_PulseFinishedCallback)
    HAL_TIM_PWM_Start                        0x08008691   Thumb Code   314  stm32h7xx_hal_tim.o(i.HAL_TIM_PWM_Start)
    HAL_TIM_PeriodElapsedCallback            0x080087f5   Thumb Code    24  tim.o(i.HAL_TIM_PeriodElapsedCallback)
    HAL_TIM_TriggerCallback                  0x08008815   Thumb Code     2  stm32h7xx_hal_tim.o(i.HAL_TIM_TriggerCallback)
    HAL_UARTEx_DisableFifoMode               0x08008817   Thumb Code    78  stm32h7xx_hal_uart_ex.o(i.HAL_UARTEx_DisableFifoMode)
    HAL_UARTEx_RxEventCallback               0x08008865   Thumb Code     2  stm32h7xx_hal_uart.o(i.HAL_UARTEx_RxEventCallback)
    HAL_UARTEx_RxFifoFullCallback            0x08008867   Thumb Code     2  stm32h7xx_hal_uart_ex.o(i.HAL_UARTEx_RxFifoFullCallback)
    HAL_UARTEx_SetRxFifoThreshold            0x08008869   Thumb Code    94  stm32h7xx_hal_uart_ex.o(i.HAL_UARTEx_SetRxFifoThreshold)
    HAL_UARTEx_SetTxFifoThreshold            0x080088c7   Thumb Code    94  stm32h7xx_hal_uart_ex.o(i.HAL_UARTEx_SetTxFifoThreshold)
    HAL_UARTEx_TxFifoEmptyCallback           0x08008925   Thumb Code     2  stm32h7xx_hal_uart_ex.o(i.HAL_UARTEx_TxFifoEmptyCallback)
    HAL_UARTEx_WakeupCallback                0x08008927   Thumb Code     2  stm32h7xx_hal_uart_ex.o(i.HAL_UARTEx_WakeupCallback)
    HAL_UART_ErrorCallback                   0x08008929   Thumb Code     2  stm32h7xx_hal_uart.o(i.HAL_UART_ErrorCallback)
    HAL_UART_IRQHandler                      0x0800892d   Thumb Code  1112  stm32h7xx_hal_uart.o(i.HAL_UART_IRQHandler)
    HAL_UART_Init                            0x08008d85   Thumb Code   120  stm32h7xx_hal_uart.o(i.HAL_UART_Init)
    HAL_UART_MspInit                         0x08008dfd   Thumb Code   664  usart.o(i.HAL_UART_MspInit)
    HAL_UART_Receive_IT                      0x080090b5   Thumb Code   110  stm32h7xx_hal_uart.o(i.HAL_UART_Receive_IT)
    HAL_UART_RxCpltCallback                  0x08009129   Thumb Code    32  usart.o(i.HAL_UART_RxCpltCallback)
    HAL_UART_Transmit                        0x08009155   Thumb Code   214  stm32h7xx_hal_uart.o(i.HAL_UART_Transmit)
    HAL_UART_TxCpltCallback                  0x0800922b   Thumb Code     2  stm32h7xx_hal_uart.o(i.HAL_UART_TxCpltCallback)
    HardFault_Handler                        0x0800922d   Thumb Code     4  stm32h7xx_it.o(i.HardFault_Handler)
    Inv_Kine_Caculator                       0x08009231   Thumb Code   686  inv_kine.o(i.Inv_Kine_Caculator)
    Key_switch                               0x08009501   Thumb Code   132  key.o(i.Key_switch)
    MX_ADC1_Init                             0x080096ad   Thumb Code   314  adc.o(i.MX_ADC1_Init)
    MX_ADC3_Init                             0x08009809   Thumb Code   194  adc.o(i.MX_ADC3_Init)
    MX_DMA_Init                              0x080098dd   Thumb Code    64  dma.o(i.MX_DMA_Init)
    MX_GPIO_Init                             0x08009921   Thumb Code   296  gpio.o(i.MX_GPIO_Init)
    MX_TIM12_Init                            0x08009a59   Thumb Code   148  tim.o(i.MX_TIM12_Init)
    MX_TIM13_Init                            0x08009af5   Thumb Code   102  tim.o(i.MX_TIM13_Init)
    MX_TIM14_Init                            0x08009b65   Thumb Code   102  tim.o(i.MX_TIM14_Init)
    MX_TIM15_Init                            0x08009bd5   Thumb Code   234  tim.o(i.MX_TIM15_Init)
    MX_TIM1_Init                             0x08009cc9   Thumb Code   136  tim.o(i.MX_TIM1_Init)
    MX_TIM2_Init                             0x08009d59   Thumb Code   136  tim.o(i.MX_TIM2_Init)
    MX_TIM3_Init                             0x08009de5   Thumb Code   134  tim.o(i.MX_TIM3_Init)
    MX_TIM4_Init                             0x08009e75   Thumb Code   134  tim.o(i.MX_TIM4_Init)
    MX_TIM5_Init                             0x08009f05   Thumb Code   134  tim.o(i.MX_TIM5_Init)
    MX_TIM6_Init                             0x08009f95   Thumb Code    68  tim.o(i.MX_TIM6_Init)
    MX_TIM8_Init                             0x08009fe1   Thumb Code   138  tim.o(i.MX_TIM8_Init)
    MX_UART4_Init                            0x0800a075   Thumb Code    98  usart.o(i.MX_UART4_Init)
    MX_UART5_Init                            0x0800a0e1   Thumb Code    98  usart.o(i.MX_UART5_Init)
    MX_USART1_UART_Init                      0x0800a14d   Thumb Code   108  usart.o(i.MX_USART1_UART_Init)
    MX_USART2_UART_Init                      0x0800a1c5   Thumb Code    98  usart.o(i.MX_USART2_UART_Init)
    MX_USART3_UART_Init                      0x0800a231   Thumb Code   112  usart.o(i.MX_USART3_UART_Init)
    MemManage_Handler                        0x0800a2ad   Thumb Code     4  stm32h7xx_it.o(i.MemManage_Handler)
    Motor1_driver_ctrl                       0x0800a2b1   Thumb Code   144  motor.o(i.Motor1_driver_ctrl)
    Motor2_driver_ctrl                       0x0800a34d   Thumb Code   144  motor.o(i.Motor2_driver_ctrl)
    Motor3_driver_ctrl                       0x0800a3e9   Thumb Code   144  motor.o(i.Motor3_driver_ctrl)
    Motor4_driver_ctrl                       0x0800a485   Thumb Code   144  motor.o(i.Motor4_driver_ctrl)
    Motor5_driver_ctrl                       0x0800a521   Thumb Code   148  motor.o(i.Motor5_driver_ctrl)
    Motor6_driver_ctrl                       0x0800a5c1   Thumb Code   148  motor.o(i.Motor6_driver_ctrl)
    Motor_AdustedFlag_from_PC                0x0800a661   Thumb Code   108  key.o(i.Motor_AdustedFlag_from_PC)
    Motor_Adusted_from_PC                    0x0800a6e5   Thumb Code   332  key.o(i.Motor_Adusted_from_PC)
    Motor_Enable                             0x0800a851   Thumb Code   240  dataex.o(i.Motor_Enable)
    Motor_Init                               0x0800a961   Thumb Code   116  motor.o(i.Motor_Init)
    Motor_x_control_pid_Init                 0x0800a9f1   Thumb Code    66  control.o(i.Motor_x_control_pid_Init)
    Motor_x_control_pid_PWM                  0x0800aa39   Thumb Code   268  control.o(i.Motor_x_control_pid_PWM)
    Motorx_Ctrl                              0x0800ab55   Thumb Code   258  motor.o(i.Motorx_Ctrl)
    NMI_Handler                              0x0800ac71   Thumb Code     4  stm32h7xx_it.o(i.NMI_Handler)
    PendSV_Handler                           0x0800ac75   Thumb Code     2  stm32h7xx_it.o(i.PendSV_Handler)
    PeriphCommonClock_Config                 0x0800ac77   Thumb Code    68  main.o(i.PeriphCommonClock_Config)
    Pid_Set                                  0x0800acbb   Thumb Code    14  control.o(i.Pid_Set)
    Received_data_check                      0x0800af91   Thumb Code   252  dataex.o(i.Received_data_check)
    Received_data_progress                   0x0800b0a9   Thumb Code  1410  dataex.o(i.Received_data_progress)
    SVC_Handler                              0x0800b645   Thumb Code     2  stm32h7xx_it.o(i.SVC_Handler)
    Send_Data2NiMing                         0x0800b649   Thumb Code  1392  dataex.o(i.Send_Data2NiMing)
    Send_Data2PC                             0x0800bbcd   Thumb Code   936  dataex.o(i.Send_Data2PC)
    Send_PID1_to_PC                          0x0800bf95   Thumb Code   490  dataex.o(i.Send_PID1_to_PC)
    Send_PID2_to_PC                          0x0800c195   Thumb Code   490  dataex.o(i.Send_PID2_to_PC)
    ShouDongNeiWaiXuan_Function              0x0800c395   Thumb Code   422  key.o(i.ShouDongNeiWaiXuan_Function)
    ShouDongQuShenZhanShou_Function          0x0800c55d   Thumb Code   468  key.o(i.ShouDongQuShenZhanShou_Function)
    SysTick_Handler                          0x0800c755   Thumb Code     8  stm32h7xx_it.o(i.SysTick_Handler)
    SystemClock_Config                       0x0800c75d   Thumb Code   210  main.o(i.SystemClock_Config)
    SystemInit                               0x0800c83d   Thumb Code   212  system_stm32h7xx.o(i.SystemInit)
    TIM6_DAC_IRQHandler                      0x0800c939   Thumb Code    10  stm32h7xx_it.o(i.TIM6_DAC_IRQHandler)
    TIM_Base_SetConfig                       0x0800c949   Thumb Code   170  stm32h7xx_hal_tim.o(i.TIM_Base_SetConfig)
    TIM_CCxChannelCmd                        0x0800ca15   Thumb Code    34  stm32h7xx_hal_tim.o(i.TIM_CCxChannelCmd)
    TIM_ETR_SetConfig                        0x0800ca37   Thumb Code    22  stm32h7xx_hal_tim.o(i.TIM_ETR_SetConfig)
    TIM_OC2_SetConfig                        0x0800cb11   Thumb Code   156  stm32h7xx_hal_tim.o(i.TIM_OC2_SetConfig)
    UART_AdvFeatureConfig                    0x0800ce75   Thumb Code   248  stm32h7xx_hal_uart.o(i.UART_AdvFeatureConfig)
    UART_CheckIdleState                      0x0800cf6d   Thumb Code   118  stm32h7xx_hal_uart.o(i.UART_CheckIdleState)
    UART_SetConfig                           0x0800d5cd   Thumb Code  1402  stm32h7xx_hal_uart.o(i.UART_SetConfig)
    UART_Start_Receive_IT                    0x0800db59   Thumb Code   352  stm32h7xx_hal_uart.o(i.UART_Start_Receive_IT)
    UART_WaitOnFlagUntilTimeout              0x0800dcc9   Thumb Code   254  stm32h7xx_hal_uart.o(i.UART_WaitOnFlagUntilTimeout)
    USART1_IRQHandler                        0x0800ddc9   Thumb Code    10  stm32h7xx_it.o(i.USART1_IRQHandler)
    USART2_IRQHandler                        0x0800ddd9   Thumb Code    10  stm32h7xx_it.o(i.USART2_IRQHandler)
    USART3_IRQHandler                        0x0800dde9   Thumb Code    10  stm32h7xx_it.o(i.USART3_IRQHandler)
    UsageFault_Handler                       0x0800ddf9   Thumb Code     4  stm32h7xx_it.o(i.UsageFault_Handler)
    __0printf$1                              0x0800ddfd   Thumb Code    22  printf1.o(i.__0printf$1)
    __1printf$1                              0x0800ddfd   Thumb Code     0  printf1.o(i.__0printf$1)
    __2printf                                0x0800ddfd   Thumb Code     0  printf1.o(i.__0printf$1)
    __ARM_fpclassify                         0x0800de1d   Thumb Code    48  fpclassify.o(i.__ARM_fpclassify)
    __hardfp_atan                            0x0800de89   Thumb Code   402  atan.o(i.__hardfp_atan)
    __hardfp_cos                             0x0800e089   Thumb Code   158  cos.o(i.__hardfp_cos)
    __hardfp_sin                             0x0800e139   Thumb Code   158  sin.o(i.__hardfp_sin)
    __ieee754_rem_pio2                       0x0800e1e9   Thumb Code   646  rred.o(i.__ieee754_rem_pio2)
    __kernel_cos                             0x0800e4f9   Thumb Code   182  cos_i.o(i.__kernel_cos)
    __kernel_poly                            0x0800e5d9   Thumb Code   112  poly.o(i.__kernel_poly)
    __kernel_sin                             0x0800e649   Thumb Code   144  sin_i.o(i.__kernel_sin)
    __mathlib_dbl_infnan                     0x0800e6f1   Thumb Code     6  dunder.o(i.__mathlib_dbl_infnan)
    __mathlib_dbl_invalid                    0x0800e6f9   Thumb Code    10  dunder.o(i.__mathlib_dbl_invalid)
    __mathlib_dbl_underflow                  0x0800e711   Thumb Code    10  dunder.o(i.__mathlib_dbl_underflow)
    __scatterload_copy                       0x0800e729   Thumb Code    14  handlers.o(i.__scatterload_copy)
    __scatterload_null                       0x0800e737   Thumb Code     2  handlers.o(i.__scatterload_null)
    __scatterload_zeroinit                   0x0800e739   Thumb Code    14  handlers.o(i.__scatterload_zeroinit)
    __set_errno                              0x0800e749   Thumb Code     6  errno.o(i.__set_errno)
    angle_Clear                              0x0800e8a9   Thumb Code   826  ctrl_schedule.o(i.angle_Clear)
    curve_Sin                                0x0800ec25   Thumb Code    76  target.o(i.curve_Sin)
    fabs                                     0x0800ec7d   Thumb Code    24  fabs.o(i.fabs)
    forward_Value                            0x0800ec95   Thumb Code    92  control.o(i.forward_Value)
    fputc                                    0x0800ecfd   Thumb Code    24  usart.o(i.fputc)
    fuzzy_controler_Init                     0x0800ed1d   Thumb Code    82  fc_pid.o(i.fuzzy_controler_Init)
    getTIMx_DetaCnt                          0x0800ed7d   Thumb Code    22  tim.o(i.getTIMx_DetaCnt)
    limit_Float                              0x0800ed95   Thumb Code    54  fc_pid.o(i.limit_Float)
    main                                     0x0800edd1   Thumb Code  1228  main.o(i.main)
    motor_Angle_d_Caculate                   0x0800f29d   Thumb Code  1094  target.o(i.motor_Angle_d_Caculate)
    target_Progress                          0x0800f6e5   Thumb Code   464  target.o(i.target_Progress)
    UARTPrescTable                           0x0800f90c   Data          24  stm32h7xx_hal_uart.o(.constdata)
    D1CorePrescTable                         0x0800f934   Data          16  system_stm32h7xx.o(.constdata)
    Region$$Table$$Base                      0x0800fb00   Number         0  anon$$obj.o(Region$$Table)
    Region$$Table$$Limit                     0x0800fb30   Number         0  anon$$obj.o(Region$$Table)
    Temp                                     0x24000000   Data           4  main.o(.data)
    Vrefint                                  0x24000004   Data           4  main.o(.data)
    adc3In1                                  0x24000008   Data           4  main.o(.data)
    Curent1                                  0x2400000c   Data           4  main.o(.data)
    Curent2                                  0x24000010   Data           4  main.o(.data)
    Curent3                                  0x24000014   Data           4  main.o(.data)
    Curent4                                  0x24000018   Data           4  main.o(.data)
    Curent5                                  0x2400001c   Data           4  main.o(.data)
    Curent6                                  0x24000020   Data           4  main.o(.data)
    Position_zeroed_Flag                     0x24000024   Data           1  main.o(.data)
    Key_contrl_flag                          0x24000025   Data           1  main.o(.data)
    target_followed_flag                     0x24000026   Data           1  main.o(.data)
    receive_buff                             0x24000027   Data           1  main.o(.data)
    receive_buff_JY901                       0x24000028   Data           1  main.o(.data)
    ch                                       0x24000029   Data           1  usart.o(.data)
    ch_r                                     0x2400002a   Data           1  usart.o(.data)
    uwTick                                   0x2400002c   Data           4  stm32h7xx_hal.o(.data)
    uwTickPrio                               0x24000030   Data           4  stm32h7xx_hal.o(.data)
    uwTickFreq                               0x24000034   Data           1  stm32h7xx_hal.o(.data)
    SystemCoreClock                          0x24000038   Data           4  system_stm32h7xx.o(.data)
    SystemD2Clock                            0x2400003c   Data           4  system_stm32h7xx.o(.data)
    angle_Clear_Flag                         0x24000040   Data           1  dataex.o(.data)
    angle_Clear_Finished_Flag                0x24000041   Data           1  dataex.o(.data)
    Send_Data_mode                           0x24000042   Data           1  dataex.o(.data)
    ShouDongKangFu_mode                      0x24000043   Data           1  dataex.o(.data)
    AutoKangFu_mode                          0x24000044   Data           1  dataex.o(.data)
    LeftLeg_NeiWaiXuan                       0x24000045   Data           1  dataex.o(.data)
    RightLeg_NeiWaiXuan                      0x24000046   Data           1  dataex.o(.data)
    ShouDong_Speed                           0x24000048   Data           4  dataex.o(.data)
    AutoKangFu_CiShu                         0x2400004c   Data           4  dataex.o(.data)
    Key_PWM_val                              0x2400006c   Data           2  key.o(.data)
    e_mf_paras                               0x2400007c   Data          84  fc_pid.o(.data)
    de_mf_paras                              0x240000d0   Data          84  fc_pid.o(.data)
    KP_mf_paras                              0x24000124   Data          84  fc_pid.o(.data)
    ruleMatrix_KP                            0x24000178   Data         196  fc_pid.o(.data)
    ruleMatrix_KD                            0x2400023c   Data         196  fc_pid.o(.data)
    __stdout                                 0x2400030c   Data           4  stdout.o(.data)
    hadc1                                    0x24000314   Data         100  adc.o(.bss)
    hadc3                                    0x24000378   Data         100  adc.o(.bss)
    hdma_adc1                                0x240003dc   Data         120  adc.o(.bss)
    hdma_adc3                                0x24000454   Data         120  adc.o(.bss)
    htim1                                    0x240004cc   Data          76  tim.o(.bss)
    htim2                                    0x24000518   Data          76  tim.o(.bss)
    htim3                                    0x24000564   Data          76  tim.o(.bss)
    htim4                                    0x240005b0   Data          76  tim.o(.bss)
    htim5                                    0x240005fc   Data          76  tim.o(.bss)
    htim6                                    0x24000648   Data          76  tim.o(.bss)
    htim8                                    0x24000694   Data          76  tim.o(.bss)
    htim12                                   0x240006e0   Data          76  tim.o(.bss)
    htim13                                   0x2400072c   Data          76  tim.o(.bss)
    htim14                                   0x24000778   Data          76  tim.o(.bss)
    htim15                                   0x240007c4   Data          76  tim.o(.bss)
    u_Receive_Buff                           0x24000810   Data          30  usart.o(.bss)
    huart4                                   0x24000830   Data         144  usart.o(.bss)
    huart5                                   0x240008c0   Data         144  usart.o(.bss)
    huart1                                   0x24000950   Data         144  usart.o(.bss)
    huart2                                   0x240009e0   Data         144  usart.o(.bss)
    huart3                                   0x24000a70   Data         144  usart.o(.bss)
    Motor1pid                                0x24000b00   Data          44  control.o(.bss)
    Motor2pid                                0x24000b2c   Data          44  control.o(.bss)
    Motor3pid                                0x24000b58   Data          44  control.o(.bss)
    Motor4pid                                0x24000b84   Data          44  control.o(.bss)
    Motor5pid                                0x24000bb0   Data          44  control.o(.bss)
    Motor6pid                                0x24000bdc   Data          44  control.o(.bss)
    Motor1pid_sita                           0x24000c08   Data          44  control.o(.bss)
    Motor2pid_sita                           0x24000c34   Data          44  control.o(.bss)
    Motor3pid_sita                           0x24000c60   Data          44  control.o(.bss)
    Motor4pid_sita                           0x24000c8c   Data          44  control.o(.bss)
    Motor5pid_sita                           0x24000cb8   Data          44  control.o(.bss)
    Motor6pid_sita                           0x24000ce4   Data          44  control.o(.bss)
    Left_Leg                                 0x24000d10   Data          12  dataex.o(.bss)
    Right_Leg                                0x24000d1c   Data          12  dataex.o(.bss)
    f                                        0x24000d28   Data          10  dataex.o(.bss)
    UI                                       0x24000d32   Data          10  dataex.o(.bss)
    data_to_send                             0x24000d3c   Data         255  dataex.o(.bss)
    data_Received                            0x24000e3b   Data         255  dataex.o(.bss)
    receive_buff_tiaoshi                     0x24000f3a   Data          20  dataex.o(.bss)
    Motor1                                   0x2400107c   Data          36  motor.o(.bss)
    Motor2                                   0x240010a0   Data          36  motor.o(.bss)
    Motor3                                   0x240010c4   Data          36  motor.o(.bss)
    Motor4                                   0x240010e8   Data          36  motor.o(.bss)
    Motor5                                   0x2400110c   Data          36  motor.o(.bss)
    Motor6                                   0x24001130   Data          36  motor.o(.bss)
    FC_M1                                    0x24001154   Data         644  fc_pid.o(.bss)
    FC_M3                                    0x240013d8   Data         644  fc_pid.o(.bss)
    FC_M4                                    0x2400165c   Data         644  fc_pid.o(.bss)
    FC_M6                                    0x240018e0   Data         644  fc_pid.o(.bss)
    Left_InvKine                             0x24001b64   Data       72024  inv_kine.o(.bss)
    Right_InvKine                            0x240134bc   Data       72024  inv_kine.o(.bss)
    __initial_sp                             0x24025218   Data           0  startup_stm32h743xx.o(STACK)
    ADC3_Data                                0x38000000   Data           8  main.o(.RAM_D3)
    ADC1_Data                                0x38000020   Data          24  main.o(.RAM_D3)



==============================================================================

Memory Map of the image

  Image Entry point : 0x08000299

  Load Region LR_IROM1 (Base: 0x08000000, Size: 0x0000fe7c, Max: 0x00200000, ABSOLUTE, COMPRESSED[0x0000fbfc])

    Execution Region ER_IROM1 (Exec base: 0x08000000, Load base: 0x08000000, Size: 0x0000fb30, Max: 0x00200000, ABSOLUTE)

    Exec Addr    Load Addr    Size         Type   Attr      Idx    E Section Name        Object

    0x08000000   0x08000000   0x00000298   Data   RO            3    RESET               startup_stm32h743xx.o
    0x08000298   0x08000298   0x00000000   Code   RO         5889  * .ARM.Collect$$$$00000000  mc_w.l(entry.o)
    0x08000298   0x08000298   0x00000004   Code   RO         6195    .ARM.Collect$$$$00000001  mc_w.l(entry2.o)
    0x0800029c   0x0800029c   0x00000004   Code   RO         6198    .ARM.Collect$$$$00000004  mc_w.l(entry5.o)
    0x080002a0   0x080002a0   0x00000000   Code   RO         6200    .ARM.Collect$$$$00000008  mc_w.l(entry7b.o)
    0x080002a0   0x080002a0   0x00000000   Code   RO         6202    .ARM.Collect$$$$0000000A  mc_w.l(entry8b.o)
    0x080002a0   0x080002a0   0x00000008   Code   RO         6203    .ARM.Collect$$$$0000000B  mc_w.l(entry9a.o)
    0x080002a8   0x080002a8   0x00000000   Code   RO         6205    .ARM.Collect$$$$0000000D  mc_w.l(entry10a.o)
    0x080002a8   0x080002a8   0x00000000   Code   RO         6207    .ARM.Collect$$$$0000000F  mc_w.l(entry11a.o)
    0x080002a8   0x080002a8   0x00000004   Code   RO         6196    .ARM.Collect$$$$00002712  mc_w.l(entry2.o)
    0x080002ac   0x080002ac   0x00000024   Code   RO            4    .text               startup_stm32h743xx.o
    0x080002d0   0x080002d0   0x00000062   Code   RO         5892    .text               mc_w.l(uldiv.o)
    0x08000332   0x08000332   0x00000024   Code   RO         5894    .text               mc_w.l(memseta.o)
    0x08000356   0x08000356   0x0000002c   Code   RO         6210    .text               mc_w.l(uidiv.o)
    0x08000382   0x08000382   0x0000001e   Code   RO         6212    .text               mc_w.l(llshl.o)
    0x080003a0   0x080003a0   0x00000020   Code   RO         6214    .text               mc_w.l(llushr.o)
    0x080003c0   0x080003c0   0x00000000   Code   RO         6223    .text               mc_w.l(iusefp.o)
    0x080003c0   0x080003c0   0x00000024   Code   RO         6234    .text               mc_w.l(init.o)
    0x080003e4   0x080003e4   0x00000056   Code   RO         6248    .text               mc_w.l(__dczerorl2.o)
    0x0800043a   0x0800043a   0x00000002   PAD
    0x0800043c   0x0800043c   0x00000160   Code   RO          708    i.ADC_ConfigureBoostMode  stm32h7xx_hal_adc.o
    0x0800059c   0x0800059c   0x00000092   Code   RO          710    i.ADC_DMAConvCplt   stm32h7xx_hal_adc.o
    0x0800062e   0x0800062e   0x0000001e   Code   RO          711    i.ADC_DMAError      stm32h7xx_hal_adc.o
    0x0800064c   0x0800064c   0x0000000e   Code   RO          712    i.ADC_DMAHalfConvCplt  stm32h7xx_hal_adc.o
    0x0800065a   0x0800065a   0x00000002   PAD
    0x0800065c   0x0800065c   0x00000094   Code   RO          713    i.ADC_Disable       stm32h7xx_hal_adc.o
    0x080006f0   0x080006f0   0x000000cc   Code   RO          714    i.ADC_Enable        stm32h7xx_hal_adc.o
    0x080007bc   0x080007bc   0x0000004c   Code   RO         5411    i.ANO_DT_Send_Check  dataex.o
    0x08000808   0x08000808   0x000000ac   Code   RO         5628    i.Angle_and_Speed_caculate  motor.o
    0x080008b4   0x080008b4   0x00000004   Code   RO          572    i.BusFault_Handler  stm32h7xx_it.o
    0x080008b8   0x080008b8   0x000001b0   Code   RO         5412    i.Check_Back        dataex.o
    0x08000a68   0x08000a68   0x000007bc   Code   RO         5751    i.Control_FC_update  fc_pid.o
    0x08001224   0x08001224   0x00000040   Code   RO         5296    i.Control_Init      control.o
    0x08001264   0x08001264   0x000004f0   Code   RO         5413    i.Current_updata    dataex.o
    0x08001754   0x08001754   0x00000010   Code   RO          573    i.DMA1_Stream0_IRQHandler  stm32h7xx_it.o
    0x08001764   0x08001764   0x00000010   Code   RO          574    i.DMA1_Stream1_IRQHandler  stm32h7xx_it.o
    0x08001774   0x08001774   0x000000ec   Code   RO         1946    i.DMA_CalcBaseAndBitshift  stm32h7xx_hal_dma.o
    0x08001860   0x08001860   0x000000c4   Code   RO         1947    i.DMA_CalcDMAMUXChannelBaseAndMask  stm32h7xx_hal_dma.o
    0x08001924   0x08001924   0x00000098   Code   RO         1948    i.DMA_CalcDMAMUXRequestGenBaseAndMask  stm32h7xx_hal_dma.o
    0x080019bc   0x080019bc   0x000000ae   Code   RO         1949    i.DMA_CheckFifoParam  stm32h7xx_hal_dma.o
    0x08001a6a   0x08001a6a   0x00000002   PAD
    0x08001a6c   0x08001a6c   0x00000274   Code   RO         1950    i.DMA_SetConfig     stm32h7xx_hal_dma.o
    0x08001ce0   0x08001ce0   0x00000244   Code   RO         5414    i.Data_Exchange     dataex.o
    0x08001f24   0x08001f24   0x00000002   Code   RO          575    i.DebugMon_Handler  stm32h7xx_it.o
    0x08001f26   0x08001f26   0x00000012   Code   RO         5529    i.Delay_10ms        key.o
    0x08001f38   0x08001f38   0x00000064   Code   RO         5415    i.Encoder_value_updata  dataex.o
    0x08001f9c   0x08001f9c   0x00000006   Code   RO           13    i.Error_Handler     main.o
    0x08001fa2   0x08001fa2   0x00000002   PAD
    0x08001fa4   0x08001fa4   0x000001bc   Code   RO         5752    i.Fuzzy_controller_realize  fc_pid.o
    0x08002160   0x08002160   0x00000068   Code   RO         5753    i.Fuzzy_controller_setMf  fc_pid.o
    0x080021c8   0x080021c8   0x00000034   Code   RO         5754    i.Fuzzy_controller_setRule  fc_pid.o
    0x080021fc   0x080021fc   0x00000064   Code   RO         5755    i.Fuzzy_controller_trimf  fc_pid.o
    0x08002260   0x08002260   0x000000b8   Code   RO          970    i.HAL_ADCEx_Calibration_Start  stm32h7xx_hal_adc_ex.o
    0x08002318   0x08002318   0x00000164   Code   RO          990    i.HAL_ADCEx_MultiModeConfigChannel  stm32h7xx_hal_adc_ex.o
    0x0800247c   0x0800247c   0x00000544   Code   RO          716    i.HAL_ADC_ConfigChannel  stm32h7xx_hal_adc.o
    0x080029c0   0x080029c0   0x00000002   Code   RO          717    i.HAL_ADC_ConvCpltCallback  stm32h7xx_hal_adc.o
    0x080029c2   0x080029c2   0x00000002   Code   RO          718    i.HAL_ADC_ConvHalfCpltCallback  stm32h7xx_hal_adc.o
    0x080029c4   0x080029c4   0x00000002   Code   RO          720    i.HAL_ADC_ErrorCallback  stm32h7xx_hal_adc.o
    0x080029c6   0x080029c6   0x00000002   PAD
    0x080029c8   0x080029c8   0x0000028c   Code   RO          725    i.HAL_ADC_Init      stm32h7xx_hal_adc.o
    0x08002c54   0x08002c54   0x000001b8   Code   RO          284    i.HAL_ADC_MspInit   adc.o
    0x08002e0c   0x08002e0c   0x00000134   Code   RO          732    i.HAL_ADC_Start_DMA  stm32h7xx_hal_adc.o
    0x08002f40   0x08002f40   0x000004dc   Code   RO         1951    i.HAL_DMA_Abort     stm32h7xx_hal_dma.o
    0x0800341c   0x0800341c   0x00000398   Code   RO         1952    i.HAL_DMA_Abort_IT  stm32h7xx_hal_dma.o
    0x080037b4   0x080037b4   0x00000af8   Code   RO         1956    i.HAL_DMA_IRQHandler  stm32h7xx_hal_dma.o
    0x080042ac   0x080042ac   0x00000520   Code   RO         1957    i.HAL_DMA_Init      stm32h7xx_hal_dma.o
    0x080047cc   0x080047cc   0x000003e0   Code   RO         1961    i.HAL_DMA_Start_IT  stm32h7xx_hal_dma.o
    0x08004bac   0x08004bac   0x00000028   Code   RO         2806    i.HAL_Delay         stm32h7xx_hal.o
    0x08004bd4   0x08004bd4   0x000001fc   Code   RO         1799    i.HAL_GPIO_Init     stm32h7xx_hal_gpio.o
    0x08004dd0   0x08004dd0   0x00000010   Code   RO         1801    i.HAL_GPIO_ReadPin  stm32h7xx_hal_gpio.o
    0x08004de0   0x08004de0   0x00000014   Code   RO         1802    i.HAL_GPIO_TogglePin  stm32h7xx_hal_gpio.o
    0x08004df4   0x08004df4   0x0000000c   Code   RO         1803    i.HAL_GPIO_WritePin  stm32h7xx_hal_gpio.o
    0x08004e00   0x08004e00   0x0000000c   Code   RO         2817    i.HAL_GetREVID      stm32h7xx_hal.o
    0x08004e0c   0x08004e0c   0x0000000c   Code   RO         2818    i.HAL_GetTick       stm32h7xx_hal.o
    0x08004e18   0x08004e18   0x00000018   Code   RO         2824    i.HAL_IncTick       stm32h7xx_hal.o
    0x08004e30   0x08004e30   0x00000060   Code   RO         2825    i.HAL_Init          stm32h7xx_hal.o
    0x08004e90   0x08004e90   0x00000058   Code   RO         2826    i.HAL_InitTick      stm32h7xx_hal.o
    0x08004ee8   0x08004ee8   0x0000005c   Code   RO         2654    i.HAL_MPU_ConfigRegion  stm32h7xx_hal_cortex.o
    0x08004f44   0x08004f44   0x0000002c   Code   RO         2655    i.HAL_MPU_Disable   stm32h7xx_hal_cortex.o
    0x08004f70   0x08004f70   0x00000040   Code   RO         2656    i.HAL_MPU_Enable    stm32h7xx_hal_cortex.o
    0x08004fb0   0x08004fb0   0x00000024   Code   RO          684    i.HAL_MspInit       stm32h7xx_hal_msp.o
    0x08004fd4   0x08004fd4   0x00000028   Code   RO         2659    i.HAL_NVIC_EnableIRQ  stm32h7xx_hal_cortex.o
    0x08004ffc   0x08004ffc   0x0000007a   Code   RO         2665    i.HAL_NVIC_SetPriority  stm32h7xx_hal_cortex.o
    0x08005076   0x08005076   0x00000002   PAD
    0x08005078   0x08005078   0x00000028   Code   RO         2666    i.HAL_NVIC_SetPriorityGrouping  stm32h7xx_hal_cortex.o
    0x080050a0   0x080050a0   0x00000060   Code   RO         2400    i.HAL_PWREx_ConfigSupply  stm32h7xx_hal_pwr_ex.o
    0x08005100   0x08005100   0x00000024   Code   RO         1350    i.HAL_RCCEx_GetD3PCLK1Freq  stm32h7xx_hal_rcc_ex.o
    0x08005124   0x08005124   0x00000230   Code   RO         1351    i.HAL_RCCEx_GetPLL1ClockFreq  stm32h7xx_hal_rcc_ex.o
    0x08005354   0x08005354   0x00000230   Code   RO         1352    i.HAL_RCCEx_GetPLL2ClockFreq  stm32h7xx_hal_rcc_ex.o
    0x08005584   0x08005584   0x00000230   Code   RO         1353    i.HAL_RCCEx_GetPLL3ClockFreq  stm32h7xx_hal_rcc_ex.o
    0x080057b4   0x080057b4   0x00000754   Code   RO         1355    i.HAL_RCCEx_GetPeriphCLKFreq  stm32h7xx_hal_rcc_ex.o
    0x08005f08   0x08005f08   0x00000b64   Code   RO         1359    i.HAL_RCCEx_PeriphCLKConfig  stm32h7xx_hal_rcc_ex.o
    0x08006a6c   0x08006a6c   0x00000320   Code   RO         1235    i.HAL_RCC_ClockConfig  stm32h7xx_hal_rcc.o
    0x08006d8c   0x08006d8c   0x0000004c   Code   RO         1240    i.HAL_RCC_GetHCLKFreq  stm32h7xx_hal_rcc.o
    0x08006dd8   0x08006dd8   0x00000024   Code   RO         1242    i.HAL_RCC_GetPCLK1Freq  stm32h7xx_hal_rcc.o
    0x08006dfc   0x08006dfc   0x00000024   Code   RO         1243    i.HAL_RCC_GetPCLK2Freq  stm32h7xx_hal_rcc.o
    0x08006e20   0x08006e20   0x0000022c   Code   RO         1244    i.HAL_RCC_GetSysClockFreq  stm32h7xx_hal_rcc.o
    0x0800704c   0x0800704c   0x00000800   Code   RO         1247    i.HAL_RCC_OscConfig  stm32h7xx_hal_rcc.o
    0x0800784c   0x0800784c   0x00000014   Code   RO         2830    i.HAL_SYSCFG_AnalogSwitchConfig  stm32h7xx_hal.o
    0x08007860   0x08007860   0x00000034   Code   RO         2670    i.HAL_SYSTICK_Config  stm32h7xx_hal_cortex.o
    0x08007894   0x08007894   0x00000002   Code   RO         4426    i.HAL_TIMEx_Break2Callback  stm32h7xx_hal_tim_ex.o
    0x08007896   0x08007896   0x00000002   Code   RO         4427    i.HAL_TIMEx_BreakCallback  stm32h7xx_hal_tim_ex.o
    0x08007898   0x08007898   0x00000002   Code   RO         4428    i.HAL_TIMEx_CommutCallback  stm32h7xx_hal_tim_ex.o
    0x0800789a   0x0800789a   0x00000002   PAD
    0x0800789c   0x0800789c   0x000000b4   Code   RO         4430    i.HAL_TIMEx_ConfigBreakDeadTime  stm32h7xx_hal_tim_ex.o
    0x08007950   0x08007950   0x000000cc   Code   RO         4448    i.HAL_TIMEx_MasterConfigSynchronization  stm32h7xx_hal_tim_ex.o
    0x08007a1c   0x08007a1c   0x0000006e   Code   RO         3701    i.HAL_TIM_Base_Init  stm32h7xx_hal_tim.o
    0x08007a8a   0x08007a8a   0x00000002   PAD
    0x08007a8c   0x08007a8c   0x000000e8   Code   RO          356    i.HAL_TIM_Base_MspInit  tim.o
    0x08007b74   0x08007b74   0x000000b4   Code   RO         3706    i.HAL_TIM_Base_Start_IT  stm32h7xx_hal_tim.o
    0x08007c28   0x08007c28   0x00000134   Code   RO         3710    i.HAL_TIM_ConfigClockSource  stm32h7xx_hal_tim.o
    0x08007d5c   0x08007d5c   0x000000cc   Code   RO         3722    i.HAL_TIM_Encoder_Init  stm32h7xx_hal_tim.o
    0x08007e28   0x08007e28   0x000002c8   Code   RO          358    i.HAL_TIM_Encoder_MspInit  tim.o
    0x080080f0   0x080080f0   0x000000cc   Code   RO         3725    i.HAL_TIM_Encoder_Start  stm32h7xx_hal_tim.o
    0x080081bc   0x080081bc   0x00000002   Code   RO         3735    i.HAL_TIM_IC_CaptureCallback  stm32h7xx_hal_tim.o
    0x080081be   0x080081be   0x000001b8   Code   RO         3749    i.HAL_TIM_IRQHandler  stm32h7xx_hal_tim.o
    0x08008376   0x08008376   0x00000002   PAD
    0x08008378   0x08008378   0x00000134   Code   RO          359    i.HAL_TIM_MspPostInit  tim.o
    0x080084ac   0x080084ac   0x00000002   Code   RO         3752    i.HAL_TIM_OC_DelayElapsedCallback  stm32h7xx_hal_tim.o
    0x080084ae   0x080084ae   0x00000170   Code   RO         3773    i.HAL_TIM_PWM_ConfigChannel  stm32h7xx_hal_tim.o
    0x0800861e   0x0800861e   0x0000006e   Code   RO         3776    i.HAL_TIM_PWM_Init  stm32h7xx_hal_tim.o
    0x0800868c   0x0800868c   0x00000002   Code   RO         3778    i.HAL_TIM_PWM_MspInit  stm32h7xx_hal_tim.o
    0x0800868e   0x0800868e   0x00000002   Code   RO         3779    i.HAL_TIM_PWM_PulseFinishedCallback  stm32h7xx_hal_tim.o
    0x08008690   0x08008690   0x00000164   Code   RO         3781    i.HAL_TIM_PWM_Start  stm32h7xx_hal_tim.o
    0x080087f4   0x080087f4   0x00000020   Code   RO          360    i.HAL_TIM_PeriodElapsedCallback  tim.o
    0x08008814   0x08008814   0x00000002   Code   RO         3792    i.HAL_TIM_TriggerCallback  stm32h7xx_hal_tim.o
    0x08008816   0x08008816   0x0000004e   Code   RO         5142    i.HAL_UARTEx_DisableFifoMode  stm32h7xx_hal_uart_ex.o
    0x08008864   0x08008864   0x00000002   Code   RO         4726    i.HAL_UARTEx_RxEventCallback  stm32h7xx_hal_uart.o
    0x08008866   0x08008866   0x00000002   Code   RO         5149    i.HAL_UARTEx_RxFifoFullCallback  stm32h7xx_hal_uart_ex.o
    0x08008868   0x08008868   0x0000005e   Code   RO         5150    i.HAL_UARTEx_SetRxFifoThreshold  stm32h7xx_hal_uart_ex.o
    0x080088c6   0x080088c6   0x0000005e   Code   RO         5151    i.HAL_UARTEx_SetTxFifoThreshold  stm32h7xx_hal_uart_ex.o
    0x08008924   0x08008924   0x00000002   Code   RO         5153    i.HAL_UARTEx_TxFifoEmptyCallback  stm32h7xx_hal_uart_ex.o
    0x08008926   0x08008926   0x00000002   Code   RO         5154    i.HAL_UARTEx_WakeupCallback  stm32h7xx_hal_uart_ex.o
    0x08008928   0x08008928   0x00000002   Code   RO         4742    i.HAL_UART_ErrorCallback  stm32h7xx_hal_uart.o
    0x0800892a   0x0800892a   0x00000002   PAD
    0x0800892c   0x0800892c   0x00000458   Code   RO         4745    i.HAL_UART_IRQHandler  stm32h7xx_hal_uart.o
    0x08008d84   0x08008d84   0x00000078   Code   RO         4746    i.HAL_UART_Init     stm32h7xx_hal_uart.o
    0x08008dfc   0x08008dfc   0x000002b8   Code   RO          489    i.HAL_UART_MspInit  usart.o
    0x080090b4   0x080090b4   0x00000074   Code   RO         4751    i.HAL_UART_Receive_IT  stm32h7xx_hal_uart.o
    0x08009128   0x08009128   0x0000002c   Code   RO          490    i.HAL_UART_RxCpltCallback  usart.o
    0x08009154   0x08009154   0x000000d6   Code   RO         4755    i.HAL_UART_Transmit  stm32h7xx_hal_uart.o
    0x0800922a   0x0800922a   0x00000002   Code   RO         4758    i.HAL_UART_TxCpltCallback  stm32h7xx_hal_uart.o
    0x0800922c   0x0800922c   0x00000004   Code   RO          576    i.HardFault_Handler  stm32h7xx_it.o
    0x08009230   0x08009230   0x000002d0   Code   RO         5824    i.Inv_Kine_Caculator  inv_kine.o
    0x08009500   0x08009500   0x00000098   Code   RO         5531    i.Key_switch        key.o
    0x08009598   0x08009598   0x00000010   Code   RO          737    i.LL_ADC_Enable     stm32h7xx_hal_adc.o
    0x080095a8   0x080095a8   0x0000000a   Code   RO          739    i.LL_ADC_GetMultimode  stm32h7xx_hal_adc.o
    0x080095b2   0x080095b2   0x0000000a   Code   RO          740    i.LL_ADC_INJ_IsConversionOngoing  stm32h7xx_hal_adc.o
    0x080095bc   0x080095bc   0x0000000a   Code   RO          741    i.LL_ADC_IsDisableOngoing  stm32h7xx_hal_adc.o
    0x080095c6   0x080095c6   0x0000000a   Code   RO          742    i.LL_ADC_IsEnabled  stm32h7xx_hal_adc.o
    0x080095d0   0x080095d0   0x0000000a   Code   RO         1003    i.LL_ADC_IsEnabled  stm32h7xx_hal_adc_ex.o
    0x080095da   0x080095da   0x0000000a   Code   RO          743    i.LL_ADC_IsInternalRegulatorEnabled  stm32h7xx_hal_adc.o
    0x080095e4   0x080095e4   0x0000000a   Code   RO          744    i.LL_ADC_REG_IsConversionOngoing  stm32h7xx_hal_adc.o
    0x080095ee   0x080095ee   0x0000000a   Code   RO         1004    i.LL_ADC_REG_IsConversionOngoing  stm32h7xx_hal_adc_ex.o
    0x080095f8   0x080095f8   0x00000012   Code   RO          745    i.LL_ADC_REG_IsTriggerSourceSWStart  stm32h7xx_hal_adc.o
    0x0800960a   0x0800960a   0x00000002   PAD
    0x0800960c   0x0800960c   0x00000010   Code   RO          746    i.LL_ADC_REG_StartConversion  stm32h7xx_hal_adc.o
    0x0800961c   0x0800961c   0x00000028   Code   RO          748    i.LL_ADC_SetChannelSamplingTime  stm32h7xx_hal_adc.o
    0x08009644   0x08009644   0x0000000c   Code   RO          749    i.LL_ADC_SetCommonPathInternalCh  stm32h7xx_hal_adc.o
    0x08009650   0x08009650   0x0000005c   Code   RO           14    i.MPU_Config        main.o
    0x080096ac   0x080096ac   0x0000015c   Code   RO          285    i.MX_ADC1_Init      adc.o
    0x08009808   0x08009808   0x000000d4   Code   RO          286    i.MX_ADC3_Init      adc.o
    0x080098dc   0x080098dc   0x00000044   Code   RO          331    i.MX_DMA_Init       dma.o
    0x08009920   0x08009920   0x00000138   Code   RO          251    i.MX_GPIO_Init      gpio.o
    0x08009a58   0x08009a58   0x0000009c   Code   RO          361    i.MX_TIM12_Init     tim.o
    0x08009af4   0x08009af4   0x00000070   Code   RO          362    i.MX_TIM13_Init     tim.o
    0x08009b64   0x08009b64   0x00000070   Code   RO          363    i.MX_TIM14_Init     tim.o
    0x08009bd4   0x08009bd4   0x000000f4   Code   RO          364    i.MX_TIM15_Init     tim.o
    0x08009cc8   0x08009cc8   0x00000090   Code   RO          365    i.MX_TIM1_Init      tim.o
    0x08009d58   0x08009d58   0x0000008c   Code   RO          366    i.MX_TIM2_Init      tim.o
    0x08009de4   0x08009de4   0x00000090   Code   RO          367    i.MX_TIM3_Init      tim.o
    0x08009e74   0x08009e74   0x00000090   Code   RO          368    i.MX_TIM4_Init      tim.o
    0x08009f04   0x08009f04   0x00000090   Code   RO          369    i.MX_TIM5_Init      tim.o
    0x08009f94   0x08009f94   0x0000004c   Code   RO          370    i.MX_TIM6_Init      tim.o
    0x08009fe0   0x08009fe0   0x00000094   Code   RO          371    i.MX_TIM8_Init      tim.o
    0x0800a074   0x0800a074   0x0000006c   Code   RO          491    i.MX_UART4_Init     usart.o
    0x0800a0e0   0x0800a0e0   0x0000006c   Code   RO          492    i.MX_UART5_Init     usart.o
    0x0800a14c   0x0800a14c   0x00000078   Code   RO          493    i.MX_USART1_UART_Init  usart.o
    0x0800a1c4   0x0800a1c4   0x0000006c   Code   RO          494    i.MX_USART2_UART_Init  usart.o
    0x0800a230   0x0800a230   0x0000007c   Code   RO          495    i.MX_USART3_UART_Init  usart.o
    0x0800a2ac   0x0800a2ac   0x00000004   Code   RO          577    i.MemManage_Handler  stm32h7xx_it.o
    0x0800a2b0   0x0800a2b0   0x0000009c   Code   RO         5629    i.Motor1_driver_ctrl  motor.o
    0x0800a34c   0x0800a34c   0x0000009c   Code   RO         5630    i.Motor2_driver_ctrl  motor.o
    0x0800a3e8   0x0800a3e8   0x0000009c   Code   RO         5631    i.Motor3_driver_ctrl  motor.o
    0x0800a484   0x0800a484   0x0000009c   Code   RO         5632    i.Motor4_driver_ctrl  motor.o
    0x0800a520   0x0800a520   0x000000a0   Code   RO         5633    i.Motor5_driver_ctrl  motor.o
    0x0800a5c0   0x0800a5c0   0x000000a0   Code   RO         5634    i.Motor6_driver_ctrl  motor.o
    0x0800a660   0x0800a660   0x00000084   Code   RO         5538    i.Motor_AdustedFlag_from_PC  key.o
    0x0800a6e4   0x0800a6e4   0x0000016c   Code   RO         5539    i.Motor_Adusted_from_PC  key.o
    0x0800a850   0x0800a850   0x00000110   Code   RO         5416    i.Motor_Enable      dataex.o
    0x0800a960   0x0800a960   0x00000090   Code   RO         5635    i.Motor_Init        motor.o
    0x0800a9f0   0x0800a9f0   0x00000048   Code   RO         5297    i.Motor_x_control_pid_Init  control.o
    0x0800aa38   0x0800aa38   0x0000011c   Code   RO         5298    i.Motor_x_control_pid_PWM  control.o
    0x0800ab54   0x0800ab54   0x0000011c   Code   RO         5636    i.Motorx_Ctrl       motor.o
    0x0800ac70   0x0800ac70   0x00000004   Code   RO          578    i.NMI_Handler       stm32h7xx_it.o
    0x0800ac74   0x0800ac74   0x00000002   Code   RO          579    i.PendSV_Handler    stm32h7xx_it.o
    0x0800ac76   0x0800ac76   0x00000044   Code   RO           15    i.PeriphCommonClock_Config  main.o
    0x0800acba   0x0800acba   0x0000000e   Code   RO         5299    i.Pid_Set           control.o
    0x0800acc8   0x0800acc8   0x00000164   Code   RO         1362    i.RCCEx_PLL2_Config  stm32h7xx_hal_rcc_ex.o
    0x0800ae2c   0x0800ae2c   0x00000164   Code   RO         1363    i.RCCEx_PLL3_Config  stm32h7xx_hal_rcc_ex.o
    0x0800af90   0x0800af90   0x00000118   Code   RO         5418    i.Received_data_check  dataex.o
    0x0800b0a8   0x0800b0a8   0x0000059c   Code   RO         5419    i.Received_data_progress  dataex.o
    0x0800b644   0x0800b644   0x00000002   Code   RO          580    i.SVC_Handler       stm32h7xx_it.o
    0x0800b646   0x0800b646   0x00000002   PAD
    0x0800b648   0x0800b648   0x00000584   Code   RO         5420    i.Send_Data2NiMing  dataex.o
    0x0800bbcc   0x0800bbcc   0x000003c8   Code   RO         5421    i.Send_Data2PC      dataex.o
    0x0800bf94   0x0800bf94   0x00000200   Code   RO         5422    i.Send_PID1_to_PC   dataex.o
    0x0800c194   0x0800c194   0x00000200   Code   RO         5423    i.Send_PID2_to_PC   dataex.o
    0x0800c394   0x0800c394   0x000001c8   Code   RO         5540    i.ShouDongNeiWaiXuan_Function  key.o
    0x0800c55c   0x0800c55c   0x000001f8   Code   RO         5541    i.ShouDongQuShenZhanShou_Function  key.o
    0x0800c754   0x0800c754   0x00000008   Code   RO          581    i.SysTick_Handler   stm32h7xx_it.o
    0x0800c75c   0x0800c75c   0x000000e0   Code   RO           16    i.SystemClock_Config  main.o
    0x0800c83c   0x0800c83c   0x000000fc   Code   RO         5260    i.SystemInit        system_stm32h7xx.o
    0x0800c938   0x0800c938   0x00000010   Code   RO          582    i.TIM6_DAC_IRQHandler  stm32h7xx_it.o
    0x0800c948   0x0800c948   0x000000cc   Code   RO         3794    i.TIM_Base_SetConfig  stm32h7xx_hal_tim.o
    0x0800ca14   0x0800ca14   0x00000022   Code   RO         3795    i.TIM_CCxChannelCmd  stm32h7xx_hal_tim.o
    0x0800ca36   0x0800ca36   0x00000016   Code   RO         3805    i.TIM_ETR_SetConfig  stm32h7xx_hal_tim.o
    0x0800ca4c   0x0800ca4c   0x00000018   Code   RO         3806    i.TIM_ITRx_SetConfig  stm32h7xx_hal_tim.o
    0x0800ca64   0x0800ca64   0x000000ac   Code   RO         3807    i.TIM_OC1_SetConfig  stm32h7xx_hal_tim.o
    0x0800cb10   0x0800cb10   0x000000b4   Code   RO         3808    i.TIM_OC2_SetConfig  stm32h7xx_hal_tim.o
    0x0800cbc4   0x0800cbc4   0x000000b4   Code   RO         3809    i.TIM_OC3_SetConfig  stm32h7xx_hal_tim.o
    0x0800cc78   0x0800cc78   0x00000074   Code   RO         3810    i.TIM_OC4_SetConfig  stm32h7xx_hal_tim.o
    0x0800ccec   0x0800ccec   0x00000070   Code   RO         3811    i.TIM_OC5_SetConfig  stm32h7xx_hal_tim.o
    0x0800cd5c   0x0800cd5c   0x00000070   Code   RO         3812    i.TIM_OC6_SetConfig  stm32h7xx_hal_tim.o
    0x0800cdcc   0x0800cdcc   0x00000026   Code   RO         3814    i.TIM_TI1_ConfigInputStage  stm32h7xx_hal_tim.o
    0x0800cdf2   0x0800cdf2   0x00000028   Code   RO         3816    i.TIM_TI2_ConfigInputStage  stm32h7xx_hal_tim.o
    0x0800ce1a   0x0800ce1a   0x00000002   PAD
    0x0800ce1c   0x0800ce1c   0x00000058   Code   RO         5155    i.UARTEx_SetNbDataToProcess  stm32h7xx_hal_uart_ex.o
    0x0800ce74   0x0800ce74   0x000000f8   Code   RO         4760    i.UART_AdvFeatureConfig  stm32h7xx_hal_uart.o
    0x0800cf6c   0x0800cf6c   0x00000076   Code   RO         4761    i.UART_CheckIdleState  stm32h7xx_hal_uart.o
    0x0800cfe2   0x0800cfe2   0x00000018   Code   RO         4762    i.UART_DMAAbortOnError  stm32h7xx_hal_uart.o
    0x0800cffa   0x0800cffa   0x00000002   PAD
    0x0800cffc   0x0800cffc   0x0000006c   Code   RO         4772    i.UART_EndRxTransfer  stm32h7xx_hal_uart.o
    0x0800d068   0x0800d068   0x00000030   Code   RO         4773    i.UART_EndTransmit_IT  stm32h7xx_hal_uart.o
    0x0800d098   0x0800d098   0x000000d2   Code   RO         4775    i.UART_RxISR_16BIT  stm32h7xx_hal_uart.o
    0x0800d16a   0x0800d16a   0x00000002   PAD
    0x0800d16c   0x0800d16c   0x000001c8   Code   RO         4776    i.UART_RxISR_16BIT_FIFOEN  stm32h7xx_hal_uart.o
    0x0800d334   0x0800d334   0x000000ce   Code   RO         4777    i.UART_RxISR_8BIT   stm32h7xx_hal_uart.o
    0x0800d402   0x0800d402   0x00000002   PAD
    0x0800d404   0x0800d404   0x000001c8   Code   RO         4778    i.UART_RxISR_8BIT_FIFOEN  stm32h7xx_hal_uart.o
    0x0800d5cc   0x0800d5cc   0x0000058c   Code   RO         4779    i.UART_SetConfig    stm32h7xx_hal_uart.o
    0x0800db58   0x0800db58   0x00000170   Code   RO         4781    i.UART_Start_Receive_IT  stm32h7xx_hal_uart.o
    0x0800dcc8   0x0800dcc8   0x000000fe   Code   RO         4786    i.UART_WaitOnFlagUntilTimeout  stm32h7xx_hal_uart.o
    0x0800ddc6   0x0800ddc6   0x00000002   PAD
    0x0800ddc8   0x0800ddc8   0x00000010   Code   RO          583    i.USART1_IRQHandler  stm32h7xx_it.o
    0x0800ddd8   0x0800ddd8   0x00000010   Code   RO          584    i.USART2_IRQHandler  stm32h7xx_it.o
    0x0800dde8   0x0800dde8   0x00000010   Code   RO          585    i.USART3_IRQHandler  stm32h7xx_it.o
    0x0800ddf8   0x0800ddf8   0x00000004   Code   RO          586    i.UsageFault_Handler  stm32h7xx_it.o
    0x0800ddfc   0x0800ddfc   0x00000020   Code   RO         5941    i.__0printf$1       mc_w.l(printf1.o)
    0x0800de1c   0x0800de1c   0x00000030   Code   RO         6180    i.__ARM_fpclassify  m_wv.l(fpclassify.o)
    0x0800de4c   0x0800de4c   0x00000010   Code   RO         2672    i.__NVIC_GetPriorityGrouping  stm32h7xx_hal_cortex.o
    0x0800de5c   0x0800de5c   0x00000028   Code   RO         2673    i.__NVIC_SetPriority  stm32h7xx_hal_cortex.o
    0x0800de84   0x0800de84   0x00000004   PAD
    0x0800de88   0x0800de88   0x00000200   Code   RO         5851    i.__hardfp_atan     m_wv.l(atan.o)
    0x0800e088   0x0800e088   0x000000b0   Code   RO         5865    i.__hardfp_cos      m_wv.l(cos.o)
    0x0800e138   0x0800e138   0x000000b0   Code   RO         5877    i.__hardfp_sin      m_wv.l(sin.o)
    0x0800e1e8   0x0800e1e8   0x00000310   Code   RO         6184    i.__ieee754_rem_pio2  m_wv.l(rred.o)
    0x0800e4f8   0x0800e4f8   0x000000e0   Code   RO         6157    i.__kernel_cos      m_wv.l(cos_i.o)
    0x0800e5d8   0x0800e5d8   0x00000070   Code   RO         6182    i.__kernel_poly     m_wv.l(poly.o)
    0x0800e648   0x0800e648   0x000000a8   Code   RO         6189    i.__kernel_sin      m_wv.l(sin_i.o)
    0x0800e6f0   0x0800e6f0   0x00000006   Code   RO         6161    i.__mathlib_dbl_infnan  m_wv.l(dunder.o)
    0x0800e6f6   0x0800e6f6   0x00000002   PAD
    0x0800e6f8   0x0800e6f8   0x00000018   Code   RO         6163    i.__mathlib_dbl_invalid  m_wv.l(dunder.o)
    0x0800e710   0x0800e710   0x00000018   Code   RO         6166    i.__mathlib_dbl_underflow  m_wv.l(dunder.o)
    0x0800e728   0x0800e728   0x0000000e   Code   RO         6242    i.__scatterload_copy  mc_w.l(handlers.o)
    0x0800e736   0x0800e736   0x00000002   Code   RO         6243    i.__scatterload_null  mc_w.l(handlers.o)
    0x0800e738   0x0800e738   0x0000000e   Code   RO         6244    i.__scatterload_zeroinit  mc_w.l(handlers.o)
    0x0800e746   0x0800e746   0x00000002   PAD
    0x0800e748   0x0800e748   0x0000000c   Code   RO         6218    i.__set_errno       mc_w.l(errno.o)
    0x0800e754   0x0800e754   0x00000154   Code   RO         5948    i._printf_core      mc_w.l(printf1.o)
    0x0800e8a8   0x0800e8a8   0x0000037c   Code   RO         5353    i.angle_Clear       ctrl_schedule.o
    0x0800ec24   0x0800ec24   0x00000058   Code   RO         5707    i.curve_Sin         target.o
    0x0800ec7c   0x0800ec7c   0x00000018   Code   RO         6176    i.fabs              m_wv.l(fabs.o)
    0x0800ec94   0x0800ec94   0x00000068   Code   RO         5300    i.forward_Value     control.o
    0x0800ecfc   0x0800ecfc   0x00000020   Code   RO          496    i.fputc             usart.o
    0x0800ed1c   0x0800ed1c   0x00000060   Code   RO         5756    i.fuzzy_controler_Init  fc_pid.o
    0x0800ed7c   0x0800ed7c   0x00000016   Code   RO          372    i.getTIMx_DetaCnt   tim.o
    0x0800ed92   0x0800ed92   0x00000002   PAD
    0x0800ed94   0x0800ed94   0x0000003c   Code   RO         5757    i.limit_Float       fc_pid.o
    0x0800edd0   0x0800edd0   0x000004cc   Code   RO           17    i.main              main.o
    0x0800f29c   0x0800f29c   0x00000446   Code   RO         5709    i.motor_Angle_d_Caculate  target.o
    0x0800f6e2   0x0800f6e2   0x00000002   PAD
    0x0800f6e4   0x0800f6e4   0x00000220   Code   RO         5710    i.target_Progress   target.o
    0x0800f904   0x0800f904   0x00000008   Data   RO         1963    .constdata          stm32h7xx_hal_dma.o
    0x0800f90c   0x0800f90c   0x00000018   Data   RO         4787    .constdata          stm32h7xx_hal_uart.o
    0x0800f924   0x0800f924   0x00000010   Data   RO         5157    .constdata          stm32h7xx_hal_uart_ex.o
    0x0800f934   0x0800f934   0x00000010   Data   RO         5261    .constdata          system_stm32h7xx.o
    0x0800f944   0x0800f944   0x00000004   PAD
    0x0800f948   0x0800f948   0x00000098   Data   RO         5854    .constdata          m_wv.l(atan.o)
    0x0800f9e0   0x0800f9e0   0x00000030   Data   RO         6158    .constdata          m_wv.l(cos_i.o)
    0x0800fa10   0x0800fa10   0x000000c8   Data   RO         6186    .constdata          m_wv.l(rred.o)
    0x0800fad8   0x0800fad8   0x00000028   Data   RO         6190    .constdata          m_wv.l(sin_i.o)
    0x0800fb00   0x0800fb00   0x00000030   Data   RO         6240    Region$$Table       anon$$obj.o


    Execution Region RW_IRAM1 (Exec base: 0x20000000, Load base: 0x0800fb30, Size: 0x00000000, Max: 0x00020000, ABSOLUTE)

    **** No section assigned to this execution region ****


    Execution Region RW_IRAM2 (Exec base: 0x24000000, Load base: 0x0800fb30, Size: 0x00025218, Max: 0x00080000, ABSOLUTE, COMPRESSED[0x00000094])

    Exec Addr    Load Addr    Size         Type   Attr      Idx    E Section Name        Object

    0x24000000   COMPRESSED   0x00000029   Data   RW           21    .data               main.o
    0x24000029   COMPRESSED   0x00000002   Data   RW          498    .data               usart.o
    0x2400002b   COMPRESSED   0x00000001   PAD
    0x2400002c   COMPRESSED   0x00000009   Data   RW         2847    .data               stm32h7xx_hal.o
    0x24000035   COMPRESSED   0x00000003   PAD
    0x24000038   COMPRESSED   0x00000008   Data   RW         5262    .data               system_stm32h7xx.o
    0x24000040   COMPRESSED   0x0000002c   Data   RW         5425    .data               dataex.o
    0x2400006c   COMPRESSED   0x0000000e   Data   RW         5542    .data               key.o
    0x2400007a   COMPRESSED   0x00000002   Data   RW         5638    .data               motor.o
    0x2400007c   COMPRESSED   0x0000028e   Data   RW         5760    .data               fc_pid.o
    0x2400030a   COMPRESSED   0x00000002   PAD
    0x2400030c   COMPRESSED   0x00000004   Data   RW         6209    .data               mc_w.l(stdout.o)
    0x24000310   COMPRESSED   0x00000004   Data   RW         6219    .data               mc_w.l(errno.o)
    0x24000314        -       0x000001b8   Zero   RW          287    .bss                adc.o
    0x240004cc        -       0x00000344   Zero   RW          373    .bss                tim.o
    0x24000810        -       0x000002f0   Zero   RW          497    .bss                usart.o
    0x24000b00        -       0x00000210   Zero   RW         5301    .bss                control.o
    0x24000d10        -       0x0000036a   Zero   RW         5424    .bss                dataex.o
    0x2400107a   COMPRESSED   0x00000002   PAD
    0x2400107c        -       0x000000d8   Zero   RW         5637    .bss                motor.o
    0x24001154        -       0x00000a10   Zero   RW         5759    .bss                fc_pid.o
    0x24001b64        -       0x000232b0   Zero   RW         5825    .bss                inv_kine.o
    0x24024e14   COMPRESSED   0x00000004   PAD
    0x24024e18        -       0x00000400   Zero   RW            1    STACK               startup_stm32h743xx.o


    Execution Region RW_IRAM4 (Exec base: 0x38000000, Load base: 0x0800fbc4, Size: 0x00000038, Max: 0x00010000, ABSOLUTE)

    Exec Addr    Load Addr    Size         Type   Attr      Idx    E Section Name        Object

    0x38000000   0x0800fbc4   0x00000038   Data   RW           20    .RAM_D3             main.o


==============================================================================

Image component sizes


      Code (inc. data)   RO Data    RW Data    ZI Data      Debug   Object Name

      1000         88          0          0        440       3178   adc.o
       538         58          0          0        528       4626   control.o
       892         66          0          0          0       2139   ctrl_schedule.o
      7844        628          0         44        874      49893   dataex.o
        68          4          0          0          0        906   dma.o
      2836        246          0        654       2576       7262   fc_pid.o
       312         16          0          0          0       1219   gpio.o
       720         34          0          0     144048       2598   inv_kine.o
      1626        146          0         14          0       9363   key.o
      1618        226          0         97          0    1355795   main.o
      1544        156          0          2        216       7956   motor.o
        36          8        664          0       1024        844   startup_stm32h743xx.o
       292         58          0          9          0      24124   stm32h7xx_hal.o
      3370        230          0          0          0      78748   stm32h7xx_hal_adc.o
       560         30          0          0          0      64005   stm32h7xx_hal_adc_ex.o
       510         38          0          0          0      42381   stm32h7xx_hal_cortex.o
      8662        168          8          0          0      13402   stm32h7xx_hal_dma.o
       556         52          0          0          0       3584   stm32h7xx_hal_gpio.o
        36          4          0          0          0        946   stm32h7xx_hal_msp.o
        96          6          0          0          0        781   stm32h7xx_hal_pwr_ex.o
      3552        108          0          0          0       7044   stm32h7xx_hal_rcc.o
      7220        180          0          0          0      10747   stm32h7xx_hal_rcc_ex.o
      3524        284          0          0          0      20359   stm32h7xx_hal_tim.o
       390         38          0          0          0       4128   stm32h7xx_hal_tim_ex.o
      5484        186         24          0          0      38158   stm32h7xx_hal_uart.o
       360         10         16          0          0       5606   stm32h7xx_hal_uart_ex.o
       130         36          0          0          0       7320   stm32h7xx_it.o
       252         40         16          8          0       1426   system_stm32h7xx.o
      1726        124          0          0          0       3346   target.o
      2870        210          0          0        836      12445   tim.o
      1340        106          0          2        752       7541   usart.o

    ----------------------------------------------------------------------
     60004       3588        780        836     151300    1791870   Object Totals
         0          0         48          0          0          0   (incl. Generated)
        40          4          4          6          6          0   (incl. Padding)

    ----------------------------------------------------------------------

      Code (inc. data)   RO Data    RW Data    ZI Data      Debug   Library Member Name

       512        110        152          0          0        224   atan.o
       176         18          0          0          0        156   cos.o
       224         42         48          0          0        184   cos_i.o
        54         28          0          0          0        348   dunder.o
        24          0          0          0          0        124   fabs.o
        48          0          0          0          0        124   fpclassify.o
       112          0          0          0          0        116   poly.o
       784        138        200          0          0        172   rred.o
       176         18          0          0          0        160   sin.o
       168         24         40          0          0        196   sin_i.o
        86          0          0          0          0          0   __dczerorl2.o
         0          0          0          0          0          0   entry.o
         0          0          0          0          0          0   entry10a.o
         0          0          0          0          0          0   entry11a.o
         8          4          0          0          0          0   entry2.o
         4          0          0          0          0          0   entry5.o
         0          0          0          0          0          0   entry7b.o
         0          0          0          0          0          0   entry8b.o
         8          4          0          0          0          0   entry9a.o
        12          6          0          4          0         68   errno.o
        30          0          0          0          0          0   handlers.o
        36          8          0          0          0         68   init.o
         0          0          0          0          0          0   iusefp.o
        30          0          0          0          0         68   llshl.o
        32          0          0          0          0         68   llushr.o
        36          0          0          0          0        108   memseta.o
       372         14          0          0          0        184   printf1.o
         0          0          0          4          0          0   stdout.o
        44          0          0          0          0         80   uidiv.o
        98          0          0          0          0         92   uldiv.o

    ----------------------------------------------------------------------
      3080        414        440          8          0       2540   Library Totals
         6          0          0          0          0          0   (incl. Padding)

    ----------------------------------------------------------------------

      Code (inc. data)   RO Data    RW Data    ZI Data      Debug   Library Name

      2278        378        440          0          0       1804   m_wv.l
       796         36          0          8          0        736   mc_w.l

    ----------------------------------------------------------------------
      3080        414        440          8          0       2540   Library Totals

    ----------------------------------------------------------------------

==============================================================================


      Code (inc. data)   RO Data    RW Data    ZI Data      Debug   

     63084       4002       1220        844     151300    1772634   Grand Totals
     63084       4002       1220        204     151300    1772634   ELF Image Totals (compressed)
     63084       4002       1220        204          0          0   ROM Totals

==============================================================================

    Total RO  Size (Code + RO Data)                64304 (  62.80kB)
    Total RW  Size (RW Data + ZI Data)            152144 ( 148.58kB)
    Total ROM Size (Code + RO Data + RW Data)      64508 (  63.00kB)

==============================================================================

