<html>
<body>
<pre>
<h1>礦ision Build Log</h1>
<h2>Tool Versions:</h2>
IDE-Version: μVision V5.25.2.0
Copyright (C) 2018 ARM Ltd and ARM Germany GmbH. All rights reserved.
License Information: a xing_jiyuan@163.com, aa, LIC=JDA0P-MBG8M-79ZG1-CCH0W-TK5DN-QRBA2
 
Tool Versions:
Toolchain:       MDK-ARM Professional  Version: 5.25.2.0
Toolchain Path:  D:\Keil_v5\ARM\ARMCC\Bin
C Compiler:      Armcc.exe V5.06 update 6 (build 750)
Assembler:       Armasm.exe V5.06 update 6 (build 750)
Linker/Locator:  ArmLink.exe V5.06 update 6 (build 750)
Library Manager: ArmAr.exe V5.06 update 6 (build 750)
Hex Converter:   FromElf.exe V5.06 update 6 (build 750)
CPU DLL:         SARMCM3.DLL V5.25.2.0
Dialog DLL:      DCM.DLL V1.17.1.0
Target DLL:      STLink\ST-LINKIII-KEIL_SWO.dll V3.0.1.0
Dialog DLL:      TCM.DLL V1.35.1.0
 
<h2>Project:</h2>
D:\CubeDocument\all_Shangweiji\12.上位机基本完成版（做实验）0.2\H743vit60217\MDK-ARM\h743vit6.uvprojx
Project File Date:  04/04/2023

<h2>Output:</h2>
*** Using Compiler 'V5.06 update 6 (build 750)', folder: 'D:\Keil_v5\ARM\ARMCC\Bin'
Build target 'h743vit6'
compiling FC_PID.c...
user\FC_PID.c(272): warning:  #1035-D: single-precision operand implicitly converted to double-precision
          Motor1.Target = +Left_InvKine.angle_M1_d[cnt]  * 0.5 * (1 + sin(3.1416 * (time * 0.5 - 0.5)));
user\FC_PID.c(272): warning:  #1035-D: single-precision operand implicitly converted to double-precision
          Motor1.Target = +Left_InvKine.angle_M1_d[cnt]  * 0.5 * (1 + sin(3.1416 * (time * 0.5 - 0.5)));
user\FC_PID.c(273): warning:  #1035-D: single-precision operand implicitly converted to double-precision
          Motor2.Target =  Left_InvKine.angle_M2_d[cnt]  * 0.5 * (1 + sin(3.1416 * (time * 0.5 - 0.5)));
user\FC_PID.c(273): warning:  #1035-D: single-precision operand implicitly converted to double-precision
          Motor2.Target =  Left_InvKine.angle_M2_d[cnt]  * 0.5 * (1 + sin(3.1416 * (time * 0.5 - 0.5)));
user\FC_PID.c(274): warning:  #1035-D: single-precision operand implicitly converted to double-precision
          Motor3.Target = -Left_InvKine.angle_M3_d[cnt]  * 0.5 * (1 + sin(3.1416 * (time * 0.5 - 0.5)));
user\FC_PID.c(275): warning:  #1035-D: single-precision operand implicitly converted to double-precision
          Motor4.Target = +Right_InvKine.angle_M1_d[cnt] * 0.5 * (1 + sin(3.1416 * (time * 0.5 - 0.5)));
user\FC_PID.c(275): warning:  #1035-D: single-precision operand implicitly converted to double-precision
          Motor4.Target = +Right_InvKine.angle_M1_d[cnt] * 0.5 * (1 + sin(3.1416 * (time * 0.5 - 0.5)));
user\FC_PID.c(276): warning:  #1035-D: single-precision operand implicitly converted to double-precision
          Motor5.Target =  Right_InvKine.angle_M2_d[cnt] * 0.5 * (1 + sin(3.1416 * (time * 0.5 - 0.5)));
user\FC_PID.c(276): warning:  #1035-D: single-precision operand implicitly converted to double-precision
          Motor5.Target =  Right_InvKine.angle_M2_d[cnt] * 0.5 * (1 + sin(3.1416 * (time * 0.5 - 0.5)));
user\FC_PID.c(277): warning:  #1035-D: single-precision operand implicitly converted to double-precision
          Motor6.Target = -Right_InvKine.angle_M3_d[cnt] * 0.5 * (1 + sin(3.1416 * (time * 0.5 - 0.5)));
user\FC_PID.c(277): warning:  #1035-D: single-precision operand implicitly converted to double-precision
          Motor6.Target = -Right_InvKine.angle_M3_d[cnt] * 0.5 * (1 + sin(3.1416 * (time * 0.5 - 0.5)));
user\FC_PID.c: 12 warnings, 0 errors
linking...
Program Size: Code=64056 RO-data=1248 RW-data=1112 ZI-data=151696  
FromELF: creating hex file...
"h743vit6\h743vit6.axf" - 0 Error(s), 11 Warning(s).

<h2>Software Packages used:</h2>

Package Vendor: ARM
                http://www.keil.com/pack/ARM.CMSIS.5.3.0.pack
                ARM.CMSIS.5.3.0
                CMSIS (Cortex Microcontroller Software Interface Standard)
   * Component: CORE Version: 5.1.1

Package Vendor: Keil
                http://www.keil.com/pack/Keil.STM32H7xx_DFP.2.8.0.pack
                Keil.STM32H7xx_DFP.2.8.0
                STMicroelectronics STM32H7 Series Device Support and Examples

<h2>Collection of Component include folders:</h2>
  .\RTE\_h743vit6
  D:\Keil_v5\ARM\PACK\ARM\CMSIS\5.3.0\CMSIS\Include
  D:\Keil_v5\ARM\PACK\Keil\STM32H7xx_DFP\2.8.0\Drivers\CMSIS\Device\ST\STM32H7xx\Include

<h2>Collection of Component Files used:</h2>

   * Component: ARM::CMSIS:CORE:5.1.1
Build Time Elapsed:  00:00:05
</pre>
</body>
</html>
